[2026-09-29 16:19:57.825 thread:93798 info init.cc:218]:EmbOSA runtime version: V9.1.2
[2026-09-29 16:19:57.825 thread:93798 info init.h:15]:EmbOSA build version: V9.1.2
[2026-09-29 16:19:57.826 thread:93798 info dds_participant.cc:138]:set participant discovery callback.
[2026-09-29 16:19:57.826 thread:93798 info dds_participant.cc:163]:Local Interface IPs:
[2026-09-29 16:19:57.826 thread:93798 info dds_participant.cc:165]:192.168.100.88
[2026-09-29 16:19:57.826 thread:93798 info dds_participant.cc:168]:Peer List IPs:
[2026-09-29 16:19:57.826 thread:93798 info dds_participant.cc:170]:192.168.100.66
[2026-09-29 16:19:57.849 thread:93820 info topology_manager.cc:150]:discovery participant name:galbot-echo+89964_embosa_0
[2026-09-29 16:19:57.851 thread:93820 info topology_manager.cc:150]:discovery participant name:galbot-echo+90167_embosa_0
[2026-09-29 16:19:57.852 thread:93820 info topology_manager.cc:150]:discovery participant name:galbot-echo+3801_embosa_0
[2026-09-29 16:19:57.854 thread:93820 info topology_manager.cc:150]:discovery participant name:galbot-echo+89961_embosa_0
[2026-09-29 16:19:57.855 thread:93820 info topology_manager.cc:150]:discovery participant name:galbot-echo+89968_embosa_0
[2026-09-29 16:19:57.856 thread:93820 info topology_manager.cc:150]:discovery participant name:galbot-echo+89901_embosa_0
[2026-09-29 16:19:57.858 thread:93820 info topology_manager.cc:150]:discovery participant name:galbot-echo+90168_embosa_0
[2026-09-29 16:19:57.865 thread:93820 info topology_manager.cc:150]:discovery participant name:galbot-echo+90181_embosa_0
[2026-09-29 16:19:57.865 thread:93798 info dds_node_factory.cpp:344]:Successfully created DataWriter for topic: embosa_node_change_broadcast
[2026-09-29 16:19:57.865 thread:93798 info threadpool.cpp:20]:hardware concurrency count: 12
[2026-09-29 16:19:57.866 thread:93798 info dds_node_factory.cpp:420]:Topic already exists: embosa_node_change_broadcast
[2026-09-29 16:19:57.868 thread:93798 info dds_pub_listener.cc:19]:DDSPubListener matched. topic: embosa_node_change_broadcast, total match count: 1, current match count: 1
[2026-09-29 16:19:57.868 thread:93798 info dds_sub_serialization_listener.h:573]:DDSSubSerializationListener matched. topic: embosa_node_change_broadcast, total match count: 1, current match count: 1
[2026-09-29 16:19:57.871 thread:93798 info dds_node_factory.cpp:526]:Successfully created DataReader for topic: embosa_node_change_broadcast
[2026-09-29 16:19:57.873 thread:93820 info topology_manager.cc:150]:discovery participant name:galbot-echo+90184_embosa_0
[2026-09-29 16:19:57.878 thread:93798 info dds_node_factory.cpp:344]:Successfully created DataWriter for topic: embosa_channel_change_broadcast
[2026-09-29 16:19:57.878 thread:93798 info dds_node_factory.cpp:420]:Topic already exists: embosa_channel_change_broadcast
[2026-09-29 16:19:57.888 thread:93820 info topology_manager.cc:150]:discovery participant name:galbot-echo+90174_embosa_0
[2026-09-29 16:19:57.891 thread:93798 info dds_pub_listener.cc:19]:DDSPubListener matched. topic: embosa_channel_change_broadcast, total match count: 1, current match count: 1
[2026-09-29 16:19:57.891 thread:93798 info dds_sub_serialization_listener.h:573]:DDSSubSerializationListener matched. topic: embosa_channel_change_broadcast, total match count: 1, current match count: 1
[2026-09-29 16:19:57.891 thread:93798 info dds_node_factory.cpp:526]:Successfully created DataReader for topic: embosa_channel_change_broadcast
[2026-09-29 16:19:57.893 thread:93820 info topology_manager.cc:150]:discovery participant name:galbot-echo+90170_embosa_0
[2026-09-29 16:19:57.898 thread:93821 info topology_manager.cc:150]:discovery participant name:galbot-xcu+3951_embosa_0
[2026-09-29 16:19:57.901 thread:93821 info topology_manager.cc:150]:discovery participant name:galbot-xcu+3622_embosa_0
[2026-09-29 16:19:57.906 thread:93798 info dds_node_factory.cpp:344]:Successfully created DataWriter for topic: embosa_service_change_broadcast
[2026-09-29 16:19:57.906 thread:93820 info topology_manager.cc:150]:discovery participant name:galbot-echo+90165_embosa_0
[2026-09-29 16:19:57.906 thread:93798 info dds_node_factory.cpp:420]:Topic already exists: embosa_service_change_broadcast
[2026-09-29 16:19:57.912 thread:93820 info topology_manager.cc:150]:discovery participant name:galbot-echo+90176_embosa_0
[2026-09-29 16:19:57.915 thread:93820 info topology_manager.cc:150]:discovery participant name:galbot-echo+90175_embosa_0
[2026-09-29 16:19:57.921 thread:93821 info topology_manager.cc:150]:discovery participant name:galbot-xcu+3924_embosa_0
[2026-09-29 16:19:57.924 thread:93821 info topology_manager.cc:150]:discovery participant name:galbot-xcu+3614_embosa_0
[2026-09-29 16:19:57.927 thread:93821 info topology_manager.cc:150]:discovery participant name:galbot-xcu+3615_embosa_0
[2026-09-29 16:19:57.927 thread:93798 info dds_pub_listener.cc:19]:DDSPubListener matched. topic: embosa_service_change_broadcast, total match count: 1, current match count: 1
[2026-09-29 16:19:57.927 thread:93798 info dds_sub_serialization_listener.h:573]:DDSSubSerializationListener matched. topic: embosa_service_change_broadcast, total match count: 1, current match count: 1
[2026-09-29 16:19:57.933 thread:93798 info dds_node_factory.cpp:526]:Successfully created DataReader for topic: embosa_service_change_broadcast
[2026-09-29 16:19:57.933 thread:93798 info dds_participant.cc:99]:transport no support. Use default transport: DEFAULT_UDP_SHM_TRANSPORT.
[2026-09-29 16:19:57.963 thread:93821 info topology_manager.cc:150]:discovery participant name:galbot-xcu+3617_embosa_0
[2026-09-29 16:19:57.966 thread:93821 info topology_manager.cc:150]:discovery participant name:galbot-xcu+3618_embosa_0
[2026-09-29 16:19:57.974 thread:93821 info topology_manager.cc:150]:discovery participant name:galbot-xcu+3616_embosa_0
[2026-09-29 16:19:57.979 thread:93821 info topology_manager.cc:150]:discovery participant name:galbot-xcu+3620_embosa_0
[2026-09-29 16:19:57.983 thread:93821 info topology_manager.cc:150]:discovery participant name:galbot-xcu+3619_embosa_0
[2026-09-29 16:19:57.986 thread:93798 info dds_node_factory.cpp:526]:Successfully created DataReader for topic: /left_arm_camera/color/image_raw
[2026-09-29 16:19:57.987 thread:93821 info topology_manager.cc:150]:discovery participant name:galbot-xcu+3517_embosa_0
[2026-09-29 16:19:57.990 thread:93821 info dds_pub_listener.cc:19]:DDSPubListener matched. topic: embosa_node_change_broadcast, total match count: 2, current match count: 2
[2026-09-29 16:19:57.992 thread:93821 info dds_pub_listener.cc:19]:DDSPubListener matched. topic: embosa_channel_change_broadcast, total match count: 2, current match count: 2
[2026-09-29 16:19:57.992 thread:93821 info dds_pub_listener.cc:19]:DDSPubListener matched. topic: embosa_service_change_broadcast, total match count: 2, current match count: 2
[2026-09-29 16:19:57.992 thread:93821 info dds_sub_serialization_listener.h:573]:DDSSubSerializationListener matched. topic: embosa_node_change_broadcast, total match count: 2, current match count: 2
[2026-09-29 16:19:57.992 thread:93821 info dds_sub_serialization_listener.h:573]:DDSSubSerializationListener matched. topic: embosa_channel_change_broadcast, total match count: 2, current match count: 2
[2026-09-29 16:19:57.992 thread:93821 info dds_sub_serialization_listener.h:573]:DDSSubSerializationListener matched. topic: embosa_service_change_broadcast, total match count: 2, current match count: 2
[2026-09-29 16:19:57.992 thread:93821 info topology_manager.cc:150]:discovery participant name:galbot-xcu+4492_embosa_0
[2026-09-29 16:19:58.001 thread:93820 info topology_manager.cc:150]:discovery participant name:galbot-echo+90764_embosa_0
[2026-09-29 16:19:58.004 thread:93798 info dds_node_factory.cpp:526]:Successfully created DataReader for topic: /left_arm_camera/color/camera_info
[2026-09-29 16:19:58.005 thread:93798 info init.h:15]:EmbOSA build version: V9.1.2
[2026-09-29 16:19:58.005 thread:93820 info topology_manager.cc:150]:discovery participant name:galbot-echo+90171_embosa_0
[2026-09-29 16:19:58.007 thread:93820 info topology_manager.cc:150]:discovery participant name:galbot-echo+90172_embosa_0
[2026-09-29 16:19:58.010 thread:93820 info dds_sub_serialization_listener.h:573]:DDSSubSerializationListener matched. topic: embosa_node_change_broadcast, total match count: 3, current match count: 3
[2026-09-29 16:19:58.010 thread:93820 info dds_sub_serialization_listener.h:573]:DDSSubSerializationListener matched. topic: embosa_channel_change_broadcast, total match count: 3, current match count: 3
[2026-09-29 16:19:58.010 thread:93820 info dds_sub_serialization_listener.h:573]:DDSSubSerializationListener matched. topic: embosa_service_change_broadcast, total match count: 3, current match count: 3
[2026-09-29 16:19:58.011 thread:93816 warning RTPS_TRANSPORT_SHM:117]:DDS Buffer is being invalidated, segment_size may be insufficient
[2026-09-29 16:19:58.020 thread:93820 info dds_pub_listener.cc:19]:DDSPubListener matched. topic: embosa_node_change_broadcast, total match count: 3, current match count: 3
[2026-09-29 16:19:58.020 thread:93816 warning RTPS_TRANSPORT_SHM:508]:DDS (ID:281473559028192) fastrtps_port23911No such file or directory
[2026-09-29 16:19:58.021 thread:93816 warning RTPS_TRANSPORT_SHM:1182]:DDS (ID:281473202483680) Existing Port 23911 (fdabf745ce6ae398) NOT Healthy.
[2026-09-29 16:19:58.021 thread:93816 warning RTPS_TRANSPORT_SHM:1187]:DDS (ID:281473202483680) Port 23911 (fdabf745ce6ae398) Removed.
[2026-09-29 16:19:58.021 thread:93820 info dds_pub_listener.cc:19]:DDSPubListener matched. topic: embosa_channel_change_broadcast, total match count: 3, current match count: 3
[2026-09-29 16:19:58.022 thread:93820 info dds_pub_listener.cc:19]:DDSPubListener matched. topic: embosa_service_change_broadcast, total match count: 3, current match count: 3
[2026-09-29 16:19:58.022 thread:93820 info topology_manager.cc:150]:discovery participant name:galbot-echo+90166_embosa_0
[2026-09-29 16:19:58.023 thread:93798 info dds_node_factory.cpp:526]:Successfully created DataReader for topic: /embosa_tf
[2026-09-29 16:19:58.028 thread:93820 info topology_manager.cc:150]:discovery participant name:galbot-echo+90169_embosa_0
[2026-09-29 16:19:58.030 thread:93798 info dds_node_factory.cpp:526]:Successfully created DataReader for topic: /embosa_tf_static
[2026-09-29 16:19:58.037 thread:93820 info dds_sub_serialization_listener.h:573]:DDSSubSerializationListener matched. topic: embosa_node_change_broadcast, total match count: 4, current match count: 4
[2026-09-29 16:19:58.037 thread:93820 info dds_sub_serialization_listener.h:573]:DDSSubSerializationListener matched. topic: embosa_channel_change_broadcast, total match count: 4, current match count: 4
[2026-09-29 16:19:58.038 thread:93820 info dds_sub_serialization_listener.h:573]:DDSSubSerializationListener matched. topic: embosa_service_change_broadcast, total match count: 4, current match count: 4
[2026-09-29 16:19:58.038 thread:93820 info dds_pub_listener.cc:19]:DDSPubListener matched. topic: embosa_node_change_broadcast, total match count: 4, current match count: 4
[2026-09-29 16:19:58.039 thread:93820 info dds_sub_serialization_listener.h:573]:DDSSubSerializationListener matched. topic: embosa_node_change_broadcast, total match count: 5, current match count: 5
[2026-09-29 16:19:58.039 thread:93820 info dds_pub_listener.cc:19]:DDSPubListener matched. topic: embosa_channel_change_broadcast, total match count: 4, current match count: 4
[2026-09-29 16:19:58.041 thread:93820 info dds_sub_serialization_listener.h:573]:DDSSubSerializationListener matched. topic: embosa_channel_change_broadcast, total match count: 5, current match count: 5
[2026-09-29 16:19:58.042 thread:93820 info dds_pub_listener.cc:19]:DDSPubListener matched. topic: embosa_node_change_broadcast, total match count: 5, current match count: 5
[2026-09-29 16:19:58.042 thread:93820 info dds_pub_listener.cc:19]:DDSPubListener matched. topic: embosa_channel_change_broadcast, total match count: 5, current match count: 5
[2026-09-29 16:19:58.042 thread:93820 info dds_pub_listener.cc:19]:DDSPubListener matched. topic: embosa_service_change_broadcast, total match count: 4, current match count: 4
[2026-09-29 16:19:58.043 thread:93820 info dds_sub_serialization_listener.h:573]:DDSSubSerializationListener matched. topic: embosa_node_change_broadcast, total match count: 6, current match count: 6
[2026-09-29 16:19:58.043 thread:93820 info dds_sub_serialization_listener.h:573]:DDSSubSerializationListener matched. topic: embosa_channel_change_broadcast, total match count: 6, current match count: 6
[2026-09-29 16:19:58.043 thread:93820 info dds_sub_serialization_listener.h:573]:DDSSubSerializationListener matched. topic: embosa_service_change_broadcast, total match count: 5, current match count: 5
[2026-09-29 16:19:58.045 thread:93798 info dds_node_factory.cpp:526]:Successfully created DataReader for topic: /galbot/mission_manager/onboard_config
[2026-09-29 16:19:58.045 thread:93816 warning RTPS_READER:237]:DDS Reader 01.0f.5c.69.66.6e.f4.6b.00.00.00.00|0.0.9.4 was configured to have a large history (5000 max samples), but the history size used with writer 01.0f.5c.69.3f.60.25.50.00.00.00.00|0.0.a.3 will be 7 max samples.
[2026-09-29 16:19:58.045 thread:93820 info dds_sub_serialization_listener.h:573]:DDSSubSerializationListener matched. topic: /embosa_tf, total match count: 1, current match count: 1
[2026-09-29 16:19:58.046 thread:93820 info dds_pub_listener.cc:19]:DDSPubListener matched. topic: embosa_node_change_broadcast, total match count: 6, current match count: 6
[2026-09-29 16:19:58.051 thread:93820 info dds_sub_serialization_listener.h:573]:DDSSubSerializationListener matched. topic: embosa_node_change_broadcast, total match count: 7, current match count: 7
[2026-09-29 16:19:58.051 thread:93820 info dds_sub_serialization_listener.h:573]:DDSSubSerializationListener matched. topic: embosa_channel_change_broadcast, total match count: 7, current match count: 7
[2026-09-29 16:19:58.051 thread:93820 info dds_pub_listener.cc:19]:DDSPubListener matched. topic: embosa_node_change_broadcast, total match count: 7, current match count: 7
[2026-09-29 16:19:58.052 thread:93820 info dds_sub_serialization_listener.h:573]:DDSSubSerializationListener matched. topic: embosa_service_change_broadcast, total match count: 6, current match count: 6
[2026-09-29 16:19:58.053 thread:93821 info dds_sub_serialization_listener.h:573]:DDSSubSerializationListener matched. topic: embosa_node_change_broadcast, total match count: 8, current match count: 8
[2026-09-29 16:19:58.053 thread:93821 info dds_sub_serialization_listener.h:573]:DDSSubSerializationListener matched. topic: embosa_channel_change_broadcast, total match count: 8, current match count: 8
[2026-09-29 16:19:58.054 thread:93821 info dds_sub_serialization_listener.h:573]:DDSSubSerializationListener matched. topic: embosa_service_change_broadcast, total match count: 7, current match count: 7
[2026-09-29 16:19:58.059 thread:93821 info dds_pub_listener.cc:19]:DDSPubListener matched. topic: embosa_node_change_broadcast, total match count: 8, current match count: 8
[2026-09-29 16:19:58.060 thread:93821 info dds_pub_listener.cc:19]:DDSPubListener matched. topic: embosa_channel_change_broadcast, total match count: 6, current match count: 6
[2026-09-29 16:19:58.060 thread:93821 info dds_pub_listener.cc:19]:DDSPubListener matched. topic: embosa_service_change_broadcast, total match count: 5, current match count: 5
[2026-09-29 16:19:58.060 thread:93821 info dds_sub_serialization_listener.h:573]:DDSSubSerializationListener matched. topic: embosa_node_change_broadcast, total match count: 9, current match count: 9
[2026-09-29 16:19:58.060 thread:93821 info dds_sub_serialization_listener.h:573]:DDSSubSerializationListener matched. topic: embosa_channel_change_broadcast, total match count: 9, current match count: 9
[2026-09-29 16:19:58.060 thread:93821 info dds_sub_serialization_listener.h:573]:DDSSubSerializationListener matched. topic: embosa_service_change_broadcast, total match count: 8, current match count: 8
[2026-09-29 16:19:58.060 thread:93821 info dds_sub_serialization_listener.h:573]:DDSSubSerializationListener matched. topic: /galbot/mission_manager/onboard_config, total match count: 1, current match count: 1
[2026-09-29 16:19:58.061 thread:93821 info dds_sub_serialization_listener.h:573]:DDSSubSerializationListener matched. topic: embosa_node_change_broadcast, total match count: 10, current match count: 10
[2026-09-29 16:19:58.061 thread:93821 info dds_sub_serialization_listener.h:573]:DDSSubSerializationListener matched. topic: embosa_channel_change_broadcast, total match count: 10, current match count: 10
[2026-09-29 16:19:58.061 thread:93821 info dds_sub_serialization_listener.h:573]:DDSSubSerializationListener matched. topic: embosa_service_change_broadcast, total match count: 9, current match count: 9
[2026-09-29 16:19:58.062 thread:93821 info dds_pub_listener.cc:19]:DDSPubListener matched. topic: embosa_node_change_broadcast, total match count: 9, current match count: 9
[2026-09-29 16:19:58.062 thread:93821 info dds_pub_listener.cc:19]:DDSPubListener matched. topic: embosa_channel_change_broadcast, total match count: 7, current match count: 7
[2026-09-29 16:19:58.062 thread:93821 info dds_pub_listener.cc:19]:DDSPubListener matched. topic: embosa_service_change_broadcast, total match count: 6, current match count: 6
[2026-09-29 16:19:58.063 thread:93821 info dds_pub_listener.cc:19]:DDSPubListener matched. topic: embosa_node_change_broadcast, total match count: 10, current match count: 10
[2026-09-29 16:19:58.063 thread:93821 info dds_pub_listener.cc:19]:DDSPubListener matched. topic: embosa_channel_change_broadcast, total match count: 8, current match count: 8
[2026-09-29 16:19:58.063 thread:93821 info dds_pub_listener.cc:19]:DDSPubListener matched. topic: embosa_service_change_broadcast, total match count: 7, current match count: 7
[2026-09-29 16:19:58.065 thread:93798 info dds_sub_listener.cc:511]:DDSSubListener matched. topic: bms, total match count: 1, current match count: 1
[2026-09-29 16:19:58.072 thread:93798 info dds_node_factory.cpp:526]:Successfully created DataReader for topic: bms
[2026-09-29 16:19:58.072 thread:93798 info init.h:15]:EmbOSA build version: V9.1.2
[2026-09-29 16:19:58.075 thread:93820 info dds_pub_listener.cc:19]:DDSPubListener matched. topic: embosa_channel_change_broadcast, total match count: 9, current match count: 9
[2026-09-29 16:19:58.076 thread:93820 info dds_pub_listener.cc:19]:DDSPubListener matched. topic: embosa_service_change_broadcast, total match count: 8, current match count: 8
[2026-09-29 16:19:58.076 thread:93820 info dds_pub_listener.cc:19]:DDSPubListener matched. topic: embosa_service_change_broadcast, total match count: 9, current match count: 9
[2026-09-29 16:19:58.077 thread:93798 info dds_node_factory.cpp:344]:Successfully created DataWriter for topic: singorix/wbcs/target
[2026-09-29 16:19:58.087 thread:93820 info dds_sub_serialization_listener.h:573]:DDSSubSerializationListener matched. topic: embosa_service_change_broadcast, total match count: 10, current match count: 10
[2026-09-29 16:19:58.094 thread:93820 info dds_pub_listener.cc:19]:DDSPubListener matched. topic: embosa_node_change_broadcast, total match count: 11, current match count: 11
[2026-09-29 16:19:58.094 thread:93798 info dds_participant.cc:99]:transport no support. Use default transport: DEFAULT_UDP_SHM_TRANSPORT.
[2026-09-29 16:19:58.096 thread:93820 info dds_pub_listener.cc:19]:DDSPubListener matched. topic: embosa_channel_change_broadcast, total match count: 10, current match count: 10
[2026-09-29 16:19:58.096 thread:93820 info dds_pub_listener.cc:19]:DDSPubListener matched. topic: embosa_service_change_broadcast, total match count: 10, current match count: 10
[2026-09-29 16:19:58.097 thread:93820 info dds_pub_listener.cc:19]:DDSPubListener matched. topic: embosa_node_change_broadcast, total match count: 12, current match count: 12
[2026-09-29 16:19:58.098 thread:93820 info dds_pub_listener.cc:19]:DDSPubListener matched. topic: embosa_channel_change_broadcast, total match count: 11, current match count: 11
[2026-09-29 16:19:58.107 thread:93820 info dds_pub_listener.cc:19]:DDSPubListener matched. topic: embosa_node_change_broadcast, total match count: 13, current match count: 13
[2026-09-29 16:19:58.108 thread:93820 info dds_pub_listener.cc:19]:DDSPubListener matched. topic: embosa_channel_change_broadcast, total match count: 12, current match count: 12
[2026-09-29 16:19:58.108 thread:93820 info dds_pub_listener.cc:19]:DDSPubListener matched. topic: embosa_service_change_broadcast, total match count: 11, current match count: 11
[2026-09-29 16:19:58.109 thread:93820 info dds_sub_serialization_listener.h:573]:DDSSubSerializationListener matched. topic: embosa_node_change_broadcast, total match count: 11, current match count: 11
[2026-09-29 16:19:58.109 thread:93820 info dds_sub_serialization_listener.h:573]:DDSSubSerializationListener matched. topic: embosa_channel_change_broadcast, total match count: 11, current match count: 11
[2026-09-29 16:19:58.109 thread:93820 info dds_sub_serialization_listener.h:573]:DDSSubSerializationListener matched. topic: embosa_service_change_broadcast, total match count: 11, current match count: 11
[2026-09-29 16:19:58.114 thread:93820 info dds_pub_listener.cc:19]:DDSPubListener matched. topic: embosa_node_change_broadcast, total match count: 14, current match count: 14
[2026-09-29 16:19:58.114 thread:93820 info dds_pub_listener.cc:19]:DDSPubListener matched. topic: embosa_channel_change_broadcast, total match count: 13, current match count: 13
[2026-09-29 16:19:58.114 thread:93820 info dds_pub_listener.cc:19]:DDSPubListener matched. topic: embosa_service_change_broadcast, total match count: 12, current match count: 12
[2026-09-29 16:19:58.115 thread:93820 info dds_sub_serialization_listener.h:573]:DDSSubSerializationListener matched. topic: embosa_node_change_broadcast, total match count: 12, current match count: 12
[2026-09-29 16:19:58.116 thread:93820 info dds_sub_serialization_listener.h:573]:DDSSubSerializationListener matched. topic: embosa_channel_change_broadcast, total match count: 12, current match count: 12
[2026-09-29 16:19:58.116 thread:93820 info dds_sub_serialization_listener.h:573]:DDSSubSerializationListener matched. topic: embosa_service_change_broadcast, total match count: 12, current match count: 12
[2026-09-29 16:19:58.116 thread:93820 info dds_sub_serialization_listener.h:573]:DDSSubSerializationListener matched. topic: /embosa_tf, total match count: 2, current match count: 2
[2026-09-29 16:19:58.117 thread:93798 info dds_node_factory.cpp:344]:Successfully created DataWriter for topic: singorix/wbcs/target_server__RPC__REQUEST
[2026-09-29 16:19:58.117 thread:93798 info dds_participant.cc:99]:transport no support. Use default transport: DEFAULT_UDP_SHM_TRANSPORT.
[2026-09-29 16:19:58.118 thread:93816 warning RTPS_READER:237]:DDS Reader 01.0f.5c.69.66.6e.f4.6b.00.00.00.00|0.0.9.4 was configured to have a large history (5000 max samples), but the history size used with writer 01.0f.5c.69.39.60.39.87.00.00.00.00|0.0.c.3 will be 7 max samples.
[2026-09-29 16:19:58.122 thread:93820 info dds_sub_serialization_listener.h:573]:DDSSubSerializationListener matched. topic: embosa_node_change_broadcast, total match count: 13, current match count: 13
[2026-09-29 16:19:58.122 thread:93820 info dds_sub_serialization_listener.h:573]:DDSSubSerializationListener matched. topic: embosa_node_change_broadcast, total match count: 14, current match count: 14
[2026-09-29 16:19:58.122 thread:93820 info dds_sub_serialization_listener.h:573]:DDSSubSerializationListener matched. topic: embosa_channel_change_broadcast, total match count: 13, current match count: 13
[2026-09-29 16:19:58.122 thread:93820 info dds_sub_serialization_listener.h:573]:DDSSubSerializationListener matched. topic: embosa_service_change_broadcast, total match count: 13, current match count: 13
[2026-09-29 16:19:58.133 thread:93821 info dds_sub_serialization_listener.h:573]:DDSSubSerializationListener matched. topic: embosa_node_change_broadcast, total match count: 15, current match count: 15
[2026-09-29 16:19:58.140 thread:93821 info dds_sub_serialization_listener.h:573]:DDSSubSerializationListener matched. topic: embosa_channel_change_broadcast, total match count: 14, current match count: 14
[2026-09-29 16:19:58.140 thread:93821 info dds_sub_serialization_listener.h:573]:DDSSubSerializationListener matched. topic: embosa_service_change_broadcast, total match count: 14, current match count: 14
[2026-09-29 16:19:58.140 thread:93821 info dds_pub_listener.cc:19]:DDSPubListener matched. topic: embosa_node_change_broadcast, total match count: 15, current match count: 15
[2026-09-29 16:19:58.141 thread:93821 info dds_pub_listener.cc:19]:DDSPubListener matched. topic: embosa_channel_change_broadcast, total match count: 14, current match count: 14
[2026-09-29 16:19:58.141 thread:93821 info dds_pub_listener.cc:19]:DDSPubListener matched. topic: embosa_service_change_broadcast, total match count: 13, current match count: 13
[2026-09-29 16:19:58.151 thread:93798 info dds_node_factory.cpp:526]:Successfully created DataReader for topic: singorix/wbcs/target_server__RPC__RESPONSE
[2026-09-29 16:19:58.153 thread:93798 info dds_participant.cc:99]:transport no support. Use default transport: DEFAULT_UDP_SHM_TRANSPORT.
[2026-09-29 16:19:58.153 thread:93820 info dds_sub_serialization_listener.h:573]:DDSSubSerializationListener matched. topic: embosa_channel_change_broadcast, total match count: 15, current match count: 15
[2026-09-29 16:19:58.160 thread:93820 info dds_sub_serialization_listener.h:573]:DDSSubSerializationListener matched. topic: embosa_service_change_broadcast, total match count: 15, current match count: 15
[2026-09-29 16:19:58.162 thread:93821 info dds_sub_serialization_listener.h:573]:DDSSubSerializationListener matched. topic: embosa_node_change_broadcast, total match count: 16, current match count: 16
[2026-09-29 16:19:58.162 thread:93821 info dds_sub_serialization_listener.h:573]:DDSSubSerializationListener matched. topic: embosa_channel_change_broadcast, total match count: 16, current match count: 16
[2026-09-29 16:19:58.162 thread:93821 info dds_sub_serialization_listener.h:573]:DDSSubSerializationListener matched. topic: embosa_service_change_broadcast, total match count: 16, current match count: 16
[2026-09-29 16:19:58.162 thread:93821 info dds_pub_listener.cc:19]:DDSPubListener matched. topic: embosa_node_change_broadcast, total match count: 16, current match count: 16
[2026-09-29 16:19:58.162 thread:93821 info dds_pub_listener.cc:19]:DDSPubListener matched. topic: embosa_channel_change_broadcast, total match count: 15, current match count: 15
[2026-09-29 16:19:58.162 thread:93821 info dds_pub_listener.cc:19]:DDSPubListener matched. topic: embosa_service_change_broadcast, total match count: 14, current match count: 14
[2026-09-29 16:19:58.166 thread:93820 info dds_pub_listener.cc:19]:DDSPubListener matched. topic: embosa_node_change_broadcast, total match count: 17, current match count: 17
[2026-09-29 16:19:58.166 thread:93820 info dds_pub_listener.cc:19]:DDSPubListener matched. topic: embosa_channel_change_broadcast, total match count: 16, current match count: 16
[2026-09-29 16:19:58.166 thread:93820 info dds_pub_listener.cc:19]:DDSPubListener matched. topic: embosa_service_change_broadcast, total match count: 15, current match count: 15
[2026-09-29 16:19:58.170 thread:93798 info dds_node_factory.cpp:344]:Successfully created DataWriter for topic: singorix/wbcs/controller_server__RPC__REQUEST
[2026-09-29 16:19:58.170 thread:93798 info dds_participant.cc:99]:transport no support. Use default transport: DEFAULT_UDP_SHM_TRANSPORT.
[2026-09-29 16:19:58.211 thread:93816 warning RTPS_TRANSPORT_SHM:508]:DDS (ID:281472753721824) fastrtps_port23911No such file or directory
[2026-09-29 16:19:58.211 thread:93816 warning RTPS_TRANSPORT_SHM:1182]:DDS (ID:281472753721824) Existing Port 23911 (3fb27adea065fad1) NOT Healthy.
[2026-09-29 16:19:58.211 thread:93816 warning RTPS_TRANSPORT_SHM:1187]:DDS (ID:281472753721824) Port 23911 (3fb27adea065fad1) Removed.
[2026-09-29 16:19:58.214 thread:93820 info dds_sub_serialization_listener.h:573]:DDSSubSerializationListener matched. topic: embosa_node_change_broadcast, total match count: 17, current match count: 17
[2026-09-29 16:19:58.214 thread:93820 info dds_sub_serialization_listener.h:573]:DDSSubSerializationListener matched. topic: embosa_channel_change_broadcast, total match count: 17, current match count: 17
[2026-09-29 16:19:58.215 thread:93820 info dds_sub_serialization_listener.h:573]:DDSSubSerializationListener matched. topic: embosa_service_change_broadcast, total match count: 17, current match count: 17
[2026-09-29 16:19:58.216 thread:93798 info dds_node_factory.cpp:526]:Successfully created DataReader for topic: singorix/wbcs/controller_server__RPC__RESPONSE
[2026-09-29 16:19:58.224 thread:93820 info dds_pub_listener.cc:19]:DDSPubListener matched. topic: embosa_node_change_broadcast, total match count: 18, current match count: 18
[2026-09-29 16:19:58.225 thread:93820 info dds_pub_listener.cc:19]:DDSPubListener matched. topic: embosa_channel_change_broadcast, total match count: 17, current match count: 17
[2026-09-29 16:19:58.225 thread:93820 info dds_pub_listener.cc:19]:DDSPubListener matched. topic: embosa_service_change_broadcast, total match count: 16, current match count: 16
[2026-09-29 16:19:58.226 thread:93816 warning RTPS_TRANSPORT_SHM:508]:DDS (ID:281473202483680) fastrtps_port23911No such file or directory
[2026-09-29 16:19:58.228 thread:93798 info dds_node_factory.cpp:526]:Successfully created DataReader for topic: singorix/wbcs/error
[2026-09-29 16:19:58.248 thread:93798 info dds_node_factory.cpp:526]:Successfully created DataReader for topic: singorix/wbcs/wbc_info
[2026-09-29 16:19:58.251 thread:93821 info dds_sub_serialization_listener.h:573]:DDSSubSerializationListener matched. topic: embosa_node_change_broadcast, total match count: 18, current match count: 18
[2026-09-29 16:19:58.251 thread:93821 info dds_sub_serialization_listener.h:573]:DDSSubSerializationListener matched. topic: embosa_channel_change_broadcast, total match count: 18, current match count: 18
[2026-09-29 16:19:58.251 thread:93821 info dds_sub_serialization_listener.h:573]:DDSSubSerializationListener matched. topic: embosa_service_change_broadcast, total match count: 18, current match count: 18
[2026-09-29 16:19:58.251 thread:93821 info dds_sub_serialization_listener.h:573]:DDSSubSerializationListener matched. topic: singorix/wbcs/error, total match count: 1, current match count: 1
[2026-09-29 16:19:58.251 thread:93821 info dds_sub_serialization_listener.h:573]:DDSSubSerializationListener matched. topic: singorix/wbcs/wbc_info, total match count: 1, current match count: 1
[2026-09-29 16:19:58.254 thread:93798 info dds_sub_serialization_listener.h:573]:DDSSubSerializationListener matched. topic: singorix/wbcs/sensor, total match count: 1, current match count: 1
[2026-09-29 16:19:58.275 thread:93798 info dds_node_factory.cpp:526]:Successfully created DataReader for topic: singorix/wbcs/sensor
[2026-09-29 16:19:58.278 thread:93821 info dds_client_sub_serialization_listener.h:383]:DDSClientSubSerializationListener matched. topic: singorix/wbcs/controller_server__RPC__RESPONSE, total match count: 1, current match count: 1
[2026-09-29 16:19:58.278 thread:93821 info dds_client_sub_serialization_listener.h:383]:DDSClientSubSerializationListener matched. topic: singorix/wbcs/target_server__RPC__RESPONSE, total match count: 1, current match count: 1
[2026-09-29 16:19:58.278 thread:93821 info dds_pub_listener.cc:19]:DDSPubListener matched. topic: embosa_node_change_broadcast, total match count: 19, current match count: 19
[2026-09-29 16:19:58.279 thread:93821 info dds_pub_listener.cc:19]:DDSPubListener matched. topic: embosa_channel_change_broadcast, total match count: 18, current match count: 18
[2026-09-29 16:19:58.280 thread:93821 info dds_pub_listener.cc:19]:DDSPubListener matched. topic: embosa_service_change_broadcast, total match count: 17, current match count: 17
[2026-09-29 16:19:58.281 thread:93798 info dds_sub_serialization_listener.h:573]:DDSSubSerializationListener matched. topic: /odom/base_link, total match count: 1, current match count: 1
[2026-09-29 16:19:58.284 thread:93798 info dds_node_factory.cpp:526]:Successfully created DataReader for topic: /odom/base_link
[2026-09-29 16:19:58.300 thread:93798 info dds_serialization_dataclient.hpp:438]:DDSSerializationDataClient: topic: singorix/wbcs/target_server, current pub/sub match different count, pub match count: 0, sub match count: 1
[2026-09-29 16:19:58.312 thread:93820 info dds_pub_listener.cc:19]:DDSPubListener matched. topic: embosa_node_change_broadcast, total match count: 20, current match count: 20
[2026-09-29 16:19:58.318 thread:93820 info dds_pub_listener.cc:19]:DDSPubListener matched. topic: embosa_channel_change_broadcast, total match count: 19, current match count: 19
[2026-09-29 16:19:58.322 thread:93821 info dds_sub_serialization_listener.h:573]:DDSSubSerializationListener matched. topic: embosa_node_change_broadcast, total match count: 19, current match count: 19
[2026-09-29 16:19:58.324 thread:93821 info dds_sub_serialization_listener.h:573]:DDSSubSerializationListener matched. topic: embosa_channel_change_broadcast, total match count: 19, current match count: 19
[2026-09-29 16:19:58.324 thread:93821 info dds_sub_serialization_listener.h:573]:DDSSubSerializationListener matched. topic: embosa_service_change_broadcast, total match count: 19, current match count: 19
[2026-09-29 16:19:58.325 thread:93821 info dds_pub_listener.cc:19]:DDSPubListener matched. topic: embosa_node_change_broadcast, total match count: 21, current match count: 21
[2026-09-29 16:19:58.325 thread:93821 info dds_pub_listener.cc:19]:DDSPubListener matched. topic: embosa_channel_change_broadcast, total match count: 20, current match count: 20
[2026-09-29 16:19:58.325 thread:93821 info dds_pub_listener.cc:19]:DDSPubListener matched. topic: embosa_service_change_broadcast, total match count: 18, current match count: 18
[2026-09-29 16:19:58.325 thread:93821 info dds_pub_listener.cc:19]:DDSPubListener matched. topic: embosa_node_change_broadcast, total match count: 22, current match count: 22
[2026-09-29 16:19:58.325 thread:93821 info dds_pub_listener.cc:19]:DDSPubListener matched. topic: embosa_channel_change_broadcast, total match count: 21, current match count: 21
[2026-09-29 16:19:58.325 thread:93821 info dds_pub_listener.cc:19]:DDSPubListener matched. topic: embosa_service_change_broadcast, total match count: 19, current match count: 19
[2026-09-29 16:19:58.326 thread:93820 info dds_pub_listener.cc:19]:DDSPubListener matched. topic: embosa_service_change_broadcast, total match count: 20, current match count: 20
[2026-09-29 16:19:58.328 thread:93820 info dds_sub_serialization_listener.h:573]:DDSSubSerializationListener matched. topic: embosa_node_change_broadcast, total match count: 20, current match count: 20
[2026-09-29 16:19:58.328 thread:93820 info dds_sub_serialization_listener.h:573]:DDSSubSerializationListener matched. topic: embosa_channel_change_broadcast, total match count: 20, current match count: 20
[2026-09-29 16:19:58.328 thread:93820 info dds_sub_serialization_listener.h:573]:DDSSubSerializationListener matched. topic: embosa_service_change_broadcast, total match count: 20, current match count: 20
[2026-09-29 16:19:58.329 thread:93820 info dds_sub_serialization_listener.h:573]:DDSSubSerializationListener matched. topic: /embosa_tf, total match count: 3, current match count: 3
[2026-09-29 16:19:58.329 thread:93816 warning RTPS_READER:237]:DDS Reader 01.0f.5c.69.66.6e.f4.6b.00.00.00.00|0.0.9.4 was configured to have a large history (5000 max samples), but the history size used with writer 01.0f.5c.69.3b.60.c8.8b.00.00.00.00|0.0.7.3 will be 7 max samples.
[2026-09-29 16:19:58.365 thread:93821 info dds_sub_serialization_listener.h:573]:DDSSubSerializationListener matched. topic: embosa_node_change_broadcast, total match count: 21, current match count: 21
[2026-09-29 16:19:58.366 thread:93821 info dds_sub_serialization_listener.h:573]:DDSSubSerializationListener matched. topic: embosa_channel_change_broadcast, total match count: 21, current match count: 21
[2026-09-29 16:19:58.366 thread:93821 info dds_sub_serialization_listener.h:573]:DDSSubSerializationListener matched. topic: embosa_service_change_broadcast, total match count: 21, current match count: 21
[2026-09-29 16:19:58.366 thread:93821 info dds_pub_listener.cc:19]:DDSPubListener matched. topic: embosa_node_change_broadcast, total match count: 23, current match count: 23
[2026-09-29 16:19:58.367 thread:93821 info dds_pub_listener.cc:19]:DDSPubListener matched. topic: embosa_channel_change_broadcast, total match count: 22, current match count: 22
[2026-09-29 16:19:58.367 thread:93821 info dds_pub_listener.cc:19]:DDSPubListener matched. topic: embosa_service_change_broadcast, total match count: 21, current match count: 21
[2026-09-29 16:19:58.378 thread:93832 error channel_manager.cc:394]:newly added reader(belongs to node[galbot_fusion|galbot_fusion_main|90166])'s message type[galbot.sensor_proto.PointCloud2] does not match the exsited reader(belongs to node[relocalization_server|relocalization_server|90764])'s message type[embosa_plain_message_type].
[2026-09-29 16:19:58.401 thread:93798 info dds_serialization_dataclient.hpp:438]:DDSSerializationDataClient: topic: singorix/wbcs/target_server, current pub/sub match different count, pub match count: 0, sub match count: 1
[2026-09-29 16:19:58.407 thread:93821 info dds_pub_listener.cc:19]:DDSPubListener matched. topic: embosa_node_change_broadcast, total match count: 24, current match count: 24
[2026-09-29 16:19:58.407 thread:93821 info dds_pub_listener.cc:19]:DDSPubListener matched. topic: embosa_channel_change_broadcast, total match count: 23, current match count: 23
[2026-09-29 16:19:58.407 thread:93821 info dds_pub_listener.cc:19]:DDSPubListener matched. topic: embosa_service_change_broadcast, total match count: 22, current match count: 22
[2026-09-29 16:19:58.410 thread:93821 info dds_sub_serialization_listener.h:573]:DDSSubSerializationListener matched. topic: embosa_node_change_broadcast, total match count: 22, current match count: 22
[2026-09-29 16:19:58.410 thread:93821 info dds_sub_serialization_listener.h:573]:DDSSubSerializationListener matched. topic: embosa_channel_change_broadcast, total match count: 22, current match count: 22
[2026-09-29 16:19:58.410 thread:93821 info dds_sub_serialization_listener.h:573]:DDSSubSerializationListener matched. topic: embosa_service_change_broadcast, total match count: 22, current match count: 22
[2026-09-29 16:19:58.414 thread:93821 info dds_sub_serialization_listener.h:573]:DDSSubSerializationListener matched. topic: embosa_node_change_broadcast, total match count: 23, current match count: 23
[2026-09-29 16:19:58.415 thread:93821 info dds_sub_serialization_listener.h:573]:DDSSubSerializationListener matched. topic: embosa_channel_change_broadcast, total match count: 23, current match count: 23
[2026-09-29 16:19:58.415 thread:93821 info dds_sub_serialization_listener.h:573]:DDSSubSerializationListener matched. topic: embosa_service_change_broadcast, total match count: 23, current match count: 23
[2026-09-29 16:19:58.448 thread:93821 info dds_client_pub_listener.cc:20]:DDSClientPubListener matched. topic: singorix/wbcs/controller_server__RPC__REQUEST, total match count: 1, current match count: 1
[2026-09-29 16:19:58.448 thread:93821 info dds_client_pub_listener.cc:20]:DDSClientPubListener matched. topic: singorix/wbcs/target_server__RPC__REQUEST, total match count: 1, current match count: 1
[2026-09-29 16:19:58.448 thread:93821 info dds_pub_listener.cc:19]:DDSPubListener matched. topic: singorix/wbcs/target, total match count: 1, current match count: 1
[2026-09-29 16:19:58.453 thread:93821 info dds_pub_listener.cc:19]:DDSPubListener matched. topic: embosa_node_change_broadcast, total match count: 25, current match count: 25
[2026-09-29 16:19:58.453 thread:93821 info dds_pub_listener.cc:19]:DDSPubListener matched. topic: embosa_channel_change_broadcast, total match count: 24, current match count: 24
[2026-09-29 16:19:58.453 thread:93821 info dds_pub_listener.cc:19]:DDSPubListener matched. topic: embosa_service_change_broadcast, total match count: 23, current match count: 23
[2026-09-29 16:19:58.501 thread:93798 info dds_serialization_dataclient.hpp:409]:Matched server, count: 1, topic: singorix/wbcs/target_server
[2026-09-29 16:19:58.517 thread:93840 error channel_manager.cc:394]:newly added reader(belongs to node[embosa_localization_node|localization_server|90171])'s message type[galbot.sensor_proto.PointCloud2] does not match the exsited reader(belongs to node[relocalization_server|relocalization_server|90764])'s message type[embosa_plain_message_type].
[2026-09-29 16:19:58.527 thread:93840 error channel_manager.cc:380]:newly added reader(belongs to node[gateway_server|gateway_service|3619])'s message type[embosa_plain_message_type] does not match the exsited writer(belongs to node[diagnose_process_node|diagnose|3616])'s message type[galbot.gateway_proto.BusinessFrame].
[2026-09-29 16:19:58.527 thread:93840 error channel_manager.cc:380]:newly added reader(belongs to node[gateway_server|gateway_service|3619])'s message type[embosa_plain_message_type] does not match the exsited writer(belongs to node[aphropm_pns|service_navigation_plan|90172])'s message type[galbot.gateway_proto.BusinessFrame].
[2026-09-29 16:19:58.527 thread:93840 error channel_manager.cc:394]:newly added reader(belongs to node[gateway_server|gateway_service|3619])'s message type[embosa_plain_message_type] does not match the exsited reader(belongs to node[diagnose_demo_node|galbot_chassis_service|3924])'s message type[galbot.gateway_proto.BusinessFrame].
[2026-09-29 16:19:58.533 thread:93816 warning RTPS_TRANSPORT_SHM:1182]:DDS (ID:281472753721824) Existing Port 23911 (45431c04ca356164) NOT Healthy.
[2026-09-29 16:19:58.533 thread:93816 warning RTPS_TRANSPORT_SHM:1187]:DDS (ID:281472753721824) Port 23911 (45431c04ca356164) Removed.
[2026-09-29 16:19:58.597 thread:93821 info dds_sub_serialization_listener.h:573]:DDSSubSerializationListener matched. topic: embosa_node_change_broadcast, total match count: 24, current match count: 24
[2026-09-29 16:19:58.597 thread:93821 info dds_sub_serialization_listener.h:573]:DDSSubSerializationListener matched. topic: embosa_channel_change_broadcast, total match count: 24, current match count: 24
[2026-09-29 16:19:58.597 thread:93821 info dds_sub_serialization_listener.h:573]:DDSSubSerializationListener matched. topic: embosa_service_change_broadcast, total match count: 24, current match count: 24
[2026-09-29 16:19:58.601 thread:93798 info dds_serialization_dataclient.hpp:409]:Matched server, count: 1, topic: singorix/wbcs/controller_server
[2026-09-29 16:19:58.638 thread:93821 info dds_sub_serialization_listener.h:573]:DDSSubSerializationListener matched. topic: /galbot/mission_manager/onboard_config, total match count: 2, current match count: 2
[2026-09-29 16:19:58.701 thread:93798 info init.h:15]:EmbOSA build version: V9.1.2
[2026-09-29 16:19:58.704 thread:93798 info dds_sub_serialization_listener.h:573]:DDSSubSerializationListener matched. topic: /galbot/mic, total match count: 1, current match count: 1
[2026-09-29 16:19:58.704 thread:93816 warning RTPS_READER:237]:DDS Reader 01.0f.5c.69.66.6e.f4.6b.00.00.00.00|0.0.16.4 was configured to have a large history (5000 max samples), but the history size used with writer 01.0f.5c.69.70.5f.45.ee.00.00.00.00|0.0.9.3 will be 14 max samples.
[2026-09-29 16:19:58.705 thread:93798 info dds_node_factory.cpp:526]:Successfully created DataReader for topic: /galbot/mic
[2026-09-29 16:19:58.705 thread:93798 error channel_manager.cc:380]:newly added reader(belongs to node[audio_transceiver_node|python3.11|93798])'s message type[galbot.sensor_proto.Audio] does not match the exsited writer(belongs to node[vtn_mic_node|galbot_vtn|89968])'s message type[galbot.Audio].
[2026-09-29 16:19:58.710 thread:93798 info dds_node_factory.cpp:344]:Successfully created DataWriter for topic: /galbot/spk
[2026-09-29 16:19:58.710 thread:93798 error channel_manager.cc:394]:newly added writer(belongs to node[audio_transceiver_node|python3.11|93798])'s message type[galbot.sensor_proto.Audio] does not match the exsited reader(belongs to node[vtn_spk_node|galbot_vtn|89968])'s message type[galbot.Audio].
[2026-09-29 16:19:58.846 thread:93820 info dds_sub_serialization_listener.h:573]:DDSSubSerializationListener matched. topic: embosa_node_change_broadcast, total match count: 25, current match count: 25
[2026-09-29 16:19:58.847 thread:93820 info dds_sub_serialization_listener.h:573]:DDSSubSerializationListener matched. topic: embosa_node_change_broadcast, total match count: 26, current match count: 26
[2026-09-29 16:19:58.848 thread:93820 info dds_sub_serialization_listener.h:573]:DDSSubSerializationListener matched. topic: embosa_channel_change_broadcast, total match count: 25, current match count: 25
[2026-09-29 16:19:58.851 thread:93820 info dds_sub_serialization_listener.h:573]:DDSSubSerializationListener matched. topic: embosa_service_change_broadcast, total match count: 25, current match count: 25
[2026-09-29 16:19:58.852 thread:93820 info dds_sub_serialization_listener.h:573]:DDSSubSerializationListener matched. topic: embosa_channel_change_broadcast, total match count: 26, current match count: 26
[2026-09-29 16:19:58.852 thread:93820 info dds_sub_serialization_listener.h:573]:DDSSubSerializationListener matched. topic: embosa_node_change_broadcast, total match count: 27, current match count: 27
[2026-09-29 16:19:58.853 thread:93820 info dds_pub_listener.cc:19]:DDSPubListener matched. topic: embosa_node_change_broadcast, total match count: 26, current match count: 26
[2026-09-29 16:19:58.853 thread:93820 info dds_sub_serialization_listener.h:573]:DDSSubSerializationListener matched. topic: embosa_channel_change_broadcast, total match count: 27, current match count: 27
[2026-09-29 16:19:58.855 thread:93820 info dds_sub_serialization_listener.h:573]:DDSSubSerializationListener matched. topic: embosa_service_change_broadcast, total match count: 26, current match count: 26
[2026-09-29 16:19:58.855 thread:93820 info dds_sub_serialization_listener.h:573]:DDSSubSerializationListener matched. topic: embosa_node_change_broadcast, total match count: 28, current match count: 28
[2026-09-29 16:19:58.855 thread:93820 info dds_pub_listener.cc:19]:DDSPubListener matched. topic: embosa_channel_change_broadcast, total match count: 25, current match count: 25
[2026-09-29 16:19:58.856 thread:93820 info dds_sub_serialization_listener.h:573]:DDSSubSerializationListener matched. topic: embosa_channel_change_broadcast, total match count: 28, current match count: 28
[2026-09-29 16:19:58.856 thread:93820 info dds_sub_serialization_listener.h:573]:DDSSubSerializationListener matched. topic: embosa_node_change_broadcast, total match count: 29, current match count: 29
[2026-09-29 16:19:58.856 thread:93820 info dds_sub_serialization_listener.h:573]:DDSSubSerializationListener matched. topic: embosa_service_change_broadcast, total match count: 27, current match count: 27
[2026-09-29 16:19:58.857 thread:93820 info dds_sub_serialization_listener.h:573]:DDSSubSerializationListener matched. topic: embosa_channel_change_broadcast, total match count: 29, current match count: 29
[2026-09-29 16:19:58.857 thread:93820 info dds_sub_serialization_listener.h:573]:DDSSubSerializationListener matched. topic: embosa_service_change_broadcast, total match count: 28, current match count: 28
[2026-09-29 16:19:58.858 thread:93816 warning RTPS_READER:237]:DDS Reader 01.0f.5c.69.66.6e.f4.6b.00.00.00.00|0.0.a.4 was configured to have a large history (5000 max samples), but the history size used with writer 01.0f.5c.69.37.60.c7.6e.00.00.00.00|0.0.7.3 will be 5 max samples.
[2026-09-29 16:19:58.858 thread:93820 info dds_sub_serialization_listener.h:573]:DDSSubSerializationListener matched. topic: /embosa_tf_static, total match count: 1, current match count: 1
[2026-09-29 16:19:58.858 thread:93857 warning dds_sub_serialization_listener.h:520]:DDSSubSerializationListener: data used time 648 ms, over sub threshold 50 ms, topic: /embosa_tf_static, index: 38
[2026-09-29 16:19:58.860 thread:93820 info dds_pub_listener.cc:19]:DDSPubListener matched. topic: embosa_service_change_broadcast, total match count: 24, current match count: 24
[2026-09-29 16:19:58.862 thread:93820 info dds_pub_listener.cc:19]:DDSPubListener matched. topic: embosa_node_change_broadcast, total match count: 27, current match count: 27
[2026-09-29 16:19:58.863 thread:93820 info dds_pub_listener.cc:19]:DDSPubListener matched. topic: embosa_channel_change_broadcast, total match count: 26, current match count: 26
[2026-09-29 16:19:58.864 thread:93820 info dds_pub_listener.cc:19]:DDSPubListener matched. topic: embosa_node_change_broadcast, total match count: 28, current match count: 28
[2026-09-29 16:19:58.864 thread:93820 info dds_sub_serialization_listener.h:573]:DDSSubSerializationListener matched. topic: /embosa_tf, total match count: 4, current match count: 4
[2026-09-29 16:19:58.864 thread:93816 warning RTPS_READER:237]:DDS Reader 01.0f.5c.69.66.6e.f4.6b.00.00.00.00|0.0.9.4 was configured to have a large history (5000 max samples), but the history size used with writer 01.0f.5c.69.38.60.cb.8e.00.00.00.00|0.0.8.3 will be 7 max samples.
[2026-09-29 16:19:58.864 thread:93816 warning RTPS_READER:237]:DDS Reader 01.0f.5c.69.66.6e.f4.6b.00.00.00.00|0.0.a.4 was configured to have a large history (5000 max samples), but the history size used with writer 01.0f.5c.69.38.60.cb.8e.00.00.00.00|0.0.9.3 will be 5 max samples.
[2026-09-29 16:19:58.864 thread:93820 info dds_sub_serialization_listener.h:573]:DDSSubSerializationListener matched. topic: /embosa_tf_static, total match count: 2, current match count: 2
[2026-09-29 16:19:58.864 thread:93857 warning dds_sub_serialization_listener.h:520]:DDSSubSerializationListener: data used time 535 ms, over sub threshold 50 ms, topic: /embosa_tf_static, index: 38
[2026-09-29 16:19:58.865 thread:93820 info dds_pub_listener.cc:19]:DDSPubListener matched. topic: embosa_node_change_broadcast, total match count: 29, current match count: 29
[2026-09-29 16:19:58.865 thread:93820 info dds_pub_listener.cc:19]:DDSPubListener matched. topic: embosa_channel_change_broadcast, total match count: 27, current match count: 27
[2026-09-29 16:19:58.866 thread:93820 info dds_pub_listener.cc:19]:DDSPubListener matched. topic: embosa_node_change_broadcast, total match count: 30, current match count: 30
[2026-09-29 16:19:58.868 thread:93820 info dds_pub_listener.cc:19]:DDSPubListener matched. topic: embosa_service_change_broadcast, total match count: 25, current match count: 25
[2026-09-29 16:19:58.869 thread:93820 info dds_pub_listener.cc:19]:DDSPubListener matched. topic: embosa_channel_change_broadcast, total match count: 28, current match count: 28
[2026-09-29 16:19:58.870 thread:93820 info dds_pub_listener.cc:19]:DDSPubListener matched. topic: embosa_service_change_broadcast, total match count: 26, current match count: 26
[2026-09-29 16:19:58.871 thread:93820 info dds_pub_listener.cc:19]:DDSPubListener matched. topic: embosa_channel_change_broadcast, total match count: 29, current match count: 29
[2026-09-29 16:19:58.872 thread:93820 info dds_pub_listener.cc:19]:DDSPubListener matched. topic: embosa_service_change_broadcast, total match count: 27, current match count: 27
[2026-09-29 16:19:58.872 thread:93820 info dds_pub_listener.cc:19]:DDSPubListener matched. topic: embosa_service_change_broadcast, total match count: 28, current match count: 28
[2026-09-29 16:19:58.874 thread:93820 info dds_sub_serialization_listener.h:573]:DDSSubSerializationListener matched. topic: embosa_service_change_broadcast, total match count: 29, current match count: 29
[2026-09-29 16:19:58.876 thread:93820 info dds_pub_listener.cc:19]:DDSPubListener matched. topic: embosa_channel_change_broadcast, total match count: 30, current match count: 30
[2026-09-29 16:19:58.878 thread:93820 info dds_pub_listener.cc:19]:DDSPubListener matched. topic: embosa_service_change_broadcast, total match count: 29, current match count: 29
[2026-09-29 16:19:58.884 thread:93820 info dds_pub_listener.cc:19]:DDSPubListener matched. topic: /galbot/spk, total match count: 1, current match count: 1
[2026-09-29 16:19:58.888 thread:93820 info dds_sub_serialization_listener.h:573]:DDSSubSerializationListener matched. topic: embosa_node_change_broadcast, total match count: 30, current match count: 30
[2026-09-29 16:19:58.896 thread:93820 info dds_sub_serialization_listener.h:573]:DDSSubSerializationListener matched. topic: embosa_channel_change_broadcast, total match count: 30, current match count: 30
[2026-09-29 16:19:58.896 thread:93820 info dds_sub_serialization_listener.h:573]:DDSSubSerializationListener matched. topic: embosa_service_change_broadcast, total match count: 30, current match count: 30
[2026-09-29 16:19:58.896 thread:93820 info dds_sub_serialization_listener.h:573]:DDSSubSerializationListener matched. topic: embosa_node_change_broadcast, total match count: 31, current match count: 31
[2026-09-29 16:19:58.896 thread:93820 info dds_sub_serialization_listener.h:573]:DDSSubSerializationListener matched. topic: embosa_channel_change_broadcast, total match count: 31, current match count: 31
[2026-09-29 16:19:58.897 thread:93820 info dds_sub_serialization_listener.h:573]:DDSSubSerializationListener matched. topic: embosa_service_change_broadcast, total match count: 31, current match count: 31
[2026-09-29 16:19:58.899 thread:93820 info dds_sub_serialization_listener.h:573]:DDSSubSerializationListener matched. topic: embosa_node_change_broadcast, total match count: 32, current match count: 32
[2026-09-29 16:19:58.899 thread:93820 info dds_sub_serialization_listener.h:573]:DDSSubSerializationListener matched. topic: /embosa_tf, total match count: 5, current match count: 5
[2026-09-29 16:19:58.899 thread:93816 warning RTPS_READER:237]:DDS Reader 01.0f.5c.69.66.6e.f4.6b.00.00.00.00|0.0.9.4 was configured to have a large history (5000 max samples), but the history size used with writer 01.0f.5c.69.48.60.54.b8.00.00.00.00|0.0.a.3 will be 7 max samples.
[2026-09-29 16:19:58.900 thread:93820 info dds_sub_serialization_listener.h:573]:DDSSubSerializationListener matched. topic: embosa_channel_change_broadcast, total match count: 32, current match count: 32
[2026-09-29 16:19:58.900 thread:93820 info dds_sub_serialization_listener.h:573]:DDSSubSerializationListener matched. topic: embosa_service_change_broadcast, total match count: 32, current match count: 32
[2026-09-29 16:19:58.901 thread:93816 warning RTPS_READER:237]:DDS Reader 01.0f.5c.69.66.6e.f4.6b.00.00.00.00|0.0.7.4 was configured to have a large history (5000 max samples), but the history size used with writer 01.0f.5c.69.48.60.54.b8.00.00.00.00|0.0.c.3 will be 7 max samples.
[2026-09-29 16:19:58.901 thread:93820 info dds_sub_serialization_listener.h:573]:DDSSubSerializationListener matched. topic: /left_arm_camera/color/image_raw, total match count: 1, current match count: 1
[2026-09-29 16:19:58.911 thread:93820 info dds_pub_listener.cc:19]:DDSPubListener matched. topic: embosa_service_change_broadcast, total match count: 30, current match count: 30
[2026-09-29 16:19:58.912 thread:93816 warning RTPS_READER:237]:DDS Reader 01.0f.5c.69.66.6e.f4.6b.00.00.00.00|0.0.8.4 was configured to have a large history (5000 max samples), but the history size used with writer 01.0f.5c.69.48.60.54.b8.00.00.00.00|0.0.10.3 will be 7 max samples.
[2026-09-29 16:19:58.912 thread:93820 info dds_sub_serialization_listener.h:573]:DDSSubSerializationListener matched. topic: /left_arm_camera/color/camera_info, total match count: 1, current match count: 1
[2026-09-29 16:19:58.914 thread:93820 info dds_pub_listener.cc:19]:DDSPubListener matched. topic: embosa_node_change_broadcast, total match count: 31, current match count: 31
[2026-09-29 16:19:58.929 thread:93820 info dds_pub_listener.cc:19]:DDSPubListener matched. topic: embosa_node_change_broadcast, total match count: 32, current match count: 32
[2026-09-29 16:19:58.936 thread:93816 warning RTPS_TRANSPORT_SHM:1182]:DDS (ID:281472753721824) Existing Port 23911 (26ccd3ec4bee5ea9) NOT Healthy.
[2026-09-29 16:19:58.936 thread:93816 warning RTPS_TRANSPORT_SHM:1187]:DDS (ID:281472753721824) Port 23911 (26ccd3ec4bee5ea9) Removed.
[2026-09-29 16:19:58.945 thread:93820 info dds_pub_listener.cc:19]:DDSPubListener matched. topic: embosa_channel_change_broadcast, total match count: 31, current match count: 31
[2026-09-29 16:19:58.956 thread:93820 info dds_pub_listener.cc:19]:DDSPubListener matched. topic: embosa_channel_change_broadcast, total match count: 32, current match count: 32
[2026-09-29 16:19:58.961 thread:93841 error channel_manager.cc:394]:newly added writer(belongs to node[/data/galbot/bin/service_lidar_capture|service_lidar_capture|90174])'s message type[galbot.sensor_proto.PointCloud2] does not match the exsited reader(belongs to node[relocalization_server|relocalization_server|90764])'s message type[embosa_plain_message_type].
[2026-09-29 16:19:58.964 thread:93820 info dds_pub_listener.cc:19]:DDSPubListener matched. topic: embosa_service_change_broadcast, total match count: 31, current match count: 31
[2026-09-29 16:19:58.970 thread:93820 info dds_pub_listener.cc:19]:DDSPubListener matched. topic: embosa_service_change_broadcast, total match count: 32, current match count: 32
[2026-09-29 16:19:58.975 thread:93823 warning dds_sub_serialization_listener.h:520]:DDSSubSerializationListener: data used time 114 ms, over sub threshold 50 ms, topic: singorix/wbcs/error, index: 132836
[2026-09-29 16:19:59.047 thread:93816 warning RTPS_TRANSPORT_SHM:508]:DDS (ID:281472753721824) fastrtps_port23911No such file or directory
[2026-09-29 16:19:59.140 thread:93840 error channel_manager.cc:380]:newly added reader(belongs to node[Sensor#0|swallows|90176])'s message type[N6galbot6embosa7MessageE] does not match the exsited writer(belongs to node[service_front_head_camera_sensor_capture|front_head_camera_capture|90169])'s message type[galbot.sensor_proto.CompressedImage].
[2026-09-29 16:19:59.141 thread:93836 error channel_manager.cc:380]:newly added reader(belongs to node[Sensor#0|swallows|90176])'s message type[N6galbot6embosa7MessageE] does not match the exsited writer(belongs to node[service_front_head_camera_sensor_capture|front_head_camera_capture|90169])'s message type[galbot.sensor_proto.CompressedImage].
[2026-09-29 16:19:59.142 thread:93834 error channel_manager.cc:380]:newly added reader(belongs to node[Sensor#0|swallows|90176])'s message type[N6galbot6embosa7MessageE] does not match the exsited writer(belongs to node[service_left_arm_camera_sensor_capture|left_arm_camera_capture|90184])'s message type[galbot.sensor_proto.CompressedImage].
[2026-09-29 16:19:59.142 thread:93834 error channel_manager.cc:394]:newly added reader(belongs to node[Sensor#0|swallows|90176])'s message type[N6galbot6embosa7MessageE] does not match the exsited reader(belongs to node[sensor_sdk_node|python3.11|93798])'s message type[galbot.sensor_proto.CompressedImage].
[2026-09-29 16:19:59.143 thread:93839 error channel_manager.cc:380]:newly added reader(belongs to node[Sensor#0|swallows|90176])'s message type[N6galbot6embosa7MessageE] does not match the exsited writer(belongs to node[service_right_arm_camera_sensor_capture|right_arm_camera_capture|90175])'s message type[galbot.sensor_proto.CompressedImage].
[2026-09-29 16:19:59.145 thread:93837 error channel_manager.cc:380]:newly added reader(belongs to node[Sensor#0|swallows|90176])'s message type[N6galbot6embosa7MessageE] does not match the exsited writer(belongs to node[service_front_head_camera_sensor_capture|front_head_camera_capture|90169])'s message type[galbot.sensor_proto.CameraInfo].
[2026-09-29 16:19:59.149 thread:93835 error channel_manager.cc:380]:newly added reader(belongs to node[Sensor#0|swallows|90176])'s message type[N6galbot6embosa7MessageE] does not match the exsited writer(belongs to node[service_front_head_camera_sensor_capture|front_head_camera_capture|90169])'s message type[galbot.sensor_proto.CameraInfo].
[2026-09-29 16:19:59.150 thread:93838 error channel_manager.cc:380]:newly added reader(belongs to node[Sensor#0|swallows|90176])'s message type[N6galbot6embosa7MessageE] does not match the exsited writer(belongs to node[service_left_arm_camera_sensor_capture|left_arm_camera_capture|90184])'s message type[galbot.sensor_proto.CameraInfo].
[2026-09-29 16:19:59.150 thread:93838 error channel_manager.cc:394]:newly added reader(belongs to node[Sensor#0|swallows|90176])'s message type[N6galbot6embosa7MessageE] does not match the exsited reader(belongs to node[sensor_sdk_node|python3.11|93798])'s message type[galbot.sensor_proto.CameraInfo].
[2026-09-29 16:19:59.151 thread:93841 error channel_manager.cc:380]:newly added reader(belongs to node[Sensor#0|swallows|90176])'s message type[N6galbot6embosa7MessageE] does not match the exsited writer(belongs to node[service_right_arm_camera_sensor_capture|right_arm_camera_capture|90175])'s message type[galbot.sensor_proto.CameraInfo].
[2026-09-29 16:19:59.152 thread:93831 error channel_manager.cc:380]:newly added reader(belongs to node[Sensor#0|swallows|90176])'s message type[N6galbot6embosa7MessageE] does not match the exsited writer(belongs to node[singorix_wbcs_main|singorix_wbcs_main|4492])'s message type[galbot.singorix_proto.SingoriXSensor].
[2026-09-29 16:19:59.152 thread:93831 error channel_manager.cc:394]:newly added reader(belongs to node[Sensor#0|swallows|90176])'s message type[N6galbot6embosa7MessageE] does not match the exsited reader(belongs to node[robot_state_publisher|robot_state_publish|90168])'s message type[galbot.singorix_proto.SingoriXSensor].
[2026-09-29 16:19:59.152 thread:93831 error channel_manager.cc:394]:newly added reader(belongs to node[Sensor#0|swallows|90176])'s message type[N6galbot6embosa7MessageE] does not match the exsited reader(belongs to node[aphropm_pns|service_navigation_plan|90172])'s message type[galbot.singorix_proto.SingoriXSensor].
[2026-09-29 16:19:59.152 thread:93831 error channel_manager.cc:394]:newly added reader(belongs to node[Sensor#0|swallows|90176])'s message type[N6galbot6embosa7MessageE] does not match the exsited reader(belongs to node[wbc_sdk_node|python3.11|93798])'s message type[galbot.singorix_proto.SingoriXSensor].
[2026-09-29 16:19:59.152 thread:93831 error channel_manager.cc:394]:newly added reader(belongs to node[Sensor#0|swallows|90176])'s message type[N6galbot6embosa7MessageE] does not match the exsited reader(belongs to node[motion_planning_service_node|service_motion_plan|90181])'s message type[galbot.singorix_proto.SingoriXSensor].
[2026-09-29 16:19:59.153 thread:93840 error channel_manager.cc:380]:newly added reader(belongs to node[Sensor#0|swallows|90176])'s message type[N6galbot6embosa7MessageE] does not match the exsited writer(belongs to node[singorix_wbcs_main|singorix_wbcs_main|4492])'s message type[galbot.singorix_proto.WBCInfo].
[2026-09-29 16:19:59.153 thread:93840 error channel_manager.cc:394]:newly added reader(belongs to node[Sensor#0|swallows|90176])'s message type[N6galbot6embosa7MessageE] does not match the exsited reader(belongs to node[aphropm_pns|service_navigation_plan|90172])'s message type[galbot.singorix_proto.WBCInfo].
[2026-09-29 16:19:59.153 thread:93840 error channel_manager.cc:394]:newly added reader(belongs to node[Sensor#0|swallows|90176])'s message type[N6galbot6embosa7MessageE] does not match the exsited reader(belongs to node[wbc_sdk_node|python3.11|93798])'s message type[galbot.singorix_proto.WBCInfo].
[2026-09-29 16:19:59.154 thread:93836 error channel_manager.cc:380]:newly added reader(belongs to node[Sensor#0|swallows|90176])'s message type[N6galbot6embosa7MessageE] does not match the exsited writer(belongs to node[singorix_wbcs_main|singorix_wbcs_main|4492])'s message type[galbot.singorix_proto.SingoriXError].
[2026-09-29 16:19:59.154 thread:93836 error channel_manager.cc:394]:newly added reader(belongs to node[Sensor#0|swallows|90176])'s message type[N6galbot6embosa7MessageE] does not match the exsited reader(belongs to node[aphropm_pns|service_navigation_plan|90172])'s message type[galbot.singorix_proto.SingoriXError].
[2026-09-29 16:19:59.154 thread:93836 error channel_manager.cc:394]:newly added reader(belongs to node[Sensor#0|swallows|90176])'s message type[N6galbot6embosa7MessageE] does not match the exsited reader(belongs to node[wbc_sdk_node|python3.11|93798])'s message type[galbot.singorix_proto.SingoriXError].
[2026-09-29 16:19:59.154 thread:93836 error channel_manager.cc:394]:newly added reader(belongs to node[Sensor#0|swallows|90176])'s message type[N6galbot6embosa7MessageE] does not match the exsited reader(belongs to node[motion_planning_service_node|service_motion_plan|90181])'s message type[galbot.singorix_proto.SingoriXError].
[2026-09-29 16:19:59.155 thread:93842 error channel_manager.cc:380]:newly added reader(belongs to node[Sensor#0|swallows|90176])'s message type[N6galbot6embosa7MessageE] does not match the exsited writer(belongs to node[service_left_arm_camera_sensor_capture|left_arm_camera_capture|90184])'s message type[galbot.tf2_proto.TF2Message].
[2026-09-29 16:19:59.155 thread:93842 error channel_manager.cc:380]:newly added reader(belongs to node[Sensor#0|swallows|90176])'s message type[N6galbot6embosa7MessageE] does not match the exsited writer(belongs to node[robot_state_publisher|robot_state_publish|90168])'s message type[galbot.tf2_proto.TF2Message].
[2026-09-29 16:19:59.155 thread:93842 error channel_manager.cc:380]:newly added reader(belongs to node[Sensor#0|swallows|90176])'s message type[N6galbot6embosa7MessageE] does not match the exsited writer(belongs to node[embosa_localization_node|localization_server|90171])'s message type[galbot.tf2_proto.TF2Message].
[2026-09-29 16:19:59.155 thread:93842 error channel_manager.cc:380]:newly added reader(belongs to node[Sensor#0|swallows|90176])'s message type[N6galbot6embosa7MessageE] does not match the exsited writer(belongs to node[service_front_head_camera_sensor_capture|front_head_camera_capture|90169])'s message type[galbot.tf2_proto.TF2Message].
[2026-09-29 16:19:59.155 thread:93842 error channel_manager.cc:380]:newly added reader(belongs to node[Sensor#0|swallows|90176])'s message type[N6galbot6embosa7MessageE] does not match the exsited writer(belongs to node[service_right_arm_camera_sensor_capture|right_arm_camera_capture|90175])'s message type[galbot.tf2_proto.TF2Message].
[2026-09-29 16:19:59.155 thread:93842 error channel_manager.cc:394]:newly added reader(belongs to node[Sensor#0|swallows|90176])'s message type[N6galbot6embosa7MessageE] does not match the exsited reader(belongs to node[/galbot_perception|Perception_Algorithm_Service|90170])'s message type[galbot.tf2_proto.TF2Message].
[2026-09-29 16:19:59.155 thread:93842 error channel_manager.cc:394]:newly added reader(belongs to node[Sensor#0|swallows|90176])'s message type[N6galbot6embosa7MessageE] does not match the exsited reader(belongs to node[embosa_localization_node|localization_server|90171])'s message type[galbot.tf2_proto.TF2Message].
[2026-09-29 16:19:59.155 thread:93842 error channel_manager.cc:394]:newly added reader(belongs to node[Sensor#0|swallows|90176])'s message type[N6galbot6embosa7MessageE] does not match the exsited reader(belongs to node[galbot_fusion|galbot_fusion_main|90166])'s message type[galbot.tf2_proto.TF2Message].
[2026-09-29 16:19:59.155 thread:93842 error channel_manager.cc:394]:newly added reader(belongs to node[Sensor#0|swallows|90176])'s message type[N6galbot6embosa7MessageE] does not match the exsited reader(belongs to node[relocalization_server|relocalization_server|90764])'s message type[galbot.tf2_proto.TF2Message].
[2026-09-29 16:19:59.155 thread:93842 error channel_manager.cc:394]:newly added reader(belongs to node[Sensor#0|swallows|90176])'s message type[N6galbot6embosa7MessageE] does not match the exsited reader(belongs to node[system_sdk_node|python3.11|93798])'s message type[galbot.tf2_proto.TF2Message].
[2026-09-29 16:19:59.156 thread:93833 error channel_manager.cc:380]:newly added reader(belongs to node[Sensor#0|swallows|90176])'s message type[N6galbot6embosa7MessageE] does not match the exsited writer(belongs to node[embosa_eyehand_calib_publish|eyehand_calib_publish|90167])'s message type[galbot.tf2_proto.TF2Message].
[2026-09-29 16:19:59.156 thread:93833 error channel_manager.cc:380]:newly added reader(belongs to node[Sensor#0|swallows|90176])'s message type[N6galbot6embosa7MessageE] does not match the exsited writer(belongs to node[robot_state_publisher|robot_state_publish|90168])'s message type[galbot.tf2_proto.TF2Message].
[2026-09-29 16:19:59.156 thread:93833 error channel_manager.cc:394]:newly added reader(belongs to node[Sensor#0|swallows|90176])'s message type[N6galbot6embosa7MessageE] does not match the exsited reader(belongs to node[/galbot_perception|Perception_Algorithm_Service|90170])'s message type[galbot.tf2_proto.TF2Message].
[2026-09-29 16:19:59.156 thread:93833 error channel_manager.cc:394]:newly added reader(belongs to node[Sensor#0|swallows|90176])'s message type[N6galbot6embosa7MessageE] does not match the exsited reader(belongs to node[embosa_localization_node|localization_server|90171])'s message type[galbot.tf2_proto.TF2Message].
[2026-09-29 16:19:59.156 thread:93833 error channel_manager.cc:394]:newly added reader(belongs to node[Sensor#0|swallows|90176])'s message type[N6galbot6embosa7MessageE] does not match the exsited reader(belongs to node[galbot_fusion|galbot_fusion_main|90166])'s message type[galbot.tf2_proto.TF2Message].
[2026-09-29 16:19:59.156 thread:93833 error channel_manager.cc:394]:newly added reader(belongs to node[Sensor#0|swallows|90176])'s message type[N6galbot6embosa7MessageE] does not match the exsited reader(belongs to node[relocalization_server|relocalization_server|90764])'s message type[galbot.tf2_proto.TF2Message].
[2026-09-29 16:19:59.156 thread:93833 error channel_manager.cc:394]:newly added reader(belongs to node[Sensor#0|swallows|90176])'s message type[N6galbot6embosa7MessageE] does not match the exsited reader(belongs to node[system_sdk_node|python3.11|93798])'s message type[galbot.tf2_proto.TF2Message].
[2026-09-29 16:19:59.157 thread:93839 error channel_manager.cc:380]:newly added reader(belongs to node[Sensor#0|swallows|90176])'s message type[N6galbot6embosa7MessageE] does not match the exsited writer(belongs to node[/data/galbot/bin/service_lidar_capture|service_lidar_capture|90174])'s message type[galbot.sensor_proto.PointCloud2].
[2026-09-29 16:19:59.157 thread:93839 error channel_manager.cc:394]:newly added reader(belongs to node[Sensor#0|swallows|90176])'s message type[N6galbot6embosa7MessageE] does not match the exsited reader(belongs to node[embosa_localization_node|localization_server|90171])'s message type[galbot.sensor_proto.PointCloud2].
[2026-09-29 16:19:59.157 thread:93839 error channel_manager.cc:394]:newly added reader(belongs to node[Sensor#0|swallows|90176])'s message type[N6galbot6embosa7MessageE] does not match the exsited reader(belongs to node[galbot_fusion|galbot_fusion_main|90166])'s message type[galbot.sensor_proto.PointCloud2].
[2026-09-29 16:19:59.157 thread:93839 error channel_manager.cc:394]:newly added reader(belongs to node[Sensor#0|swallows|90176])'s message type[N6galbot6embosa7MessageE] does not match the exsited reader(belongs to node[relocalization_server|relocalization_server|90764])'s message type[embosa_plain_message_type].
[2026-09-29 16:19:59.158 thread:93837 error channel_manager.cc:380]:newly added reader(belongs to node[Sensor#0|swallows|90176])'s message type[N6galbot6embosa7MessageE] does not match the exsited writer(belongs to node[/data/galbot/bin/service_lidar_capture|service_lidar_capture|90174])'s message type[galbot.sensor_proto.ImuSensor].
[2026-09-29 16:19:59.158 thread:93837 error channel_manager.cc:394]:newly added reader(belongs to node[Sensor#0|swallows|90176])'s message type[N6galbot6embosa7MessageE] does not match the exsited reader(belongs to node[embosa_localization_node|localization_server|90171])'s message type[galbot.sensor_proto.ImuSensor].
[2026-09-29 16:19:59.159 thread:93835 error channel_manager.cc:380]:newly added reader(belongs to node[Sensor#0|swallows|90176])'s message type[N6galbot6embosa7MessageE] does not match the exsited writer(belongs to node[/data/galbot/bin/service_lidar_capture|service_lidar_capture|90174])'s message type[galbot.core_proto.StringValue].
[2026-09-29 16:19:59.160 thread:93841 error channel_manager.cc:380]:newly added reader(belongs to node[Sensor#0|swallows|90176])'s message type[N6galbot6embosa7MessageE] does not match the exsited writer(belongs to node[/galbot_perception|Perception_Algorithm_Service|90170])'s message type[galbot.perception_proto.DetectionResult].
[2026-09-29 16:19:59.160 thread:93841 error channel_manager.cc:394]:newly added reader(belongs to node[Sensor#0|swallows|90176])'s message type[N6galbot6embosa7MessageE] does not match the exsited reader(belongs to node[manage_node|hpu_launcher|89901])'s message type[galbot.perception_proto.DetectionResult].
[2026-09-29 16:19:59.162 thread:93836 error channel_manager.cc:380]:newly added reader(belongs to node[Sensor#0|swallows|90176])'s message type[N6galbot6embosa7MessageE] does not match the exsited writer(belongs to node[galbot_fusion|galbot_fusion_main|90166])'s message type[galbot.perception_proto.TsdfGrid].
[2026-09-29 16:19:59.163 thread:93842 error channel_manager.cc:380]:newly added reader(belongs to node[Sensor#0|swallows|90176])'s message type[N6galbot6embosa7MessageE] does not match the exsited writer(belongs to node[embosa_localization_node|localization_server|90171])'s message type[galbot.sensor_proto.PointCloud2].
[2026-09-29 16:19:59.164 thread:93833 error channel_manager.cc:380]:newly added reader(belongs to node[Sensor#0|swallows|90176])'s message type[N6galbot6embosa7MessageE] does not match the exsited writer(belongs to node[embosa_localization_node|localization_server|90171])'s message type[galbot.core_proto.FloatValue].
[2026-09-29 16:19:59.165 thread:93832 error channel_manager.cc:380]:newly added reader(belongs to node[Sensor#0|swallows|90176])'s message type[N6galbot6embosa7MessageE] does not match the exsited writer(belongs to node[embosa_localization_node|localization_server|90171])'s message type[galbot.spatial_proto.PoseMsg].
[2026-09-29 16:19:59.165 thread:93832 error channel_manager.cc:394]:newly added reader(belongs to node[Sensor#0|swallows|90176])'s message type[N6galbot6embosa7MessageE] does not match the exsited reader(belongs to node[context_mission_mode|mission_manager|3517])'s message type[galbot.spatial_proto.PoseMsg].
[2026-09-29 16:19:59.165 thread:93832 error channel_manager.cc:394]:newly added reader(belongs to node[Sensor#0|swallows|90176])'s message type[N6galbot6embosa7MessageE] does not match the exsited reader(belongs to node[singorix_wbcs_main|singorix_wbcs_main|4492])'s message type[galbot.spatial_proto.PoseMsg].
[2026-09-29 16:19:59.165 thread:93832 error channel_manager.cc:394]:newly added reader(belongs to node[Sensor#0|swallows|90176])'s message type[N6galbot6embosa7MessageE] does not match the exsited reader(belongs to node[galbot_fusion|galbot_fusion_main|90166])'s message type[galbot.spatial_proto.PoseMsg].
[2026-09-29 16:19:59.165 thread:93832 error channel_manager.cc:394]:newly added reader(belongs to node[Sensor#0|swallows|90176])'s message type[N6galbot6embosa7MessageE] does not match the exsited reader(belongs to node[aphropm_pns|service_navigation_plan|90172])'s message type[galbot.spatial_proto.PoseMsg].
[2026-09-29 16:19:59.165 thread:93832 error channel_manager.cc:394]:newly added reader(belongs to node[Sensor#0|swallows|90176])'s message type[N6galbot6embosa7MessageE] does not match the exsited reader(belongs to node[motion_planning_service_node|service_motion_plan|90181])'s message type[galbot.spatial_proto.PoseMsg].
[2026-09-29 16:19:59.166 thread:93841 error channel_manager.cc:394]:newly added reader(belongs to node[Sensor#0|swallows|90176])'s message type[N6galbot6embosa7MessageE] does not match the exsited reader(belongs to node[embosa_localization_node|localization_server|90171])'s message type[galbot.spatial_proto.PoseMsg].
[2026-09-29 16:19:59.167 thread:93836 error channel_manager.cc:380]:newly added reader(belongs to node[Sensor#0|swallows|90176])'s message type[N6galbot6embosa7MessageE] does not match the exsited writer(belongs to node[embosa_localization_node|localization_server|90171])'s message type[galbot.spatial_proto.PoseMsg].
[2026-09-29 16:19:59.168 thread:93842 error channel_manager.cc:380]:newly added reader(belongs to node[Sensor#0|swallows|90176])'s message type[N6galbot6embosa7MessageE] does not match the exsited writer(belongs to node[aphropm_pns|service_navigation_plan|90172])'s message type[galbot.navigation_proto.Path].
[2026-09-29 16:19:59.178 thread:93839 error channel_manager.cc:380]:newly added reader(belongs to node[Sensor#0|swallows|90176])'s message type[N6galbot6embosa7MessageE] does not match the exsited writer(belongs to node[embosa_test_rpc_client_node|galbot_chassis_service|3924])'s message type[galbot.navigation_proto.Odometry].
[2026-09-29 16:19:59.178 thread:93839 error channel_manager.cc:394]:newly added reader(belongs to node[Sensor#0|swallows|90176])'s message type[N6galbot6embosa7MessageE] does not match the exsited reader(belongs to node[embosa_localization_node|localization_server|90171])'s message type[galbot.navigation_proto.Odometry].
[2026-09-29 16:19:59.179 thread:93839 error channel_manager.cc:394]:newly added reader(belongs to node[Sensor#0|swallows|90176])'s message type[N6galbot6embosa7MessageE] does not match the exsited reader(belongs to node[wbc_sdk_node|python3.11|93798])'s message type[galbot.navigation_proto.Odometry].
[2026-09-29 16:19:59.181 thread:93831 error channel_manager.cc:380]:newly added reader(belongs to node[Sensor#0|swallows|90176])'s message type[N6galbot6embosa7MessageE] does not match the exsited writer(belongs to node[context_mission_mode|mission_manager|3517])'s message type[galbot.system_proto.mission_manager_proto.MissionManagerMessage].
[2026-09-29 16:19:59.181 thread:93831 error channel_manager.cc:394]:newly added reader(belongs to node[Sensor#0|swallows|90176])'s message type[N6galbot6embosa7MessageE] does not match the exsited reader(belongs to node[data_backflow|data_backflow_service|89961])'s message type[galbot.system_proto.mission_manager_proto.MissionManagerMessage].
[2026-09-29 16:19:59.181 thread:93831 error channel_manager.cc:394]:newly added reader(belongs to node[Sensor#0|swallows|90176])'s message type[N6galbot6embosa7MessageE] does not match the exsited reader(belongs to node[diagnose_process_node|diagnose|3616])'s message type[galbot.system_proto.mission_manager_proto.MissionManagerMessage].
[2026-09-29 16:19:59.181 thread:93831 error channel_manager.cc:394]:newly added reader(belongs to node[Sensor#0|swallows|90176])'s message type[N6galbot6embosa7MessageE] does not match the exsited reader(belongs to node[hpu_context_node|hpu_launcher|89901])'s message type[galbot.system_proto.mission_manager_proto.MissionManagerMessage].
[2026-09-29 16:19:59.183 thread:93836 error channel_manager.cc:380]:newly added reader(belongs to node[Sensor#0|swallows|90176])'s message type[N6galbot6embosa7MessageE] does not match the exsited writer(belongs to node[context_mission_mode|mission_manager|3517])'s message type[galbot.system_proto.mission_manager_proto.OnboardConfig].
[2026-09-29 16:19:59.183 thread:93836 error channel_manager.cc:380]:newly added reader(belongs to node[Sensor#0|swallows|90176])'s message type[N6galbot6embosa7MessageE] does not match the exsited writer(belongs to node[version_node|devinfo_server|3622])'s message type[galbot.system_proto.mission_manager_proto.OnboardConfig].
[2026-09-29 16:19:59.183 thread:93836 error channel_manager.cc:394]:newly added reader(belongs to node[Sensor#0|swallows|90176])'s message type[N6galbot6embosa7MessageE] does not match the exsited reader(belongs to node[system_sdk_node|python3.11|93798])'s message type[galbot.system_proto.mission_manager_proto.OnboardConfig].
[2026-09-29 16:19:59.184 thread:93840 error channel_manager.cc:380]:newly added reader(belongs to node[Sensor#0|swallows|90176])'s message type[N6galbot6embosa7MessageE] does not match the exsited writer(belongs to node[robot_state_publisher|robot_state_publish|90168])'s message type[galbot.core_proto.StringValue].
