[2026-09-29 16:19:26.545 thread:90585 info statistics.cc:167]:
+-------------------------------------------+---------------+----------------------------------------+-------------------------+-------------------------+
| Topic                                     | Peer Hostname | Peer Node Name                         | Create Time             | Match Time              |
+-------------------------------------------+---------------+----------------------------------------+-------------------------+-------------------------+
| reader_sub:power_status                   | galbot-xcu    | system_node|service_system_assist|3951 | 2026-09-29 16:19:23.364 | 2026-09-29 16:19:23.365 |
| client_sub:power_manager                  | galbot-xcu    | system_node|service_system_assist|3951 | 2026-09-29 16:19:23.206 | 2026-09-29 16:19:23.249 |
| client_sub:xcu_ota_command                | galbot-xcu    | system_node|service_system_assist|3951 | 2026-09-29 16:19:22.149 | 2026-09-29 16:19:22.848 |
| server_sub:embosa_left_arm_camera_control |               |                                        | 2026-09-29 16:19:22.125 | unmatch                 |
| server_sub:/cam_arm_l_ctrl                |               |                                        | 2026-09-29 16:19:21.807 | unmatch                 |
+-------------------------------------------+---------------+----------------------------------------+-------------------------+-------------------------+

[2026-09-29 16:19:26.545 thread:90585 info statistics.cc:245]:
+-------------------------------------------+------------------+------------------+------------------+------------+------------+-------+------------+
| Topic                                     | Latency Avg (us) | Latency Max (us) | Latency Min (us) | Loss Count | Recv Count | Hz    | Bandwidth  |
+-------------------------------------------+------------------+------------------+------------------+------------+------------+-------+------------+
| reader_sub:power_status                   | 60242            | 285252           | 824              | 0          | 5          | 1.000 | 0.100 KB/s |
| client_sub:power_manager                  | unknown          | unknown          | unknown          | 0          | 0          | 0.000 | 0.000 KB/s |
| client_sub:xcu_ota_command                | 744              | 744              | 744              | 0          | 1          | 0.200 | 0.034 KB/s |
| server_sub:embosa_left_arm_camera_control | unknown          | unknown          | unknown          | 0          | 0          | 0.000 | 0.000 KB/s |
| server_sub:/cam_arm_l_ctrl                | unknown          | unknown          | unknown          | 0          | 0          | 0.000 | 0.000 KB/s |
+-------------------------------------------+------------------+------------------+------------------+------------+------------+-------+------------+

[2026-09-29 16:19:31.553 thread:90585 info statistics.cc:167]:
+-------------------------------------------+---------------+----------------------------------------+-------------------------+-------------------------+
| Topic                                     | Peer Hostname | Peer Node Name                         | Create Time             | Match Time              |
+-------------------------------------------+---------------+----------------------------------------+-------------------------+-------------------------+
| reader_sub:power_status                   | galbot-xcu    | system_node|service_system_assist|3951 | 2026-09-29 16:19:23.364 | 2026-09-29 16:19:23.365 |
| client_sub:power_manager                  | galbot-xcu    | system_node|service_system_assist|3951 | 2026-09-29 16:19:23.206 | 2026-09-29 16:19:23.249 |
| client_sub:xcu_ota_command                | galbot-xcu    | system_node|service_system_assist|3951 | 2026-09-29 16:19:22.149 | 2026-09-29 16:19:22.848 |
| server_sub:embosa_left_arm_camera_control |               |                                        | 2026-09-29 16:19:22.125 | unmatch                 |
| server_sub:/cam_arm_l_ctrl                |               |                                        | 2026-09-29 16:19:21.807 | unmatch                 |
+-------------------------------------------+---------------+----------------------------------------+-------------------------+-------------------------+

[2026-09-29 16:19:31.554 thread:90585 info statistics.cc:245]:
+-------------------------------------------+------------------+------------------+------------------+------------+------------+-------+------------+
| Topic                                     | Latency Avg (us) | Latency Max (us) | Latency Min (us) | Loss Count | Recv Count | Hz    | Bandwidth  |
+-------------------------------------------+------------------+------------------+------------------+------------+------------+-------+------------+
| reader_sub:power_status                   | 24419            | 285252           | 824              | 0          | 13         | 1.600 | 0.160 KB/s |
| client_sub:power_manager                  | unknown          | unknown          | unknown          | 0          | 0          | 0.000 | 0.000 KB/s |
| client_sub:xcu_ota_command                | 744              | 744              | 744              | 0          | 1          | 0.000 | 0.000 KB/s |
| server_sub:embosa_left_arm_camera_control | unknown          | unknown          | unknown          | 0          | 0          | 0.000 | 0.000 KB/s |
| server_sub:/cam_arm_l_ctrl                | unknown          | unknown          | unknown          | 0          | 0          | 0.000 | 0.000 KB/s |
+-------------------------------------------+------------------+------------------+------------------+------------+------------+-------+------------+

[2026-09-29 16:19:36.567 thread:90585 info statistics.cc:167]:
+-------------------------------------------+---------------+----------------------------------------+-------------------------+-------------------------+
| Topic                                     | Peer Hostname | Peer Node Name                         | Create Time             | Match Time              |
+-------------------------------------------+---------------+----------------------------------------+-------------------------+-------------------------+
| reader_sub:power_status                   | galbot-xcu    | system_node|service_system_assist|3951 | 2026-09-29 16:19:23.364 | 2026-09-29 16:19:23.365 |
| client_sub:power_manager                  | galbot-xcu    | system_node|service_system_assist|3951 | 2026-09-29 16:19:23.206 | 2026-09-29 16:19:23.249 |
| client_sub:xcu_ota_command                | galbot-xcu    | system_node|service_system_assist|3951 | 2026-09-29 16:19:22.149 | 2026-09-29 16:19:22.848 |
| server_sub:embosa_left_arm_camera_control |               |                                        | 2026-09-29 16:19:22.125 | unmatch                 |
| server_sub:/cam_arm_l_ctrl                |               |                                        | 2026-09-29 16:19:21.807 | unmatch                 |
+-------------------------------------------+---------------+----------------------------------------+-------------------------+-------------------------+

[2026-09-29 16:19:36.568 thread:90585 info statistics.cc:245]:
+-------------------------------------------+------------------+------------------+------------------+------------+------------+-------+------------+
| Topic                                     | Latency Avg (us) | Latency Max (us) | Latency Min (us) | Loss Count | Recv Count | Hz    | Bandwidth  |
+-------------------------------------------+------------------+------------------+------------------+------------+------------+-------+------------+
| reader_sub:power_status                   | 15587            | 285252           | 824              | 0          | 21         | 1.600 | 0.160 KB/s |
| client_sub:power_manager                  | unknown          | unknown          | unknown          | 0          | 0          | 0.000 | 0.000 KB/s |
| client_sub:xcu_ota_command                | 744              | 744              | 744              | 0          | 1          | 0.000 | 0.000 KB/s |
| server_sub:embosa_left_arm_camera_control | unknown          | unknown          | unknown          | 0          | 0          | 0.000 | 0.000 KB/s |
| server_sub:/cam_arm_l_ctrl                | unknown          | unknown          | unknown          | 0          | 0          | 0.000 | 0.000 KB/s |
+-------------------------------------------+------------------+------------------+------------------+------------+------------+-------+------------+

[2026-09-29 16:19:41.578 thread:90585 info statistics.cc:167]:
+-------------------------------------------+---------------+----------------------------------------+-------------------------+-------------------------+
| Topic                                     | Peer Hostname | Peer Node Name                         | Create Time             | Match Time              |
+-------------------------------------------+---------------+----------------------------------------+-------------------------+-------------------------+
| reader_sub:power_status                   | galbot-xcu    | system_node|service_system_assist|3951 | 2026-09-29 16:19:23.364 | 2026-09-29 16:19:23.365 |
| client_sub:power_manager                  | galbot-xcu    | system_node|service_system_assist|3951 | 2026-09-29 16:19:23.206 | 2026-09-29 16:19:23.249 |
| client_sub:xcu_ota_command                | galbot-xcu    | system_node|service_system_assist|3951 | 2026-09-29 16:19:22.149 | 2026-09-29 16:19:22.848 |
| server_sub:embosa_left_arm_camera_control |               |                                        | 2026-09-29 16:19:22.125 | unmatch                 |
| server_sub:/cam_arm_l_ctrl                |               |                                        | 2026-09-29 16:19:21.807 | unmatch                 |
+-------------------------------------------+---------------+----------------------------------------+-------------------------+-------------------------+

[2026-09-29 16:19:41.578 thread:90585 info statistics.cc:245]:
+-------------------------------------------+------------------+------------------+------------------+------------+------------+-------+------------+
| Topic                                     | Latency Avg (us) | Latency Max (us) | Latency Min (us) | Loss Count | Recv Count | Hz    | Bandwidth  |
+-------------------------------------------+------------------+------------------+------------------+------------+------------+-------+------------+
| reader_sub:power_status                   | 11611            | 285252           | 745              | 0          | 29         | 1.600 | 0.160 KB/s |
| client_sub:power_manager                  | unknown          | unknown          | unknown          | 0          | 0          | 0.000 | 0.000 KB/s |
| client_sub:xcu_ota_command                | 744              | 744              | 744              | 0          | 1          | 0.000 | 0.000 KB/s |
| server_sub:embosa_left_arm_camera_control | unknown          | unknown          | unknown          | 0          | 0          | 0.000 | 0.000 KB/s |
| server_sub:/cam_arm_l_ctrl                | unknown          | unknown          | unknown          | 0          | 0          | 0.000 | 0.000 KB/s |
+-------------------------------------------+------------------+------------------+------------------+------------+------------+-------+------------+

[2026-09-29 16:19:46.586 thread:90585 info statistics.cc:167]:
+-------------------------------------------+---------------+----------------------------------------+-------------------------+-------------------------+
| Topic                                     | Peer Hostname | Peer Node Name                         | Create Time             | Match Time              |
+-------------------------------------------+---------------+----------------------------------------+-------------------------+-------------------------+
| reader_sub:power_status                   | galbot-xcu    | system_node|service_system_assist|3951 | 2026-09-29 16:19:23.364 | 2026-09-29 16:19:23.365 |
| client_sub:power_manager                  | galbot-xcu    | system_node|service_system_assist|3951 | 2026-09-29 16:19:23.206 | 2026-09-29 16:19:23.249 |
| client_sub:xcu_ota_command                | galbot-xcu    | system_node|service_system_assist|3951 | 2026-09-29 16:19:22.149 | 2026-09-29 16:19:22.848 |
| server_sub:embosa_left_arm_camera_control |               |                                        | 2026-09-29 16:19:22.125 | unmatch                 |
| server_sub:/cam_arm_l_ctrl                |               |                                        | 2026-09-29 16:19:21.807 | unmatch                 |
+-------------------------------------------+---------------+----------------------------------------+-------------------------+-------------------------+

[2026-09-29 16:19:46.587 thread:90585 info statistics.cc:245]:
+-------------------------------------------+------------------+------------------+------------------+------------+------------+-------+------------+
| Topic                                     | Latency Avg (us) | Latency Max (us) | Latency Min (us) | Loss Count | Recv Count | Hz    | Bandwidth  |
+-------------------------------------------+------------------+------------------+------------------+------------+------------+-------+------------+
| reader_sub:power_status                   | 9101             | 285252           | 644              | 0          | 38         | 1.800 | 0.180 KB/s |
| client_sub:power_manager                  | unknown          | unknown          | unknown          | 0          | 0          | 0.000 | 0.000 KB/s |
| client_sub:xcu_ota_command                | 744              | 744              | 744              | 0          | 1          | 0.000 | 0.000 KB/s |
| server_sub:embosa_left_arm_camera_control | unknown          | unknown          | unknown          | 0          | 0          | 0.000 | 0.000 KB/s |
| server_sub:/cam_arm_l_ctrl                | unknown          | unknown          | unknown          | 0          | 0          | 0.000 | 0.000 KB/s |
+-------------------------------------------+------------------+------------------+------------------+------------+------------+-------+------------+

[2026-09-29 16:19:51.595 thread:90585 info statistics.cc:167]:
+-------------------------------------------+---------------+----------------------------------------+-------------------------+-------------------------+
| Topic                                     | Peer Hostname | Peer Node Name                         | Create Time             | Match Time              |
+-------------------------------------------+---------------+----------------------------------------+-------------------------+-------------------------+
| reader_sub:power_status                   | galbot-xcu    | system_node|service_system_assist|3951 | 2026-09-29 16:19:23.364 | 2026-09-29 16:19:23.365 |
| client_sub:power_manager                  | galbot-xcu    | system_node|service_system_assist|3951 | 2026-09-29 16:19:23.206 | 2026-09-29 16:19:23.249 |
| client_sub:xcu_ota_command                | galbot-xcu    | system_node|service_system_assist|3951 | 2026-09-29 16:19:22.149 | 2026-09-29 16:19:22.848 |
| server_sub:embosa_left_arm_camera_control |               |                                        | 2026-09-29 16:19:22.125 | unmatch                 |
| server_sub:/cam_arm_l_ctrl                |               |                                        | 2026-09-29 16:19:21.807 | unmatch                 |
+-------------------------------------------+---------------+----------------------------------------+-------------------------+-------------------------+

[2026-09-29 16:19:51.595 thread:90585 info statistics.cc:245]:
+-------------------------------------------+------------------+------------------+------------------+------------+------------+-------+------------+
| Topic                                     | Latency Avg (us) | Latency Max (us) | Latency Min (us) | Loss Count | Recv Count | Hz    | Bandwidth  |
+-------------------------------------------+------------------+------------------+------------------+------------+------------+-------+------------+
| reader_sub:power_status                   | 7730             | 285252           | 644              | 0          | 46         | 1.600 | 0.160 KB/s |
| client_sub:power_manager                  | unknown          | unknown          | unknown          | 0          | 0          | 0.000 | 0.000 KB/s |
| client_sub:xcu_ota_command                | 744              | 744              | 744              | 0          | 1          | 0.000 | 0.000 KB/s |
| server_sub:embosa_left_arm_camera_control | unknown          | unknown          | unknown          | 0          | 0          | 0.000 | 0.000 KB/s |
| server_sub:/cam_arm_l_ctrl                | unknown          | unknown          | unknown          | 0          | 0          | 0.000 | 0.000 KB/s |
+-------------------------------------------+------------------+------------------+------------------+------------+------------+-------+------------+

[2026-09-29 16:19:56.604 thread:90585 info statistics.cc:167]:
+-------------------------------------------+---------------+----------------------------------------+-------------------------+-------------------------+
| Topic                                     | Peer Hostname | Peer Node Name                         | Create Time             | Match Time              |
+-------------------------------------------+---------------+----------------------------------------+-------------------------+-------------------------+
| reader_sub:power_status                   | galbot-xcu    | system_node|service_system_assist|3951 | 2026-09-29 16:19:23.364 | 2026-09-29 16:19:23.365 |
| client_sub:power_manager                  | galbot-xcu    | system_node|service_system_assist|3951 | 2026-09-29 16:19:23.206 | 2026-09-29 16:19:23.249 |
| client_sub:xcu_ota_command                | galbot-xcu    | system_node|service_system_assist|3951 | 2026-09-29 16:19:22.149 | 2026-09-29 16:19:22.848 |
| server_sub:embosa_left_arm_camera_control |               |                                        | 2026-09-29 16:19:22.125 | unmatch                 |
| server_sub:/cam_arm_l_ctrl                |               |                                        | 2026-09-29 16:19:21.807 | unmatch                 |
+-------------------------------------------+---------------+----------------------------------------+-------------------------+-------------------------+

[2026-09-29 16:19:56.604 thread:90585 info statistics.cc:245]:
+-------------------------------------------+------------------+------------------+------------------+------------+------------+-------+------------+
| Topic                                     | Latency Avg (us) | Latency Max (us) | Latency Min (us) | Loss Count | Recv Count | Hz    | Bandwidth  |
+-------------------------------------------+------------------+------------------+------------------+------------+------------+-------+------------+
| reader_sub:power_status                   | 6759             | 285252           | 644              | 0          | 54         | 1.600 | 0.160 KB/s |
| client_sub:power_manager                  | unknown          | unknown          | unknown          | 0          | 0          | 0.000 | 0.000 KB/s |
| client_sub:xcu_ota_command                | 744              | 744              | 744              | 0          | 1          | 0.000 | 0.000 KB/s |
| server_sub:embosa_left_arm_camera_control | unknown          | unknown          | unknown          | 0          | 0          | 0.000 | 0.000 KB/s |
| server_sub:/cam_arm_l_ctrl                | unknown          | unknown          | unknown          | 0          | 0          | 0.000 | 0.000 KB/s |
+-------------------------------------------+------------------+------------------+------------------+------------+------------+-------+------------+

[2026-09-29 16:20:01.611 thread:90585 info statistics.cc:167]:
+-------------------------------------------+---------------+----------------------------------------+-------------------------+-------------------------+
| Topic                                     | Peer Hostname | Peer Node Name                         | Create Time             | Match Time              |
+-------------------------------------------+---------------+----------------------------------------+-------------------------+-------------------------+
| reader_sub:power_status                   | galbot-xcu    | system_node|service_system_assist|3951 | 2026-09-29 16:19:23.364 | 2026-09-29 16:19:23.365 |
| client_sub:power_manager                  | galbot-xcu    | system_node|service_system_assist|3951 | 2026-09-29 16:19:23.206 | 2026-09-29 16:19:23.249 |
| client_sub:xcu_ota_command                | galbot-xcu    | system_node|service_system_assist|3951 | 2026-09-29 16:19:22.149 | 2026-09-29 16:19:22.848 |
| server_sub:embosa_left_arm_camera_control |               |                                        | 2026-09-29 16:19:22.125 | unmatch                 |
| server_sub:/cam_arm_l_ctrl                |               |                                        | 2026-09-29 16:19:21.807 | unmatch                 |
+-------------------------------------------+---------------+----------------------------------------+-------------------------+-------------------------+

[2026-09-29 16:20:01.611 thread:90585 info statistics.cc:245]:
+-------------------------------------------+------------------+------------------+------------------+------------+------------+-------+------------+
| Topic                                     | Latency Avg (us) | Latency Max (us) | Latency Min (us) | Loss Count | Recv Count | Hz    | Bandwidth  |
+-------------------------------------------+------------------+------------------+------------------+------------+------------+-------+------------+
| reader_sub:power_status                   | 6035             | 285252           | 626              | 0          | 63         | 1.800 | 0.180 KB/s |
| client_sub:power_manager                  | unknown          | unknown          | unknown          | 0          | 0          | 0.000 | 0.000 KB/s |
| client_sub:xcu_ota_command                | 744              | 744              | 744              | 0          | 1          | 0.000 | 0.000 KB/s |
| server_sub:embosa_left_arm_camera_control | unknown          | unknown          | unknown          | 0          | 0          | 0.000 | 0.000 KB/s |
| server_sub:/cam_arm_l_ctrl                | unknown          | unknown          | unknown          | 0          | 0          | 0.000 | 0.000 KB/s |
+-------------------------------------------+------------------+------------------+------------------+------------+------------+-------+------------+

[2026-09-29 16:20:06.616 thread:90585 info statistics.cc:167]:
+-------------------------------------------+---------------+----------------------------------------+-------------------------+-------------------------+
| Topic                                     | Peer Hostname | Peer Node Name                         | Create Time             | Match Time              |
+-------------------------------------------+---------------+----------------------------------------+-------------------------+-------------------------+
| reader_sub:power_status                   | galbot-xcu    | system_node|service_system_assist|3951 | 2026-09-29 16:19:23.364 | 2026-09-29 16:19:23.365 |
| client_sub:power_manager                  | galbot-xcu    | system_node|service_system_assist|3951 | 2026-09-29 16:19:23.206 | 2026-09-29 16:19:23.249 |
| client_sub:xcu_ota_command                | galbot-xcu    | system_node|service_system_assist|3951 | 2026-09-29 16:19:22.149 | 2026-09-29 16:19:22.848 |
| server_sub:embosa_left_arm_camera_control |               |                                        | 2026-09-29 16:19:22.125 | unmatch                 |
| server_sub:/cam_arm_l_ctrl                |               |                                        | 2026-09-29 16:19:21.807 | unmatch                 |
+-------------------------------------------+---------------+----------------------------------------+-------------------------+-------------------------+

[2026-09-29 16:20:06.616 thread:90585 info statistics.cc:245]:
+-------------------------------------------+------------------+------------------+------------------+------------+------------+-------+------------+
| Topic                                     | Latency Avg (us) | Latency Max (us) | Latency Min (us) | Loss Count | Recv Count | Hz    | Bandwidth  |
+-------------------------------------------+------------------+------------------+------------------+------------+------------+-------+------------+
| reader_sub:power_status                   | 5498             | 285252           | 626              | 0          | 71         | 1.600 | 0.160 KB/s |
| client_sub:power_manager                  | unknown          | unknown          | unknown          | 0          | 0          | 0.000 | 0.000 KB/s |
| client_sub:xcu_ota_command                | 744              | 744              | 744              | 0          | 1          | 0.000 | 0.000 KB/s |
| server_sub:embosa_left_arm_camera_control | unknown          | unknown          | unknown          | 0          | 0          | 0.000 | 0.000 KB/s |
| server_sub:/cam_arm_l_ctrl                | unknown          | unknown          | unknown          | 0          | 0          | 0.000 | 0.000 KB/s |
+-------------------------------------------+------------------+------------------+------------------+------------+------------+-------+------------+

[2026-09-29 16:20:11.624 thread:90585 info statistics.cc:167]:
+-------------------------------------------+---------------+----------------------------------------+-------------------------+-------------------------+
| Topic                                     | Peer Hostname | Peer Node Name                         | Create Time             | Match Time              |
+-------------------------------------------+---------------+----------------------------------------+-------------------------+-------------------------+
| reader_sub:power_status                   | galbot-xcu    | system_node|service_system_assist|3951 | 2026-09-29 16:19:23.364 | 2026-09-29 16:19:23.365 |
| client_sub:power_manager                  | galbot-xcu    | system_node|service_system_assist|3951 | 2026-09-29 16:19:23.206 | 2026-09-29 16:19:23.249 |
| client_sub:xcu_ota_command                | galbot-xcu    | system_node|service_system_assist|3951 | 2026-09-29 16:19:22.149 | 2026-09-29 16:19:22.848 |
| server_sub:embosa_left_arm_camera_control |               |                                        | 2026-09-29 16:19:22.125 | unmatch                 |
| server_sub:/cam_arm_l_ctrl                |               |                                        | 2026-09-29 16:19:21.807 | unmatch                 |
+-------------------------------------------+---------------+----------------------------------------+-------------------------+-------------------------+

[2026-09-29 16:20:11.624 thread:90585 info statistics.cc:245]:
+-------------------------------------------+------------------+------------------+------------------+------------+------------+-------+------------+
| Topic                                     | Latency Avg (us) | Latency Max (us) | Latency Min (us) | Loss Count | Recv Count | Hz    | Bandwidth  |
+-------------------------------------------+------------------+------------------+------------------+------------+------------+-------+------------+
| reader_sub:power_status                   | 5122             | 285252           | 537              | 0          | 79         | 1.600 | 0.160 KB/s |
| client_sub:power_manager                  | unknown          | unknown          | unknown          | 0          | 0          | 0.000 | 0.000 KB/s |
| client_sub:xcu_ota_command                | 744              | 744              | 744              | 0          | 1          | 0.000 | 0.000 KB/s |
| server_sub:embosa_left_arm_camera_control | unknown          | unknown          | unknown          | 0          | 0          | 0.000 | 0.000 KB/s |
| server_sub:/cam_arm_l_ctrl                | unknown          | unknown          | unknown          | 0          | 0          | 0.000 | 0.000 KB/s |
+-------------------------------------------+------------------+------------------+------------------+------------+------------+-------+------------+

[2026-09-29 16:20:16.636 thread:90585 info statistics.cc:167]:
+-------------------------------------------+---------------+----------------------------------------+-------------------------+-------------------------+
| Topic                                     | Peer Hostname | Peer Node Name                         | Create Time             | Match Time              |
+-------------------------------------------+---------------+----------------------------------------+-------------------------+-------------------------+
| reader_sub:power_status                   | galbot-xcu    | system_node|service_system_assist|3951 | 2026-09-29 16:19:23.364 | 2026-09-29 16:19:23.365 |
| client_sub:power_manager                  | galbot-xcu    | system_node|service_system_assist|3951 | 2026-09-29 16:19:23.206 | 2026-09-29 16:19:23.249 |
| client_sub:xcu_ota_command                | galbot-xcu    | system_node|service_system_assist|3951 | 2026-09-29 16:19:22.149 | 2026-09-29 16:19:22.848 |
| server_sub:embosa_left_arm_camera_control |               |                                        | 2026-09-29 16:19:22.125 | unmatch                 |
| server_sub:/cam_arm_l_ctrl                |               |                                        | 2026-09-29 16:19:21.807 | unmatch                 |
+-------------------------------------------+---------------+----------------------------------------+-------------------------+-------------------------+

[2026-09-29 16:20:16.636 thread:90585 info statistics.cc:245]:
+-------------------------------------------+------------------+------------------+------------------+------------+------------+-------+------------+
| Topic                                     | Latency Avg (us) | Latency Max (us) | Latency Min (us) | Loss Count | Recv Count | Hz    | Bandwidth  |
+-------------------------------------------+------------------+------------------+------------------+------------+------------+-------+------------+
| reader_sub:power_status                   | 4767             | 285252           | 475              | 0          | 88         | 1.800 | 0.180 KB/s |
| client_sub:power_manager                  | unknown          | unknown          | unknown          | 0          | 0          | 0.000 | 0.000 KB/s |
| client_sub:xcu_ota_command                | 744              | 744              | 744              | 0          | 1          | 0.000 | 0.000 KB/s |
| server_sub:embosa_left_arm_camera_control | unknown          | unknown          | unknown          | 0          | 0          | 0.000 | 0.000 KB/s |
| server_sub:/cam_arm_l_ctrl                | unknown          | unknown          | unknown          | 0          | 0          | 0.000 | 0.000 KB/s |
+-------------------------------------------+------------------+------------------+------------------+------------+------------+-------+------------+

[2026-09-29 16:20:21.652 thread:90585 info statistics.cc:167]:
+-------------------------------------------+---------------+----------------------------------------+-------------------------+-------------------------+
| Topic                                     | Peer Hostname | Peer Node Name                         | Create Time             | Match Time              |
+-------------------------------------------+---------------+----------------------------------------+-------------------------+-------------------------+
| reader_sub:power_status                   | galbot-xcu    | system_node|service_system_assist|3951 | 2026-09-29 16:19:23.364 | 2026-09-29 16:19:23.365 |
| client_sub:power_manager                  | galbot-xcu    | system_node|service_system_assist|3951 | 2026-09-29 16:19:23.206 | 2026-09-29 16:19:23.249 |
| client_sub:xcu_ota_command                | galbot-xcu    | system_node|service_system_assist|3951 | 2026-09-29 16:19:22.149 | 2026-09-29 16:19:22.848 |
| server_sub:embosa_left_arm_camera_control |               |                                        | 2026-09-29 16:19:22.125 | unmatch                 |
| server_sub:/cam_arm_l_ctrl                |               |                                        | 2026-09-29 16:19:21.807 | unmatch                 |
+-------------------------------------------+---------------+----------------------------------------+-------------------------+-------------------------+

[2026-09-29 16:20:21.652 thread:90585 info statistics.cc:245]:
+-------------------------------------------+------------------+------------------+------------------+------------+------------+-------+------------+
| Topic                                     | Latency Avg (us) | Latency Max (us) | Latency Min (us) | Loss Count | Recv Count | Hz    | Bandwidth  |
+-------------------------------------------+------------------+------------------+------------------+------------+------------+-------+------------+
| reader_sub:power_status                   | 4465             | 285252           | 475              | 0          | 96         | 1.600 | 0.160 KB/s |
| client_sub:power_manager                  | unknown          | unknown          | unknown          | 0          | 0          | 0.000 | 0.000 KB/s |
| client_sub:xcu_ota_command                | 744              | 744              | 744              | 0          | 1          | 0.000 | 0.000 KB/s |
| server_sub:embosa_left_arm_camera_control | unknown          | unknown          | unknown          | 0          | 0          | 0.000 | 0.000 KB/s |
| server_sub:/cam_arm_l_ctrl                | unknown          | unknown          | unknown          | 0          | 0          | 0.000 | 0.000 KB/s |
+-------------------------------------------+------------------+------------------+------------------+------------+------------+-------+------------+

[2026-09-29 16:20:26.665 thread:90585 info statistics.cc:167]:
+-------------------------------------------+---------------+----------------------------------------+-------------------------+-------------------------+
| Topic                                     | Peer Hostname | Peer Node Name                         | Create Time             | Match Time              |
+-------------------------------------------+---------------+----------------------------------------+-------------------------+-------------------------+
| reader_sub:power_status                   | galbot-xcu    | system_node|service_system_assist|3951 | 2026-09-29 16:19:23.364 | 2026-09-29 16:19:23.365 |
| client_sub:power_manager                  | galbot-xcu    | system_node|service_system_assist|3951 | 2026-09-29 16:19:23.206 | 2026-09-29 16:19:23.249 |
| client_sub:xcu_ota_command                | galbot-xcu    | system_node|service_system_assist|3951 | 2026-09-29 16:19:22.149 | 2026-09-29 16:19:22.848 |
| server_sub:embosa_left_arm_camera_control |               |                                        | 2026-09-29 16:19:22.125 | unmatch                 |
| server_sub:/cam_arm_l_ctrl                |               |                                        | 2026-09-29 16:19:21.807 | unmatch                 |
+-------------------------------------------+---------------+----------------------------------------+-------------------------+-------------------------+

[2026-09-29 16:20:26.665 thread:90585 info statistics.cc:245]:
+-------------------------------------------+------------------+------------------+------------------+------------+------------+-------+------------+
| Topic                                     | Latency Avg (us) | Latency Max (us) | Latency Min (us) | Loss Count | Recv Count | Hz    | Bandwidth  |
+-------------------------------------------+------------------+------------------+------------------+------------+------------+-------+------------+
| reader_sub:power_status                   | 4226             | 285252           | 475              | 0          | 104        | 1.600 | 0.160 KB/s |
| client_sub:power_manager                  | unknown          | unknown          | unknown          | 0          | 0          | 0.000 | 0.000 KB/s |
| client_sub:xcu_ota_command                | 744              | 744              | 744              | 0          | 1          | 0.000 | 0.000 KB/s |
| server_sub:embosa_left_arm_camera_control | unknown          | unknown          | unknown          | 0          | 0          | 0.000 | 0.000 KB/s |
| server_sub:/cam_arm_l_ctrl                | unknown          | unknown          | unknown          | 0          | 0          | 0.000 | 0.000 KB/s |
+-------------------------------------------+------------------+------------------+------------------+------------+------------+-------+------------+

[2026-09-29 16:20:31.690 thread:90585 info statistics.cc:167]:
+-------------------------------------------+---------------+----------------------------------------+-------------------------+-------------------------+
| Topic                                     | Peer Hostname | Peer Node Name                         | Create Time             | Match Time              |
+-------------------------------------------+---------------+----------------------------------------+-------------------------+-------------------------+
| reader_sub:power_status                   | galbot-xcu    | system_node|service_system_assist|3951 | 2026-09-29 16:19:23.364 | 2026-09-29 16:19:23.365 |
| client_sub:power_manager                  | galbot-xcu    | system_node|service_system_assist|3951 | 2026-09-29 16:19:23.206 | 2026-09-29 16:19:23.249 |
| client_sub:xcu_ota_command                | galbot-xcu    | system_node|service_system_assist|3951 | 2026-09-29 16:19:22.149 | 2026-09-29 16:19:22.848 |
| server_sub:embosa_left_arm_camera_control |               |                                        | 2026-09-29 16:19:22.125 | unmatch                 |
| server_sub:/cam_arm_l_ctrl                |               |                                        | 2026-09-29 16:19:21.807 | unmatch                 |
+-------------------------------------------+---------------+----------------------------------------+-------------------------+-------------------------+

[2026-09-29 16:20:31.690 thread:90585 info statistics.cc:245]:
+-------------------------------------------+------------------+------------------+------------------+------------+------------+-------+------------+
| Topic                                     | Latency Avg (us) | Latency Max (us) | Latency Min (us) | Loss Count | Recv Count | Hz    | Bandwidth  |
+-------------------------------------------+------------------+------------------+------------------+------------+------------+-------+------------+
| reader_sub:power_status                   | 3981             | 285252           | 475              | 0          | 113        | 1.800 | 0.180 KB/s |
| client_sub:power_manager                  | unknown          | unknown          | unknown          | 0          | 0          | 0.000 | 0.000 KB/s |
| client_sub:xcu_ota_command                | 744              | 744              | 744              | 0          | 1          | 0.000 | 0.000 KB/s |
| server_sub:embosa_left_arm_camera_control | unknown          | unknown          | unknown          | 0          | 0          | 0.000 | 0.000 KB/s |
| server_sub:/cam_arm_l_ctrl                | unknown          | unknown          | unknown          | 0          | 0          | 0.000 | 0.000 KB/s |
+-------------------------------------------+------------------+------------------+------------------+------------+------------+-------+------------+

[2026-09-29 16:20:36.703 thread:90585 info statistics.cc:167]:
+-------------------------------------------+---------------+----------------------------------------+-------------------------+-------------------------+
| Topic                                     | Peer Hostname | Peer Node Name                         | Create Time             | Match Time              |
+-------------------------------------------+---------------+----------------------------------------+-------------------------+-------------------------+
| reader_sub:power_status                   | galbot-xcu    | system_node|service_system_assist|3951 | 2026-09-29 16:19:23.364 | 2026-09-29 16:19:23.365 |
| client_sub:power_manager                  | galbot-xcu    | system_node|service_system_assist|3951 | 2026-09-29 16:19:23.206 | 2026-09-29 16:19:23.249 |
| client_sub:xcu_ota_command                | galbot-xcu    | system_node|service_system_assist|3951 | 2026-09-29 16:19:22.149 | 2026-09-29 16:19:22.848 |
| server_sub:embosa_left_arm_camera_control |               |                                        | 2026-09-29 16:19:22.125 | unmatch                 |
| server_sub:/cam_arm_l_ctrl                |               |                                        | 2026-09-29 16:19:21.807 | unmatch                 |
+-------------------------------------------+---------------+----------------------------------------+-------------------------+-------------------------+

[2026-09-29 16:20:36.703 thread:90585 info statistics.cc:245]:
+-------------------------------------------+------------------+------------------+------------------+------------+------------+-------+------------+
| Topic                                     | Latency Avg (us) | Latency Max (us) | Latency Min (us) | Loss Count | Recv Count | Hz    | Bandwidth  |
+-------------------------------------------+------------------+------------------+------------------+------------+------------+-------+------------+
| reader_sub:power_status                   | 3800             | 285252           | 475              | 0          | 121        | 1.600 | 0.160 KB/s |
| client_sub:power_manager                  | unknown          | unknown          | unknown          | 0          | 0          | 0.000 | 0.000 KB/s |
| client_sub:xcu_ota_command                | 744              | 744              | 744              | 0          | 1          | 0.000 | 0.000 KB/s |
| server_sub:embosa_left_arm_camera_control | unknown          | unknown          | unknown          | 0          | 0          | 0.000 | 0.000 KB/s |
| server_sub:/cam_arm_l_ctrl                | unknown          | unknown          | unknown          | 0          | 0          | 0.000 | 0.000 KB/s |
+-------------------------------------------+------------------+------------------+------------------+------------+------------+-------+------------+

[2026-09-29 16:20:41.714 thread:90585 info statistics.cc:167]:
+-------------------------------------------+---------------+----------------------------------------+-------------------------+-------------------------+
| Topic                                     | Peer Hostname | Peer Node Name                         | Create Time             | Match Time              |
+-------------------------------------------+---------------+----------------------------------------+-------------------------+-------------------------+
| reader_sub:power_status                   | galbot-xcu    | system_node|service_system_assist|3951 | 2026-09-29 16:19:23.364 | 2026-09-29 16:19:23.365 |
| client_sub:power_manager                  | galbot-xcu    | system_node|service_system_assist|3951 | 2026-09-29 16:19:23.206 | 2026-09-29 16:19:23.249 |
| client_sub:xcu_ota_command                | galbot-xcu    | system_node|service_system_assist|3951 | 2026-09-29 16:19:22.149 | 2026-09-29 16:19:22.848 |
| server_sub:embosa_left_arm_camera_control |               |                                        | 2026-09-29 16:19:22.125 | unmatch                 |
| server_sub:/cam_arm_l_ctrl                |               |                                        | 2026-09-29 16:19:21.807 | unmatch                 |
+-------------------------------------------+---------------+----------------------------------------+-------------------------+-------------------------+

[2026-09-29 16:20:41.714 thread:90585 info statistics.cc:245]:
+-------------------------------------------+------------------+------------------+------------------+------------+------------+-------+------------+
| Topic                                     | Latency Avg (us) | Latency Max (us) | Latency Min (us) | Loss Count | Recv Count | Hz    | Bandwidth  |
+-------------------------------------------+------------------+------------------+------------------+------------+------------+-------+------------+
| reader_sub:power_status                   | 3641             | 285252           | 475              | 0          | 129        | 1.600 | 0.160 KB/s |
| client_sub:power_manager                  | unknown          | unknown          | unknown          | 0          | 0          | 0.000 | 0.000 KB/s |
| client_sub:xcu_ota_command                | 744              | 744              | 744              | 0          | 1          | 0.000 | 0.000 KB/s |
| server_sub:embosa_left_arm_camera_control | unknown          | unknown          | unknown          | 0          | 0          | 0.000 | 0.000 KB/s |
| server_sub:/cam_arm_l_ctrl                | unknown          | unknown          | unknown          | 0          | 0          | 0.000 | 0.000 KB/s |
+-------------------------------------------+------------------+------------------+------------------+------------+------------+-------+------------+

[2026-09-29 16:20:46.721 thread:90585 info statistics.cc:167]:
+-------------------------------------------+---------------+----------------------------------------+-------------------------+-------------------------+
| Topic                                     | Peer Hostname | Peer Node Name                         | Create Time             | Match Time              |
+-------------------------------------------+---------------+----------------------------------------+-------------------------+-------------------------+
| reader_sub:power_status                   | galbot-xcu    | system_node|service_system_assist|3951 | 2026-09-29 16:19:23.364 | 2026-09-29 16:19:23.365 |
| client_sub:power_manager                  | galbot-xcu    | system_node|service_system_assist|3951 | 2026-09-29 16:19:23.206 | 2026-09-29 16:19:23.249 |
| client_sub:xcu_ota_command                | galbot-xcu    | system_node|service_system_assist|3951 | 2026-09-29 16:19:22.149 | 2026-09-29 16:19:22.848 |
| server_sub:embosa_left_arm_camera_control |               |                                        | 2026-09-29 16:19:22.125 | unmatch                 |
| server_sub:/cam_arm_l_ctrl                |               |                                        | 2026-09-29 16:19:21.807 | unmatch                 |
+-------------------------------------------+---------------+----------------------------------------+-------------------------+-------------------------+

[2026-09-29 16:20:46.721 thread:90585 info statistics.cc:245]:
+-------------------------------------------+------------------+------------------+------------------+------------+------------+-------+------------+
| Topic                                     | Latency Avg (us) | Latency Max (us) | Latency Min (us) | Loss Count | Recv Count | Hz    | Bandwidth  |
+-------------------------------------------+------------------+------------------+------------------+------------+------------+-------+------------+
| reader_sub:power_status                   | 3466             | 285252           | 475              | 0          | 138        | 1.800 | 0.180 KB/s |
| client_sub:power_manager                  | unknown          | unknown          | unknown          | 0          | 0          | 0.000 | 0.000 KB/s |
| client_sub:xcu_ota_command                | 744              | 744              | 744              | 0          | 1          | 0.000 | 0.000 KB/s |
| server_sub:embosa_left_arm_camera_control | unknown          | unknown          | unknown          | 0          | 0          | 0.000 | 0.000 KB/s |
| server_sub:/cam_arm_l_ctrl                | unknown          | unknown          | unknown          | 0          | 0          | 0.000 | 0.000 KB/s |
+-------------------------------------------+------------------+------------------+------------------+------------+------------+-------+------------+

[2026-09-29 16:20:51.727 thread:90585 info statistics.cc:167]:
+-------------------------------------------+---------------+----------------------------------------+-------------------------+-------------------------+
| Topic                                     | Peer Hostname | Peer Node Name                         | Create Time             | Match Time              |
+-------------------------------------------+---------------+----------------------------------------+-------------------------+-------------------------+
| reader_sub:power_status                   | galbot-xcu    | system_node|service_system_assist|3951 | 2026-09-29 16:19:23.364 | 2026-09-29 16:19:23.365 |
| client_sub:power_manager                  | galbot-xcu    | system_node|service_system_assist|3951 | 2026-09-29 16:19:23.206 | 2026-09-29 16:19:23.249 |
| client_sub:xcu_ota_command                | galbot-xcu    | system_node|service_system_assist|3951 | 2026-09-29 16:19:22.149 | 2026-09-29 16:19:22.848 |
| server_sub:embosa_left_arm_camera_control |               |                                        | 2026-09-29 16:19:22.125 | unmatch                 |
| server_sub:/cam_arm_l_ctrl                |               |                                        | 2026-09-29 16:19:21.807 | unmatch                 |
+-------------------------------------------+---------------+----------------------------------------+-------------------------+-------------------------+

[2026-09-29 16:20:51.727 thread:90585 info statistics.cc:245]:
+-------------------------------------------+------------------+------------------+------------------+------------+------------+-------+------------+
| Topic                                     | Latency Avg (us) | Latency Max (us) | Latency Min (us) | Loss Count | Recv Count | Hz    | Bandwidth  |
+-------------------------------------------+------------------+------------------+------------------+------------+------------+-------+------------+
| reader_sub:power_status                   | 3345             | 285252           | 475              | 0          | 146        | 1.600 | 0.160 KB/s |
| client_sub:power_manager                  | unknown          | unknown          | unknown          | 0          | 0          | 0.000 | 0.000 KB/s |
| client_sub:xcu_ota_command                | 744              | 744              | 744              | 0          | 1          | 0.000 | 0.000 KB/s |
| server_sub:embosa_left_arm_camera_control | unknown          | unknown          | unknown          | 0          | 0          | 0.000 | 0.000 KB/s |
| server_sub:/cam_arm_l_ctrl                | unknown          | unknown          | unknown          | 0          | 0          | 0.000 | 0.000 KB/s |
+-------------------------------------------+------------------+------------------+------------------+------------+------------+-------+------------+

[2026-09-29 16:20:56.735 thread:90585 info statistics.cc:167]:
+-------------------------------------------+---------------+----------------------------------------+-------------------------+-------------------------+
| Topic                                     | Peer Hostname | Peer Node Name                         | Create Time             | Match Time              |
+-------------------------------------------+---------------+----------------------------------------+-------------------------+-------------------------+
| reader_sub:power_status                   | galbot-xcu    | system_node|service_system_assist|3951 | 2026-09-29 16:19:23.364 | 2026-09-29 16:19:23.365 |
| client_sub:power_manager                  | galbot-xcu    | system_node|service_system_assist|3951 | 2026-09-29 16:19:23.206 | 2026-09-29 16:19:23.249 |
| client_sub:xcu_ota_command                | galbot-xcu    | system_node|service_system_assist|3951 | 2026-09-29 16:19:22.149 | 2026-09-29 16:19:22.848 |
| server_sub:embosa_left_arm_camera_control |               |                                        | 2026-09-29 16:19:22.125 | unmatch                 |
| server_sub:/cam_arm_l_ctrl                |               |                                        | 2026-09-29 16:19:21.807 | unmatch                 |
+-------------------------------------------+---------------+----------------------------------------+-------------------------+-------------------------+

[2026-09-29 16:20:56.735 thread:90585 info statistics.cc:245]:
+-------------------------------------------+------------------+------------------+------------------+------------+------------+-------+------------+
| Topic                                     | Latency Avg (us) | Latency Max (us) | Latency Min (us) | Loss Count | Recv Count | Hz    | Bandwidth  |
+-------------------------------------------+------------------+------------------+------------------+------------+------------+-------+------------+
| reader_sub:power_status                   | 3220             | 285252           | 475              | 0          | 155        | 1.800 | 0.180 KB/s |
| client_sub:power_manager                  | unknown          | unknown          | unknown          | 0          | 0          | 0.000 | 0.000 KB/s |
| client_sub:xcu_ota_command                | 744              | 744              | 744              | 0          | 1          | 0.000 | 0.000 KB/s |
| server_sub:embosa_left_arm_camera_control | unknown          | unknown          | unknown          | 0          | 0          | 0.000 | 0.000 KB/s |
| server_sub:/cam_arm_l_ctrl                | unknown          | unknown          | unknown          | 0          | 0          | 0.000 | 0.000 KB/s |
+-------------------------------------------+------------------+------------------+------------------+------------+------------+-------+------------+

[2026-09-29 16:21:01.744 thread:90585 info statistics.cc:167]:
+-------------------------------------------+---------------+----------------------------------------+-------------------------+-------------------------+
| Topic                                     | Peer Hostname | Peer Node Name                         | Create Time             | Match Time              |
+-------------------------------------------+---------------+----------------------------------------+-------------------------+-------------------------+
| reader_sub:power_status                   | galbot-xcu    | system_node|service_system_assist|3951 | 2026-09-29 16:19:23.364 | 2026-09-29 16:19:23.365 |
| client_sub:power_manager                  | galbot-xcu    | system_node|service_system_assist|3951 | 2026-09-29 16:19:23.206 | 2026-09-29 16:19:23.249 |
| client_sub:xcu_ota_command                | galbot-xcu    | system_node|service_system_assist|3951 | 2026-09-29 16:19:22.149 | 2026-09-29 16:19:22.848 |
| server_sub:embosa_left_arm_camera_control |               |                                        | 2026-09-29 16:19:22.125 | unmatch                 |
| server_sub:/cam_arm_l_ctrl                |               |                                        | 2026-09-29 16:19:21.807 | unmatch                 |
+-------------------------------------------+---------------+----------------------------------------+-------------------------+-------------------------+

[2026-09-29 16:21:01.744 thread:90585 info statistics.cc:245]:
+-------------------------------------------+------------------+------------------+------------------+------------+------------+-------+------------+
| Topic                                     | Latency Avg (us) | Latency Max (us) | Latency Min (us) | Loss Count | Recv Count | Hz    | Bandwidth  |
+-------------------------------------------+------------------+------------------+------------------+------------+------------+-------+------------+
| reader_sub:power_status                   | 3102             | 285252           | 475              | 0          | 164        | 1.800 | 0.180 KB/s |
| client_sub:power_manager                  | unknown          | unknown          | unknown          | 0          | 0          | 0.000 | 0.000 KB/s |
| client_sub:xcu_ota_command                | 744              | 744              | 744              | 0          | 1          | 0.000 | 0.000 KB/s |
| server_sub:embosa_left_arm_camera_control | unknown          | unknown          | unknown          | 0          | 0          | 0.000 | 0.000 KB/s |
| server_sub:/cam_arm_l_ctrl                | unknown          | unknown          | unknown          | 0          | 0          | 0.000 | 0.000 KB/s |
+-------------------------------------------+------------------+------------------+------------------+------------+------------+-------+------------+

[2026-09-29 16:21:06.753 thread:90585 info statistics.cc:167]:
+-------------------------------------------+---------------+----------------------------------------+-------------------------+-------------------------+
| Topic                                     | Peer Hostname | Peer Node Name                         | Create Time             | Match Time              |
+-------------------------------------------+---------------+----------------------------------------+-------------------------+-------------------------+
| reader_sub:power_status                   | galbot-xcu    | system_node|service_system_assist|3951 | 2026-09-29 16:19:23.364 | 2026-09-29 16:19:23.365 |
| client_sub:power_manager                  | galbot-xcu    | system_node|service_system_assist|3951 | 2026-09-29 16:19:23.206 | 2026-09-29 16:19:23.249 |
| client_sub:xcu_ota_command                | galbot-xcu    | system_node|service_system_assist|3951 | 2026-09-29 16:19:22.149 | 2026-09-29 16:19:22.848 |
| server_sub:embosa_left_arm_camera_control |               |                                        | 2026-09-29 16:19:22.125 | unmatch                 |
| server_sub:/cam_arm_l_ctrl                |               |                                        | 2026-09-29 16:19:21.807 | unmatch                 |
+-------------------------------------------+---------------+----------------------------------------+-------------------------+-------------------------+

[2026-09-29 16:21:06.753 thread:90585 info statistics.cc:245]:
+-------------------------------------------+------------------+------------------+------------------+------------+------------+-------+------------+
| Topic                                     | Latency Avg (us) | Latency Max (us) | Latency Min (us) | Loss Count | Recv Count | Hz    | Bandwidth  |
+-------------------------------------------+------------------+------------------+------------------+------------+------------+-------+------------+
| reader_sub:power_status                   | 3012             | 285252           | 475              | 0          | 172        | 1.600 | 0.160 KB/s |
| client_sub:power_manager                  | unknown          | unknown          | unknown          | 0          | 0          | 0.000 | 0.000 KB/s |
| client_sub:xcu_ota_command                | 744              | 744              | 744              | 0          | 1          | 0.000 | 0.000 KB/s |
| server_sub:embosa_left_arm_camera_control | unknown          | unknown          | unknown          | 0          | 0          | 0.000 | 0.000 KB/s |
| server_sub:/cam_arm_l_ctrl                | unknown          | unknown          | unknown          | 0          | 0          | 0.000 | 0.000 KB/s |
+-------------------------------------------+------------------+------------------+------------------+------------+------------+-------+------------+

[2026-09-29 16:21:11.762 thread:90585 info statistics.cc:167]:
+-------------------------------------------+---------------+----------------------------------------+-------------------------+-------------------------+
| Topic                                     | Peer Hostname | Peer Node Name                         | Create Time             | Match Time              |
+-------------------------------------------+---------------+----------------------------------------+-------------------------+-------------------------+
| reader_sub:power_status                   | galbot-xcu    | system_node|service_system_assist|3951 | 2026-09-29 16:19:23.364 | 2026-09-29 16:19:23.365 |
| client_sub:power_manager                  | galbot-xcu    | system_node|service_system_assist|3951 | 2026-09-29 16:19:23.206 | 2026-09-29 16:19:23.249 |
| client_sub:xcu_ota_command                | galbot-xcu    | system_node|service_system_assist|3951 | 2026-09-29 16:19:22.149 | 2026-09-29 16:19:22.848 |
| server_sub:embosa_left_arm_camera_control |               |                                        | 2026-09-29 16:19:22.125 | unmatch                 |
| server_sub:/cam_arm_l_ctrl                |               |                                        | 2026-09-29 16:19:21.807 | unmatch                 |
+-------------------------------------------+---------------+----------------------------------------+-------------------------+-------------------------+

[2026-09-29 16:21:11.762 thread:90585 info statistics.cc:245]:
+-------------------------------------------+------------------+------------------+------------------+------------+------------+-------+------------+
| Topic                                     | Latency Avg (us) | Latency Max (us) | Latency Min (us) | Loss Count | Recv Count | Hz    | Bandwidth  |
+-------------------------------------------+------------------+------------------+------------------+------------+------------+-------+------------+
| reader_sub:power_status                   | 2930             | 285252           | 475              | 0          | 180        | 1.600 | 0.160 KB/s |
| client_sub:power_manager                  | unknown          | unknown          | unknown          | 0          | 0          | 0.000 | 0.000 KB/s |
| client_sub:xcu_ota_command                | 744              | 744              | 744              | 0          | 1          | 0.000 | 0.000 KB/s |
| server_sub:embosa_left_arm_camera_control | unknown          | unknown          | unknown          | 0          | 0          | 0.000 | 0.000 KB/s |
| server_sub:/cam_arm_l_ctrl                | unknown          | unknown          | unknown          | 0          | 0          | 0.000 | 0.000 KB/s |
+-------------------------------------------+------------------+------------------+------------------+------------+------------+-------+------------+

