[2026-09-29 15:05:46.223 thread:1581778 info statistics.cc:167]:
+-------------------------------------------------------+---------------+-------------------------------------------------------------------------+-------------------------+-------------------------+
| Topic                                                 | Peer Hostname | Peer Node Name                                                          | Create Time             | Match Time              |
+-------------------------------------------------------+---------------+-------------------------------------------------------------------------+-------------------------+-------------------------+
| reader_sub:/galbot/mic                                | galbot-echo   | vtn_mic_node|galbot_vtn|4061                                            | 2026-09-29 15:05:41.665 | unmatch                 |
| reader_sub:singorix/wbcs/sensor                       | galbot-xcu    | singorix_wbcs_main|singorix_wbcs_main|4379                              | 2026-09-29 15:05:41.453 | 2026-09-29 15:05:41.456 |
| reader_sub:singorix/wbcs/wbc_info                     | galbot-xcu    | singorix_wbcs_main|singorix_wbcs_main|4379                              | 2026-09-29 15:05:41.448 | 2026-09-29 15:05:41.451 |
| reader_sub:/cam_arm_l/meta_data/params                | galbot-echo   | service_left_arm_camera_sensor_capture|left_arm_camera_capture|4410     | 2026-09-29 15:05:41.258 | unmatch                 |
| reader_sub:/cam_arm_r/meta_data/params                | galbot-echo   | service_right_arm_camera_sensor_capture|right_arm_camera_capture|4407   | 2026-09-29 15:05:41.265 | unmatch                 |
| reader_sub:/front_head_camera/right_color/image_raw   | galbot-echo   | service_front_head_camera_sensor_capture|front_head_camera_capture|4401 | 2026-09-29 15:05:41.275 | unmatch                 |
| reader_sub:/front_head_camera/right_color/camera_info | galbot-echo   | service_front_head_camera_sensor_capture|front_head_camera_capture|4401 | 2026-09-29 15:05:41.311 | unmatch                 |
| reader_sub:/left_arm_camera/color/image_raw           | galbot-echo   | service_left_arm_camera_sensor_capture|left_arm_camera_capture|4410     | 2026-09-29 15:05:41.322 | unmatch                 |
| reader_sub:/left_arm_camera/color/camera_info         | galbot-echo   | service_left_arm_camera_sensor_capture|left_arm_camera_capture|4410     | 2026-09-29 15:05:41.339 | unmatch                 |
| reader_sub:/right_arm_camera/color/image_raw          | galbot-echo   | service_right_arm_camera_sensor_capture|right_arm_camera_capture|4407   | 2026-09-29 15:05:41.344 | unmatch                 |
| reader_sub:/embosa_tf_static                          | galbot-echo   | robot_state_publisher|robot_state_publish|4400                          | 2026-09-29 15:05:41.372 | unmatch                 |
|                                                       | galbot-echo   | embosa_eyehand_calib_publish|eyehand_calib_publish|4399                 |                         |                         |
| reader_sub:/galbot/mission_manager/onboard_config     | galbot-xcu    | context_mission_mode|mission_manager|3595                               | 2026-09-29 15:05:41.376 | 2026-09-29 15:05:41.557 |
|                                                       | galbot-xcu    | version_node|devinfo_server|3655                                        |                         |                         |
| reader_sub:/embosa_tf                                 | galbot-echo   | service_left_arm_camera_sensor_capture|left_arm_camera_capture|4410     | 2026-09-29 15:05:41.367 | unmatch                 |
|                                                       | galbot-echo   | embosa_localization_node|localization_server|4403                       |                         |                         |
|                                                       | galbot-echo   | robot_state_publisher|robot_state_publish|4400                          |                         |                         |
|                                                       | galbot-echo   | service_front_head_camera_sensor_capture|front_head_camera_capture|4401 |                         |                         |
|                                                       | galbot-echo   | service_right_arm_camera_sensor_capture|right_arm_camera_capture|4407   |                         |                         |
| reader_sub:/odom/base_link                            | galbot-xcu    | embosa_test_rpc_client_node|galbot_chassis_service|3945                 | 2026-09-29 15:05:41.458 | 2026-09-29 15:05:42.454 |
| reader_sub:/right_arm_camera/color/camera_info        | galbot-echo   | service_right_arm_camera_sensor_capture|right_arm_camera_capture|4407   | 2026-09-29 15:05:41.362 | unmatch                 |
| reader_sub:singorix/wbcs/error                        | galbot-xcu    | singorix_wbcs_main|singorix_wbcs_main|4379                              | 2026-09-29 15:05:41.444 | 2026-09-29 15:05:41.447 |
| reader_sub:bms                                        | galbot-xcu    | embosa_bms_sub_node|galbot_chassis_service|3945                         | 2026-09-29 15:05:41.381 | 2026-09-29 15:05:42.454 |
| client_sub:singorix/wbcs/controller_server            | galbot-xcu    | singorix_wbcs_main|singorix_wbcs_main|4379                              | 2026-09-29 15:05:41.417 | 2026-09-29 15:05:41.441 |
| client_sub:singorix/wbcs/target_server                | galbot-xcu    | singorix_wbcs_main|singorix_wbcs_main|4379                              | 2026-09-29 15:05:41.391 | 2026-09-29 15:05:41.415 |
+-------------------------------------------------------+---------------+-------------------------------------------------------------------------+-------------------------+-------------------------+

[2026-09-29 15:05:46.224 thread:1581778 info statistics.cc:245]:
+-------------------------------------------------------+------------------+------------------+------------------+------------+------------+---------+--------------+
| Topic                                                 | Latency Avg (us) | Latency Max (us) | Latency Min (us) | Loss Count | Recv Count | Hz      | Bandwidth    |
+-------------------------------------------------------+------------------+------------------+------------------+------------+------------+---------+--------------+
| reader_sub:/galbot/mic                                | unknown          | unknown          | unknown          | 0          | 0          | 0.000   | 0.000 KB/s   |
| reader_sub:singorix/wbcs/sensor                       | 1673             | 32829            | 494              | 0          | 506        | 101.200 | 200.781 KB/s |
| reader_sub:singorix/wbcs/wbc_info                     | 1615             | 14209            | 554              | 0          | 254        | 50.800  | 410.945 KB/s |
| reader_sub:/cam_arm_l/meta_data/params                | unknown          | unknown          | unknown          | 0          | 0          | 0.000   | 0.000 KB/s   |
| reader_sub:/cam_arm_r/meta_data/params                | unknown          | unknown          | unknown          | 0          | 0          | 0.000   | 0.000 KB/s   |
| reader_sub:/front_head_camera/right_color/image_raw   | unknown          | unknown          | unknown          | 0          | 0          | 0.000   | 0.000 KB/s   |
| reader_sub:/front_head_camera/right_color/camera_info | unknown          | unknown          | unknown          | 0          | 0          | 0.000   | 0.000 KB/s   |
| reader_sub:/left_arm_camera/color/image_raw           | unknown          | unknown          | unknown          | 0          | 0          | 0.000   | 0.000 KB/s   |
| reader_sub:/left_arm_camera/color/camera_info         | unknown          | unknown          | unknown          | 0          | 0          | 0.000   | 0.000 KB/s   |
| reader_sub:/right_arm_camera/color/image_raw          | unknown          | unknown          | unknown          | 0          | 0          | 0.000   | 0.000 KB/s   |
| reader_sub:/embosa_tf_static                          | unknown          | unknown          | unknown          | 0          | 0          | 0.000   | 0.000 KB/s   |
| reader_sub:/galbot/mission_manager/onboard_config     | 684              | 828              | 352              | 0          | 4          | 0.800   | 0.035 KB/s   |
| reader_sub:/embosa_tf                                 | unknown          | unknown          | unknown          | 0          | 0          | 0.000   | 0.000 KB/s   |
| reader_sub:/odom/base_link                            | 719              | 3931             | 337              | 0          | 377        | 75.400  | 8.294 KB/s   |
| reader_sub:/right_arm_camera/color/camera_info        | unknown          | unknown          | unknown          | 0          | 0          | 0.000   | 0.000 KB/s   |
| reader_sub:singorix/wbcs/error                        | 1675             | 194820           | 347              | 0          | 508        | 101.600 | 1.524 KB/s   |
| reader_sub:bms                                        | 1148             | 1498             | 929              | 0          | 4          | 0.800   | 0.858 KB/s   |
| client_sub:singorix/wbcs/controller_server            | unknown          | unknown          | unknown          | 0          | 0          | 0.000   | 0.000 KB/s   |
| client_sub:singorix/wbcs/target_server                | unknown          | unknown          | unknown          | 0          | 0          | 0.000   | 0.000 KB/s   |
+-------------------------------------------------------+------------------+------------------+------------------+------------+------------+---------+--------------+

[2026-09-29 15:05:51.236 thread:1581778 info statistics.cc:167]:
+-------------------------------------------------------+---------------+-------------------------------------------------------------------------+-------------------------+-------------------------+
| Topic                                                 | Peer Hostname | Peer Node Name                                                          | Create Time             | Match Time              |
+-------------------------------------------------------+---------------+-------------------------------------------------------------------------+-------------------------+-------------------------+
| reader_sub:/galbot/mic                                | galbot-echo   | vtn_mic_node|galbot_vtn|4061                                            | 2026-09-29 15:05:41.665 | unmatch                 |
| reader_sub:singorix/wbcs/sensor                       | galbot-xcu    | singorix_wbcs_main|singorix_wbcs_main|4379                              | 2026-09-29 15:05:41.453 | 2026-09-29 15:05:41.456 |
| reader_sub:singorix/wbcs/wbc_info                     | galbot-xcu    | singorix_wbcs_main|singorix_wbcs_main|4379                              | 2026-09-29 15:05:41.448 | 2026-09-29 15:05:41.451 |
| reader_sub:/cam_arm_l/meta_data/params                | galbot-echo   | service_left_arm_camera_sensor_capture|left_arm_camera_capture|4410     | 2026-09-29 15:05:41.258 | unmatch                 |
| reader_sub:/cam_arm_r/meta_data/params                | galbot-echo   | service_right_arm_camera_sensor_capture|right_arm_camera_capture|4407   | 2026-09-29 15:05:41.265 | unmatch                 |
| reader_sub:/front_head_camera/right_color/image_raw   | galbot-echo   | service_front_head_camera_sensor_capture|front_head_camera_capture|4401 | 2026-09-29 15:05:41.275 | unmatch                 |
| reader_sub:/front_head_camera/right_color/camera_info | galbot-echo   | service_front_head_camera_sensor_capture|front_head_camera_capture|4401 | 2026-09-29 15:05:41.311 | unmatch                 |
| reader_sub:/left_arm_camera/color/image_raw           | galbot-echo   | service_left_arm_camera_sensor_capture|left_arm_camera_capture|4410     | 2026-09-29 15:05:41.322 | unmatch                 |
| reader_sub:/left_arm_camera/color/camera_info         | galbot-echo   | service_left_arm_camera_sensor_capture|left_arm_camera_capture|4410     | 2026-09-29 15:05:41.339 | unmatch                 |
| reader_sub:/right_arm_camera/color/image_raw          | galbot-echo   | service_right_arm_camera_sensor_capture|right_arm_camera_capture|4407   | 2026-09-29 15:05:41.344 | unmatch                 |
| reader_sub:/embosa_tf_static                          | galbot-echo   | robot_state_publisher|robot_state_publish|4400                          | 2026-09-29 15:05:41.372 | unmatch                 |
|                                                       | galbot-echo   | embosa_eyehand_calib_publish|eyehand_calib_publish|4399                 |                         |                         |
| reader_sub:/galbot/mission_manager/onboard_config     | galbot-xcu    | context_mission_mode|mission_manager|3595                               | 2026-09-29 15:05:41.376 | 2026-09-29 15:05:41.557 |
|                                                       | galbot-xcu    | version_node|devinfo_server|3655                                        |                         |                         |
| reader_sub:/embosa_tf                                 | galbot-echo   | service_left_arm_camera_sensor_capture|left_arm_camera_capture|4410     | 2026-09-29 15:05:41.367 | unmatch                 |
|                                                       | galbot-echo   | embosa_localization_node|localization_server|4403                       |                         |                         |
|                                                       | galbot-echo   | robot_state_publisher|robot_state_publish|4400                          |                         |                         |
|                                                       | galbot-echo   | service_front_head_camera_sensor_capture|front_head_camera_capture|4401 |                         |                         |
|                                                       | galbot-echo   | service_right_arm_camera_sensor_capture|right_arm_camera_capture|4407   |                         |                         |
| reader_sub:/odom/base_link                            | galbot-xcu    | embosa_test_rpc_client_node|galbot_chassis_service|3945                 | 2026-09-29 15:05:41.458 | 2026-09-29 15:05:42.454 |
| reader_sub:/right_arm_camera/color/camera_info        | galbot-echo   | service_right_arm_camera_sensor_capture|right_arm_camera_capture|4407   | 2026-09-29 15:05:41.362 | unmatch                 |
| reader_sub:singorix/wbcs/error                        | galbot-xcu    | singorix_wbcs_main|singorix_wbcs_main|4379                              | 2026-09-29 15:05:41.444 | 2026-09-29 15:05:41.447 |
| reader_sub:bms                                        | galbot-xcu    | embosa_bms_sub_node|galbot_chassis_service|3945                         | 2026-09-29 15:05:41.381 | 2026-09-29 15:05:42.454 |
| client_sub:singorix/wbcs/controller_server            | galbot-xcu    | singorix_wbcs_main|singorix_wbcs_main|4379                              | 2026-09-29 15:05:41.417 | 2026-09-29 15:05:41.441 |
| client_sub:singorix/wbcs/target_server                | galbot-xcu    | singorix_wbcs_main|singorix_wbcs_main|4379                              | 2026-09-29 15:05:41.391 | 2026-09-29 15:05:41.415 |
+-------------------------------------------------------+---------------+-------------------------------------------------------------------------+-------------------------+-------------------------+

[2026-09-29 15:05:51.236 thread:1581778 info statistics.cc:245]:
+-------------------------------------------------------+------------------+------------------+------------------+------------+------------+---------+--------------+
| Topic                                                 | Latency Avg (us) | Latency Max (us) | Latency Min (us) | Loss Count | Recv Count | Hz      | Bandwidth    |
+-------------------------------------------------------+------------------+------------------+------------------+------------+------------+---------+--------------+
| reader_sub:/galbot/mic                                | unknown          | unknown          | unknown          | 0          | 0          | 0.000   | 0.000 KB/s   |
| reader_sub:singorix/wbcs/sensor                       | 1649             | 32829            | 474              | 0          | 1127       | 124.200 | 246.413 KB/s |
| reader_sub:singorix/wbcs/wbc_info                     | 1499             | 14209            | 520              | 0          | 564        | 62.000  | 501.539 KB/s |
| reader_sub:/cam_arm_l/meta_data/params                | unknown          | unknown          | unknown          | 0          | 0          | 0.000   | 0.000 KB/s   |
| reader_sub:/cam_arm_r/meta_data/params                | unknown          | unknown          | unknown          | 0          | 0          | 0.000   | 0.000 KB/s   |
| reader_sub:/front_head_camera/right_color/image_raw   | unknown          | unknown          | unknown          | 0          | 0          | 0.000   | 0.000 KB/s   |
| reader_sub:/front_head_camera/right_color/camera_info | unknown          | unknown          | unknown          | 0          | 0          | 0.000   | 0.000 KB/s   |
| reader_sub:/left_arm_camera/color/image_raw           | unknown          | unknown          | unknown          | 0          | 0          | 0.000   | 0.000 KB/s   |
| reader_sub:/left_arm_camera/color/camera_info         | unknown          | unknown          | unknown          | 0          | 0          | 0.000   | 0.000 KB/s   |
| reader_sub:/right_arm_camera/color/image_raw          | unknown          | unknown          | unknown          | 0          | 0          | 0.000   | 0.000 KB/s   |
| reader_sub:/embosa_tf_static                          | unknown          | unknown          | unknown          | 0          | 0          | 0.000   | 0.000 KB/s   |
| reader_sub:/galbot/mission_manager/onboard_config     | 797              | 1027             | 352              | 0          | 10         | 1.200   | 0.053 KB/s   |
| reader_sub:/embosa_tf                                 | unknown          | unknown          | unknown          | 0          | 0          | 0.000   | 0.000 KB/s   |
| reader_sub:/odom/base_link                            | 725              | 3931             | 307              | 0          | 878        | 100.200 | 11.022 KB/s  |
| reader_sub:/right_arm_camera/color/camera_info        | unknown          | unknown          | unknown          | 0          | 0          | 0.000   | 0.000 KB/s   |
| reader_sub:singorix/wbcs/error                        | 1437             | 194820           | 347              | 0          | 1129       | 124.200 | 1.863 KB/s   |
| reader_sub:bms                                        | 1050             | 1498             | 929              | 0          | 9          | 1.000   | 1.073 KB/s   |
| client_sub:singorix/wbcs/controller_server            | unknown          | unknown          | unknown          | 0          | 0          | 0.000   | 0.000 KB/s   |
| client_sub:singorix/wbcs/target_server                | unknown          | unknown          | unknown          | 0          | 0          | 0.000   | 0.000 KB/s   |
+-------------------------------------------------------+------------------+------------------+------------------+------------+------------+---------+--------------+

[2026-09-29 15:05:56.245 thread:1581778 info statistics.cc:167]:
+-------------------------------------------------------+---------------+-------------------------------------------------------------------------+-------------------------+-------------------------+
| Topic                                                 | Peer Hostname | Peer Node Name                                                          | Create Time             | Match Time              |
+-------------------------------------------------------+---------------+-------------------------------------------------------------------------+-------------------------+-------------------------+
| reader_sub:/galbot/mic                                | galbot-echo   | vtn_mic_node|galbot_vtn|4061                                            | 2026-09-29 15:05:41.665 | unmatch                 |
| reader_sub:singorix/wbcs/sensor                       | galbot-xcu    | singorix_wbcs_main|singorix_wbcs_main|4379                              | 2026-09-29 15:05:41.453 | 2026-09-29 15:05:41.456 |
| reader_sub:singorix/wbcs/wbc_info                     | galbot-xcu    | singorix_wbcs_main|singorix_wbcs_main|4379                              | 2026-09-29 15:05:41.448 | 2026-09-29 15:05:41.451 |
| reader_sub:/cam_arm_l/meta_data/params                | galbot-echo   | service_left_arm_camera_sensor_capture|left_arm_camera_capture|4410     | 2026-09-29 15:05:41.258 | unmatch                 |
| reader_sub:/cam_arm_r/meta_data/params                | galbot-echo   | service_right_arm_camera_sensor_capture|right_arm_camera_capture|4407   | 2026-09-29 15:05:41.265 | unmatch                 |
| reader_sub:/front_head_camera/right_color/image_raw   | galbot-echo   | service_front_head_camera_sensor_capture|front_head_camera_capture|4401 | 2026-09-29 15:05:41.275 | unmatch                 |
| reader_sub:/front_head_camera/right_color/camera_info | galbot-echo   | service_front_head_camera_sensor_capture|front_head_camera_capture|4401 | 2026-09-29 15:05:41.311 | unmatch                 |
| reader_sub:/left_arm_camera/color/image_raw           | galbot-echo   | service_left_arm_camera_sensor_capture|left_arm_camera_capture|4410     | 2026-09-29 15:05:41.322 | unmatch                 |
| reader_sub:/left_arm_camera/color/camera_info         | galbot-echo   | service_left_arm_camera_sensor_capture|left_arm_camera_capture|4410     | 2026-09-29 15:05:41.339 | unmatch                 |
| reader_sub:/right_arm_camera/color/image_raw          | galbot-echo   | service_right_arm_camera_sensor_capture|right_arm_camera_capture|4407   | 2026-09-29 15:05:41.344 | unmatch                 |
| reader_sub:/embosa_tf_static                          | galbot-echo   | robot_state_publisher|robot_state_publish|4400                          | 2026-09-29 15:05:41.372 | unmatch                 |
|                                                       | galbot-echo   | embosa_eyehand_calib_publish|eyehand_calib_publish|4399                 |                         |                         |
| reader_sub:/galbot/mission_manager/onboard_config     | galbot-xcu    | context_mission_mode|mission_manager|3595                               | 2026-09-29 15:05:41.376 | 2026-09-29 15:05:41.557 |
|                                                       | galbot-xcu    | version_node|devinfo_server|3655                                        |                         |                         |
| reader_sub:/embosa_tf                                 | galbot-echo   | service_left_arm_camera_sensor_capture|left_arm_camera_capture|4410     | 2026-09-29 15:05:41.367 | unmatch                 |
|                                                       | galbot-echo   | embosa_localization_node|localization_server|4403                       |                         |                         |
|                                                       | galbot-echo   | robot_state_publisher|robot_state_publish|4400                          |                         |                         |
|                                                       | galbot-echo   | service_front_head_camera_sensor_capture|front_head_camera_capture|4401 |                         |                         |
|                                                       | galbot-echo   | service_right_arm_camera_sensor_capture|right_arm_camera_capture|4407   |                         |                         |
| reader_sub:/odom/base_link                            | galbot-xcu    | embosa_test_rpc_client_node|galbot_chassis_service|3945                 | 2026-09-29 15:05:41.458 | 2026-09-29 15:05:42.454 |
| reader_sub:/right_arm_camera/color/camera_info        | galbot-echo   | service_right_arm_camera_sensor_capture|right_arm_camera_capture|4407   | 2026-09-29 15:05:41.362 | unmatch                 |
| reader_sub:singorix/wbcs/error                        | galbot-xcu    | singorix_wbcs_main|singorix_wbcs_main|4379                              | 2026-09-29 15:05:41.444 | 2026-09-29 15:05:41.447 |
| reader_sub:bms                                        | galbot-xcu    | embosa_bms_sub_node|galbot_chassis_service|3945                         | 2026-09-29 15:05:41.381 | 2026-09-29 15:05:42.454 |
| client_sub:singorix/wbcs/controller_server            | galbot-xcu    | singorix_wbcs_main|singorix_wbcs_main|4379                              | 2026-09-29 15:05:41.417 | 2026-09-29 15:05:41.441 |
| client_sub:singorix/wbcs/target_server                | galbot-xcu    | singorix_wbcs_main|singorix_wbcs_main|4379                              | 2026-09-29 15:05:41.391 | 2026-09-29 15:05:41.415 |
+-------------------------------------------------------+---------------+-------------------------------------------------------------------------+-------------------------+-------------------------+

[2026-09-29 15:05:56.246 thread:1581778 info statistics.cc:245]:
+-------------------------------------------------------+------------------+------------------+------------------+------------+------------+---------+--------------+
| Topic                                                 | Latency Avg (us) | Latency Max (us) | Latency Min (us) | Loss Count | Recv Count | Hz      | Bandwidth    |
+-------------------------------------------------------+------------------+------------------+------------------+------------+------------+---------+--------------+
| reader_sub:/galbot/mic                                | unknown          | unknown          | unknown          | 0          | 0          | 0.000   | 0.000 KB/s   |
| reader_sub:singorix/wbcs/sensor                       | 1673             | 32829            | 474              | 0          | 1749       | 124.400 | 246.810 KB/s |
| reader_sub:singorix/wbcs/wbc_info                     | 1534             | 14911            | 520              | 0          | 875        | 62.200  | 503.128 KB/s |
| reader_sub:/cam_arm_l/meta_data/params                | unknown          | unknown          | unknown          | 0          | 0          | 0.000   | 0.000 KB/s   |
| reader_sub:/cam_arm_r/meta_data/params                | unknown          | unknown          | unknown          | 0          | 0          | 0.000   | 0.000 KB/s   |
| reader_sub:/front_head_camera/right_color/image_raw   | unknown          | unknown          | unknown          | 0          | 0          | 0.000   | 0.000 KB/s   |
| reader_sub:/front_head_camera/right_color/camera_info | unknown          | unknown          | unknown          | 0          | 0          | 0.000   | 0.000 KB/s   |
| reader_sub:/left_arm_camera/color/image_raw           | unknown          | unknown          | unknown          | 0          | 0          | 0.000   | 0.000 KB/s   |
| reader_sub:/left_arm_camera/color/camera_info         | unknown          | unknown          | unknown          | 0          | 0          | 0.000   | 0.000 KB/s   |
| reader_sub:/right_arm_camera/color/image_raw          | unknown          | unknown          | unknown          | 0          | 0          | 0.000   | 0.000 KB/s   |
| reader_sub:/embosa_tf_static                          | unknown          | unknown          | unknown          | 0          | 0          | 0.000   | 0.000 KB/s   |
| reader_sub:/galbot/mission_manager/onboard_config     | 771              | 1027             | 352              | 0          | 15         | 1.000   | 0.044 KB/s   |
| reader_sub:/embosa_tf                                 | unknown          | unknown          | unknown          | 0          | 0          | 0.000   | 0.000 KB/s   |
| reader_sub:/odom/base_link                            | 726              | 3931             | 307              | 0          | 1378       | 100.000 | 11.000 KB/s  |
| reader_sub:/right_arm_camera/color/camera_info        | unknown          | unknown          | unknown          | 0          | 0          | 0.000   | 0.000 KB/s   |
| reader_sub:singorix/wbcs/error                        | 1453             | 194820           | 308              | 0          | 1751       | 124.400 | 1.866 KB/s   |
| reader_sub:bms                                        | 987              | 1498             | 584              | 0          | 14         | 1.000   | 1.073 KB/s   |
| client_sub:singorix/wbcs/controller_server            | unknown          | unknown          | unknown          | 0          | 0          | 0.000   | 0.000 KB/s   |
| client_sub:singorix/wbcs/target_server                | unknown          | unknown          | unknown          | 0          | 0          | 0.000   | 0.000 KB/s   |
+-------------------------------------------------------+------------------+------------------+------------------+------------+------------+---------+--------------+

[2026-09-29 15:06:01.255 thread:1581778 info statistics.cc:167]:
+-------------------------------------------------------+---------------+-------------------------------------------------------------------------+-------------------------+-------------------------+
| Topic                                                 | Peer Hostname | Peer Node Name                                                          | Create Time             | Match Time              |
+-------------------------------------------------------+---------------+-------------------------------------------------------------------------+-------------------------+-------------------------+
| reader_sub:/galbot/mic                                | galbot-echo   | vtn_mic_node|galbot_vtn|4061                                            | 2026-09-29 15:05:41.665 | unmatch                 |
| reader_sub:singorix/wbcs/sensor                       | galbot-xcu    | singorix_wbcs_main|singorix_wbcs_main|4379                              | 2026-09-29 15:05:41.453 | 2026-09-29 15:05:41.456 |
| reader_sub:singorix/wbcs/wbc_info                     | galbot-xcu    | singorix_wbcs_main|singorix_wbcs_main|4379                              | 2026-09-29 15:05:41.448 | 2026-09-29 15:05:41.451 |
| reader_sub:/cam_arm_l/meta_data/params                | galbot-echo   | service_left_arm_camera_sensor_capture|left_arm_camera_capture|4410     | 2026-09-29 15:05:41.258 | unmatch                 |
| reader_sub:/cam_arm_r/meta_data/params                | galbot-echo   | service_right_arm_camera_sensor_capture|right_arm_camera_capture|4407   | 2026-09-29 15:05:41.265 | unmatch                 |
| reader_sub:/front_head_camera/right_color/image_raw   | galbot-echo   | service_front_head_camera_sensor_capture|front_head_camera_capture|4401 | 2026-09-29 15:05:41.275 | unmatch                 |
| reader_sub:/front_head_camera/right_color/camera_info | galbot-echo   | service_front_head_camera_sensor_capture|front_head_camera_capture|4401 | 2026-09-29 15:05:41.311 | unmatch                 |
| reader_sub:/left_arm_camera/color/image_raw           | galbot-echo   | service_left_arm_camera_sensor_capture|left_arm_camera_capture|4410     | 2026-09-29 15:05:41.322 | unmatch                 |
| reader_sub:/left_arm_camera/color/camera_info         | galbot-echo   | service_left_arm_camera_sensor_capture|left_arm_camera_capture|4410     | 2026-09-29 15:05:41.339 | unmatch                 |
| reader_sub:/right_arm_camera/color/image_raw          | galbot-echo   | service_right_arm_camera_sensor_capture|right_arm_camera_capture|4407   | 2026-09-29 15:05:41.344 | unmatch                 |
| reader_sub:/embosa_tf_static                          | galbot-echo   | robot_state_publisher|robot_state_publish|4400                          | 2026-09-29 15:05:41.372 | unmatch                 |
|                                                       | galbot-echo   | embosa_eyehand_calib_publish|eyehand_calib_publish|4399                 |                         |                         |
| reader_sub:/galbot/mission_manager/onboard_config     | galbot-xcu    | context_mission_mode|mission_manager|3595                               | 2026-09-29 15:05:41.376 | 2026-09-29 15:05:41.557 |
|                                                       | galbot-xcu    | version_node|devinfo_server|3655                                        |                         |                         |
| reader_sub:/embosa_tf                                 | galbot-echo   | service_left_arm_camera_sensor_capture|left_arm_camera_capture|4410     | 2026-09-29 15:05:41.367 | unmatch                 |
|                                                       | galbot-echo   | embosa_localization_node|localization_server|4403                       |                         |                         |
|                                                       | galbot-echo   | robot_state_publisher|robot_state_publish|4400                          |                         |                         |
|                                                       | galbot-echo   | service_front_head_camera_sensor_capture|front_head_camera_capture|4401 |                         |                         |
|                                                       | galbot-echo   | service_right_arm_camera_sensor_capture|right_arm_camera_capture|4407   |                         |                         |
| reader_sub:/odom/base_link                            | galbot-xcu    | embosa_test_rpc_client_node|galbot_chassis_service|3945                 | 2026-09-29 15:05:41.458 | 2026-09-29 15:05:42.454 |
| reader_sub:/right_arm_camera/color/camera_info        | galbot-echo   | service_right_arm_camera_sensor_capture|right_arm_camera_capture|4407   | 2026-09-29 15:05:41.362 | unmatch                 |
| reader_sub:singorix/wbcs/error                        | galbot-xcu    | singorix_wbcs_main|singorix_wbcs_main|4379                              | 2026-09-29 15:05:41.444 | 2026-09-29 15:05:41.447 |
| reader_sub:bms                                        | galbot-xcu    | embosa_bms_sub_node|galbot_chassis_service|3945                         | 2026-09-29 15:05:41.381 | 2026-09-29 15:05:42.454 |
| client_sub:singorix/wbcs/controller_server            | galbot-xcu    | singorix_wbcs_main|singorix_wbcs_main|4379                              | 2026-09-29 15:05:41.417 | 2026-09-29 15:05:41.441 |
| client_sub:singorix/wbcs/target_server                | galbot-xcu    | singorix_wbcs_main|singorix_wbcs_main|4379                              | 2026-09-29 15:05:41.391 | 2026-09-29 15:05:41.415 |
+-------------------------------------------------------+---------------+-------------------------------------------------------------------------+-------------------------+-------------------------+

[2026-09-29 15:06:01.256 thread:1581778 info statistics.cc:245]:
+-------------------------------------------------------+------------------+------------------+------------------+------------+------------+---------+--------------+
| Topic                                                 | Latency Avg (us) | Latency Max (us) | Latency Min (us) | Loss Count | Recv Count | Hz      | Bandwidth    |
+-------------------------------------------------------+------------------+------------------+------------------+------------+------------+---------+--------------+
| reader_sub:/galbot/mic                                | unknown          | unknown          | unknown          | 0          | 0          | 0.000   | 0.000 KB/s   |
| reader_sub:singorix/wbcs/sensor                       | 1701             | 32829            | 474              | 0          | 2370       | 124.200 | 246.413 KB/s |
| reader_sub:singorix/wbcs/wbc_info                     | 1543             | 14911            | 510              | 0          | 1186       | 62.200  | 503.176 KB/s |
| reader_sub:/cam_arm_l/meta_data/params                | unknown          | unknown          | unknown          | 0          | 0          | 0.000   | 0.000 KB/s   |
| reader_sub:/cam_arm_r/meta_data/params                | unknown          | unknown          | unknown          | 0          | 0          | 0.000   | 0.000 KB/s   |
| reader_sub:/front_head_camera/right_color/image_raw   | unknown          | unknown          | unknown          | 0          | 0          | 0.000   | 0.000 KB/s   |
| reader_sub:/front_head_camera/right_color/camera_info | unknown          | unknown          | unknown          | 0          | 0          | 0.000   | 0.000 KB/s   |
| reader_sub:/left_arm_camera/color/image_raw           | unknown          | unknown          | unknown          | 0          | 0          | 0.000   | 0.000 KB/s   |
| reader_sub:/left_arm_camera/color/camera_info         | unknown          | unknown          | unknown          | 0          | 0          | 0.000   | 0.000 KB/s   |
| reader_sub:/right_arm_camera/color/image_raw          | unknown          | unknown          | unknown          | 0          | 0          | 0.000   | 0.000 KB/s   |
| reader_sub:/embosa_tf_static                          | unknown          | unknown          | unknown          | 0          | 0          | 0.000   | 0.000 KB/s   |
| reader_sub:/galbot/mission_manager/onboard_config     | 803              | 1161             | 352              | 0          | 20         | 1.000   | 0.044 KB/s   |
| reader_sub:/embosa_tf                                 | unknown          | unknown          | unknown          | 0          | 0          | 0.000   | 0.000 KB/s   |
| reader_sub:/odom/base_link                            | 727              | 3931             | 307              | 0          | 1879       | 100.200 | 11.022 KB/s  |
| reader_sub:/right_arm_camera/color/camera_info        | unknown          | unknown          | unknown          | 0          | 0          | 0.000   | 0.000 KB/s   |
| reader_sub:singorix/wbcs/error                        | 1460             | 194820           | 304              | 0          | 2372       | 124.200 | 1.863 KB/s   |
| reader_sub:bms                                        | 997              | 1498             | 584              | 0          | 19         | 1.000   | 1.073 KB/s   |
| client_sub:singorix/wbcs/controller_server            | unknown          | unknown          | unknown          | 0          | 0          | 0.000   | 0.000 KB/s   |
| client_sub:singorix/wbcs/target_server                | unknown          | unknown          | unknown          | 0          | 0          | 0.000   | 0.000 KB/s   |
+-------------------------------------------------------+------------------+------------------+------------------+------------+------------+---------+--------------+

[2026-09-29 15:06:06.263 thread:1581778 info statistics.cc:167]:
+-------------------------------------------------------+---------------+-------------------------------------------------------------------------+-------------------------+-------------------------+
| Topic                                                 | Peer Hostname | Peer Node Name                                                          | Create Time             | Match Time              |
+-------------------------------------------------------+---------------+-------------------------------------------------------------------------+-------------------------+-------------------------+
| reader_sub:/galbot/mic                                | galbot-echo   | vtn_mic_node|galbot_vtn|4061                                            | 2026-09-29 15:05:41.665 | unmatch                 |
| reader_sub:singorix/wbcs/sensor                       | galbot-xcu    | singorix_wbcs_main|singorix_wbcs_main|4379                              | 2026-09-29 15:05:41.453 | 2026-09-29 15:05:41.456 |
| reader_sub:singorix/wbcs/wbc_info                     | galbot-xcu    | singorix_wbcs_main|singorix_wbcs_main|4379                              | 2026-09-29 15:05:41.448 | 2026-09-29 15:05:41.451 |
| reader_sub:/cam_arm_l/meta_data/params                | galbot-echo   | service_left_arm_camera_sensor_capture|left_arm_camera_capture|4410     | 2026-09-29 15:05:41.258 | unmatch                 |
| reader_sub:/cam_arm_r/meta_data/params                | galbot-echo   | service_right_arm_camera_sensor_capture|right_arm_camera_capture|4407   | 2026-09-29 15:05:41.265 | unmatch                 |
| reader_sub:/front_head_camera/right_color/image_raw   | galbot-echo   | service_front_head_camera_sensor_capture|front_head_camera_capture|4401 | 2026-09-29 15:05:41.275 | unmatch                 |
| reader_sub:/front_head_camera/right_color/camera_info | galbot-echo   | service_front_head_camera_sensor_capture|front_head_camera_capture|4401 | 2026-09-29 15:05:41.311 | unmatch                 |
| reader_sub:/left_arm_camera/color/image_raw           | galbot-echo   | service_left_arm_camera_sensor_capture|left_arm_camera_capture|4410     | 2026-09-29 15:05:41.322 | unmatch                 |
| reader_sub:/left_arm_camera/color/camera_info         | galbot-echo   | service_left_arm_camera_sensor_capture|left_arm_camera_capture|4410     | 2026-09-29 15:05:41.339 | unmatch                 |
| reader_sub:/right_arm_camera/color/image_raw          | galbot-echo   | service_right_arm_camera_sensor_capture|right_arm_camera_capture|4407   | 2026-09-29 15:05:41.344 | unmatch                 |
| reader_sub:/embosa_tf_static                          | galbot-echo   | robot_state_publisher|robot_state_publish|4400                          | 2026-09-29 15:05:41.372 | unmatch                 |
|                                                       | galbot-echo   | embosa_eyehand_calib_publish|eyehand_calib_publish|4399                 |                         |                         |
| reader_sub:/galbot/mission_manager/onboard_config     | galbot-xcu    | context_mission_mode|mission_manager|3595                               | 2026-09-29 15:05:41.376 | 2026-09-29 15:05:41.557 |
|                                                       | galbot-xcu    | version_node|devinfo_server|3655                                        |                         |                         |
| reader_sub:/embosa_tf                                 | galbot-echo   | service_left_arm_camera_sensor_capture|left_arm_camera_capture|4410     | 2026-09-29 15:05:41.367 | unmatch                 |
|                                                       | galbot-echo   | embosa_localization_node|localization_server|4403                       |                         |                         |
|                                                       | galbot-echo   | robot_state_publisher|robot_state_publish|4400                          |                         |                         |
|                                                       | galbot-echo   | service_front_head_camera_sensor_capture|front_head_camera_capture|4401 |                         |                         |
|                                                       | galbot-echo   | service_right_arm_camera_sensor_capture|right_arm_camera_capture|4407   |                         |                         |
| reader_sub:/odom/base_link                            | galbot-xcu    | embosa_test_rpc_client_node|galbot_chassis_service|3945                 | 2026-09-29 15:05:41.458 | 2026-09-29 15:05:42.454 |
| reader_sub:/right_arm_camera/color/camera_info        | galbot-echo   | service_right_arm_camera_sensor_capture|right_arm_camera_capture|4407   | 2026-09-29 15:05:41.362 | unmatch                 |
| reader_sub:singorix/wbcs/error                        | galbot-xcu    | singorix_wbcs_main|singorix_wbcs_main|4379                              | 2026-09-29 15:05:41.444 | 2026-09-29 15:05:41.447 |
| reader_sub:bms                                        | galbot-xcu    | embosa_bms_sub_node|galbot_chassis_service|3945                         | 2026-09-29 15:05:41.381 | 2026-09-29 15:05:42.454 |
| client_sub:singorix/wbcs/controller_server            | galbot-xcu    | singorix_wbcs_main|singorix_wbcs_main|4379                              | 2026-09-29 15:05:41.417 | 2026-09-29 15:05:41.441 |
| client_sub:singorix/wbcs/target_server                | galbot-xcu    | singorix_wbcs_main|singorix_wbcs_main|4379                              | 2026-09-29 15:05:41.391 | 2026-09-29 15:05:41.415 |
+-------------------------------------------------------+---------------+-------------------------------------------------------------------------+-------------------------+-------------------------+

[2026-09-29 15:06:06.264 thread:1581778 info statistics.cc:245]:
+-------------------------------------------------------+------------------+------------------+------------------+------------+------------+---------+--------------+
| Topic                                                 | Latency Avg (us) | Latency Max (us) | Latency Min (us) | Loss Count | Recv Count | Hz      | Bandwidth    |
+-------------------------------------------------------+------------------+------------------+------------------+------------+------------+---------+--------------+
| reader_sub:/galbot/mic                                | unknown          | unknown          | unknown          | 0          | 0          | 0.000   | 0.000 KB/s   |
| reader_sub:singorix/wbcs/sensor                       | 1708             | 32829            | 474              | 0          | 2992       | 124.400 | 246.810 KB/s |
| reader_sub:singorix/wbcs/wbc_info                     | 1565             | 14911            | 510              | 0          | 1497       | 62.200  | 503.153 KB/s |
| reader_sub:/cam_arm_l/meta_data/params                | unknown          | unknown          | unknown          | 0          | 0          | 0.000   | 0.000 KB/s   |
| reader_sub:/cam_arm_r/meta_data/params                | unknown          | unknown          | unknown          | 0          | 0          | 0.000   | 0.000 KB/s   |
| reader_sub:/front_head_camera/right_color/image_raw   | unknown          | unknown          | unknown          | 0          | 0          | 0.000   | 0.000 KB/s   |
| reader_sub:/front_head_camera/right_color/camera_info | unknown          | unknown          | unknown          | 0          | 0          | 0.000   | 0.000 KB/s   |
| reader_sub:/left_arm_camera/color/image_raw           | unknown          | unknown          | unknown          | 0          | 0          | 0.000   | 0.000 KB/s   |
| reader_sub:/left_arm_camera/color/camera_info         | unknown          | unknown          | unknown          | 0          | 0          | 0.000   | 0.000 KB/s   |
| reader_sub:/right_arm_camera/color/image_raw          | unknown          | unknown          | unknown          | 0          | 0          | 0.000   | 0.000 KB/s   |
| reader_sub:/embosa_tf_static                          | unknown          | unknown          | unknown          | 0          | 0          | 0.000   | 0.000 KB/s   |
| reader_sub:/galbot/mission_manager/onboard_config     | 1267             | 12464            | 249              | 0          | 26         | 1.200   | 0.053 KB/s   |
| reader_sub:/embosa_tf                                 | unknown          | unknown          | unknown          | 0          | 0          | 0.000   | 0.000 KB/s   |
| reader_sub:/odom/base_link                            | 727              | 3931             | 307              | 0          | 2380       | 100.200 | 11.022 KB/s  |
| reader_sub:/right_arm_camera/color/camera_info        | unknown          | unknown          | unknown          | 0          | 0          | 0.000   | 0.000 KB/s   |
| reader_sub:singorix/wbcs/error                        | 1462             | 194820           | 304              | 0          | 2994       | 124.400 | 1.866 KB/s   |
| reader_sub:bms                                        | 997              | 1498             | 584              | 0          | 24         | 1.000   | 1.073 KB/s   |
| client_sub:singorix/wbcs/controller_server            | unknown          | unknown          | unknown          | 0          | 0          | 0.000   | 0.000 KB/s   |
| client_sub:singorix/wbcs/target_server                | unknown          | unknown          | unknown          | 0          | 0          | 0.000   | 0.000 KB/s   |
+-------------------------------------------------------+------------------+------------------+------------------+------------+------------+---------+--------------+

[2026-09-29 15:06:11.272 thread:1581778 info statistics.cc:167]:
+-------------------------------------------------------+---------------+-------------------------------------------------------------------------+-------------------------+-------------------------+
| Topic                                                 | Peer Hostname | Peer Node Name                                                          | Create Time             | Match Time              |
+-------------------------------------------------------+---------------+-------------------------------------------------------------------------+-------------------------+-------------------------+
| reader_sub:/galbot/mic                                | galbot-echo   | vtn_mic_node|galbot_vtn|4061                                            | 2026-09-29 15:05:41.665 | unmatch                 |
| reader_sub:singorix/wbcs/sensor                       | galbot-xcu    | singorix_wbcs_main|singorix_wbcs_main|4379                              | 2026-09-29 15:05:41.453 | 2026-09-29 15:05:41.456 |
| reader_sub:singorix/wbcs/wbc_info                     | galbot-xcu    | singorix_wbcs_main|singorix_wbcs_main|4379                              | 2026-09-29 15:05:41.448 | 2026-09-29 15:05:41.451 |
| reader_sub:/cam_arm_l/meta_data/params                | galbot-echo   | service_left_arm_camera_sensor_capture|left_arm_camera_capture|4410     | 2026-09-29 15:05:41.258 | unmatch                 |
| reader_sub:/cam_arm_r/meta_data/params                | galbot-echo   | service_right_arm_camera_sensor_capture|right_arm_camera_capture|4407   | 2026-09-29 15:05:41.265 | unmatch                 |
| reader_sub:/front_head_camera/right_color/image_raw   | galbot-echo   | service_front_head_camera_sensor_capture|front_head_camera_capture|4401 | 2026-09-29 15:05:41.275 | unmatch                 |
| reader_sub:/front_head_camera/right_color/camera_info | galbot-echo   | service_front_head_camera_sensor_capture|front_head_camera_capture|4401 | 2026-09-29 15:05:41.311 | unmatch                 |
| reader_sub:/left_arm_camera/color/image_raw           | galbot-echo   | service_left_arm_camera_sensor_capture|left_arm_camera_capture|4410     | 2026-09-29 15:05:41.322 | unmatch                 |
| reader_sub:/left_arm_camera/color/camera_info         | galbot-echo   | service_left_arm_camera_sensor_capture|left_arm_camera_capture|4410     | 2026-09-29 15:05:41.339 | unmatch                 |
| reader_sub:/right_arm_camera/color/image_raw          | galbot-echo   | service_right_arm_camera_sensor_capture|right_arm_camera_capture|4407   | 2026-09-29 15:05:41.344 | unmatch                 |
| reader_sub:/embosa_tf_static                          | galbot-echo   | robot_state_publisher|robot_state_publish|4400                          | 2026-09-29 15:05:41.372 | unmatch                 |
|                                                       | galbot-echo   | embosa_eyehand_calib_publish|eyehand_calib_publish|4399                 |                         |                         |
| reader_sub:/galbot/mission_manager/onboard_config     | galbot-xcu    | context_mission_mode|mission_manager|3595                               | 2026-09-29 15:05:41.376 | 2026-09-29 15:05:41.557 |
|                                                       | galbot-xcu    | version_node|devinfo_server|3655                                        |                         |                         |
| reader_sub:/embosa_tf                                 | galbot-echo   | service_left_arm_camera_sensor_capture|left_arm_camera_capture|4410     | 2026-09-29 15:05:41.367 | unmatch                 |
|                                                       | galbot-echo   | embosa_localization_node|localization_server|4403                       |                         |                         |
|                                                       | galbot-echo   | robot_state_publisher|robot_state_publish|4400                          |                         |                         |
|                                                       | galbot-echo   | service_front_head_camera_sensor_capture|front_head_camera_capture|4401 |                         |                         |
|                                                       | galbot-echo   | service_right_arm_camera_sensor_capture|right_arm_camera_capture|4407   |                         |                         |
| reader_sub:/odom/base_link                            | galbot-xcu    | embosa_test_rpc_client_node|galbot_chassis_service|3945                 | 2026-09-29 15:05:41.458 | 2026-09-29 15:05:42.454 |
| reader_sub:/right_arm_camera/color/camera_info        | galbot-echo   | service_right_arm_camera_sensor_capture|right_arm_camera_capture|4407   | 2026-09-29 15:05:41.362 | unmatch                 |
| reader_sub:singorix/wbcs/error                        | galbot-xcu    | singorix_wbcs_main|singorix_wbcs_main|4379                              | 2026-09-29 15:05:41.444 | 2026-09-29 15:05:41.447 |
| reader_sub:bms                                        | galbot-xcu    | embosa_bms_sub_node|galbot_chassis_service|3945                         | 2026-09-29 15:05:41.381 | 2026-09-29 15:05:42.454 |
| client_sub:singorix/wbcs/controller_server            | galbot-xcu    | singorix_wbcs_main|singorix_wbcs_main|4379                              | 2026-09-29 15:05:41.417 | 2026-09-29 15:05:41.441 |
| client_sub:singorix/wbcs/target_server                | galbot-xcu    | singorix_wbcs_main|singorix_wbcs_main|4379                              | 2026-09-29 15:05:41.391 | 2026-09-29 15:05:41.415 |
+-------------------------------------------------------+---------------+-------------------------------------------------------------------------+-------------------------+-------------------------+

[2026-09-29 15:06:11.273 thread:1581778 info statistics.cc:245]:
+-------------------------------------------------------+------------------+------------------+------------------+------------+------------+---------+--------------+
| Topic                                                 | Latency Avg (us) | Latency Max (us) | Latency Min (us) | Loss Count | Recv Count | Hz      | Bandwidth    |
+-------------------------------------------------------+------------------+------------------+------------------+------------+------------+---------+--------------+
| reader_sub:/galbot/mic                                | unknown          | unknown          | unknown          | 0          | 0          | 0.000   | 0.000 KB/s   |
| reader_sub:singorix/wbcs/sensor                       | 1717             | 32829            | 474              | 0          | 3614       | 124.400 | 246.810 KB/s |
| reader_sub:singorix/wbcs/wbc_info                     | 1574             | 14911            | 510              | 0          | 1808       | 62.200  | 503.151 KB/s |
| reader_sub:/cam_arm_l/meta_data/params                | unknown          | unknown          | unknown          | 0          | 0          | 0.000   | 0.000 KB/s   |
| reader_sub:/cam_arm_r/meta_data/params                | unknown          | unknown          | unknown          | 0          | 0          | 0.000   | 0.000 KB/s   |
| reader_sub:/front_head_camera/right_color/image_raw   | unknown          | unknown          | unknown          | 0          | 0          | 0.000   | 0.000 KB/s   |
| reader_sub:/front_head_camera/right_color/camera_info | unknown          | unknown          | unknown          | 0          | 0          | 0.000   | 0.000 KB/s   |
| reader_sub:/left_arm_camera/color/image_raw           | unknown          | unknown          | unknown          | 0          | 0          | 0.000   | 0.000 KB/s   |
| reader_sub:/left_arm_camera/color/camera_info         | unknown          | unknown          | unknown          | 0          | 0          | 0.000   | 0.000 KB/s   |
| reader_sub:/right_arm_camera/color/image_raw          | unknown          | unknown          | unknown          | 0          | 0          | 0.000   | 0.000 KB/s   |
| reader_sub:/embosa_tf_static                          | unknown          | unknown          | unknown          | 0          | 0          | 0.000   | 0.000 KB/s   |
| reader_sub:/galbot/mission_manager/onboard_config     | 1208             | 12464            | 249              | 0          | 31         | 1.000   | 0.044 KB/s   |
| reader_sub:/embosa_tf                                 | unknown          | unknown          | unknown          | 0          | 0          | 0.000   | 0.000 KB/s   |
| reader_sub:/odom/base_link                            | 727              | 3931             | 303              | 0          | 2881       | 100.200 | 11.022 KB/s  |
| reader_sub:/right_arm_camera/color/camera_info        | unknown          | unknown          | unknown          | 0          | 0          | 0.000   | 0.000 KB/s   |
| reader_sub:singorix/wbcs/error                        | 1468             | 194820           | 304              | 0          | 3616       | 124.400 | 1.866 KB/s   |
| reader_sub:bms                                        | 992              | 1498             | 584              | 0          | 29         | 1.000   | 1.073 KB/s   |
| client_sub:singorix/wbcs/controller_server            | unknown          | unknown          | unknown          | 0          | 0          | 0.000   | 0.000 KB/s   |
| client_sub:singorix/wbcs/target_server                | unknown          | unknown          | unknown          | 0          | 0          | 0.000   | 0.000 KB/s   |
+-------------------------------------------------------+------------------+------------------+------------------+------------+------------+---------+--------------+

[2026-09-29 15:06:16.281 thread:1581778 info statistics.cc:167]:
+-------------------------------------------------------+---------------+-------------------------------------------------------------------------+-------------------------+-------------------------+
| Topic                                                 | Peer Hostname | Peer Node Name                                                          | Create Time             | Match Time              |
+-------------------------------------------------------+---------------+-------------------------------------------------------------------------+-------------------------+-------------------------+
| reader_sub:/galbot/mic                                | galbot-echo   | vtn_mic_node|galbot_vtn|4061                                            | 2026-09-29 15:05:41.665 | unmatch                 |
| reader_sub:singorix/wbcs/sensor                       | galbot-xcu    | singorix_wbcs_main|singorix_wbcs_main|4379                              | 2026-09-29 15:05:41.453 | 2026-09-29 15:05:41.456 |
| reader_sub:singorix/wbcs/wbc_info                     | galbot-xcu    | singorix_wbcs_main|singorix_wbcs_main|4379                              | 2026-09-29 15:05:41.448 | 2026-09-29 15:05:41.451 |
| reader_sub:/cam_arm_l/meta_data/params                | galbot-echo   | service_left_arm_camera_sensor_capture|left_arm_camera_capture|4410     | 2026-09-29 15:05:41.258 | unmatch                 |
| reader_sub:/cam_arm_r/meta_data/params                | galbot-echo   | service_right_arm_camera_sensor_capture|right_arm_camera_capture|4407   | 2026-09-29 15:05:41.265 | unmatch                 |
| reader_sub:/front_head_camera/right_color/image_raw   | galbot-echo   | service_front_head_camera_sensor_capture|front_head_camera_capture|4401 | 2026-09-29 15:05:41.275 | unmatch                 |
| reader_sub:/front_head_camera/right_color/camera_info | galbot-echo   | service_front_head_camera_sensor_capture|front_head_camera_capture|4401 | 2026-09-29 15:05:41.311 | unmatch                 |
| reader_sub:/left_arm_camera/color/image_raw           | galbot-echo   | service_left_arm_camera_sensor_capture|left_arm_camera_capture|4410     | 2026-09-29 15:05:41.322 | unmatch                 |
| reader_sub:/left_arm_camera/color/camera_info         | galbot-echo   | service_left_arm_camera_sensor_capture|left_arm_camera_capture|4410     | 2026-09-29 15:05:41.339 | unmatch                 |
| reader_sub:/right_arm_camera/color/image_raw          | galbot-echo   | service_right_arm_camera_sensor_capture|right_arm_camera_capture|4407   | 2026-09-29 15:05:41.344 | unmatch                 |
| reader_sub:/embosa_tf_static                          | galbot-echo   | robot_state_publisher|robot_state_publish|4400                          | 2026-09-29 15:05:41.372 | unmatch                 |
|                                                       | galbot-echo   | embosa_eyehand_calib_publish|eyehand_calib_publish|4399                 |                         |                         |
| reader_sub:/galbot/mission_manager/onboard_config     | galbot-xcu    | context_mission_mode|mission_manager|3595                               | 2026-09-29 15:05:41.376 | 2026-09-29 15:05:41.557 |
|                                                       | galbot-xcu    | version_node|devinfo_server|3655                                        |                         |                         |
| reader_sub:/embosa_tf                                 | galbot-echo   | service_left_arm_camera_sensor_capture|left_arm_camera_capture|4410     | 2026-09-29 15:05:41.367 | unmatch                 |
|                                                       | galbot-echo   | embosa_localization_node|localization_server|4403                       |                         |                         |
|                                                       | galbot-echo   | robot_state_publisher|robot_state_publish|4400                          |                         |                         |
|                                                       | galbot-echo   | service_front_head_camera_sensor_capture|front_head_camera_capture|4401 |                         |                         |
|                                                       | galbot-echo   | service_right_arm_camera_sensor_capture|right_arm_camera_capture|4407   |                         |                         |
| reader_sub:/odom/base_link                            | galbot-xcu    | embosa_test_rpc_client_node|galbot_chassis_service|3945                 | 2026-09-29 15:05:41.458 | 2026-09-29 15:05:42.454 |
| reader_sub:/right_arm_camera/color/camera_info        | galbot-echo   | service_right_arm_camera_sensor_capture|right_arm_camera_capture|4407   | 2026-09-29 15:05:41.362 | unmatch                 |
| reader_sub:singorix/wbcs/error                        | galbot-xcu    | singorix_wbcs_main|singorix_wbcs_main|4379                              | 2026-09-29 15:05:41.444 | 2026-09-29 15:05:41.447 |
| reader_sub:bms                                        | galbot-xcu    | embosa_bms_sub_node|galbot_chassis_service|3945                         | 2026-09-29 15:05:41.381 | 2026-09-29 15:05:42.454 |
| client_sub:singorix/wbcs/controller_server            | galbot-xcu    | singorix_wbcs_main|singorix_wbcs_main|4379                              | 2026-09-29 15:05:41.417 | 2026-09-29 15:05:41.441 |
| client_sub:singorix/wbcs/target_server                | galbot-xcu    | singorix_wbcs_main|singorix_wbcs_main|4379                              | 2026-09-29 15:05:41.391 | 2026-09-29 15:05:41.415 |
+-------------------------------------------------------+---------------+-------------------------------------------------------------------------+-------------------------+-------------------------+

[2026-09-29 15:06:16.282 thread:1581778 info statistics.cc:245]:
+-------------------------------------------------------+------------------+------------------+------------------+------------+------------+---------+--------------+
| Topic                                                 | Latency Avg (us) | Latency Max (us) | Latency Min (us) | Loss Count | Recv Count | Hz      | Bandwidth    |
+-------------------------------------------------------+------------------+------------------+------------------+------------+------------+---------+--------------+
| reader_sub:/galbot/mic                                | unknown          | unknown          | unknown          | 0          | 0          | 0.000   | 0.000 KB/s   |
| reader_sub:singorix/wbcs/sensor                       | 1717             | 32829            | 474              | 0          | 4238       | 124.800 | 247.603 KB/s |
| reader_sub:singorix/wbcs/wbc_info                     | 1582             | 14911            | 510              | 0          | 2120       | 62.400  | 504.778 KB/s |
| reader_sub:/cam_arm_l/meta_data/params                | unknown          | unknown          | unknown          | 0          | 0          | 0.000   | 0.000 KB/s   |
| reader_sub:/cam_arm_r/meta_data/params                | unknown          | unknown          | unknown          | 0          | 0          | 0.000   | 0.000 KB/s   |
| reader_sub:/front_head_camera/right_color/image_raw   | unknown          | unknown          | unknown          | 0          | 0          | 0.000   | 0.000 KB/s   |
| reader_sub:/front_head_camera/right_color/camera_info | unknown          | unknown          | unknown          | 0          | 0          | 0.000   | 0.000 KB/s   |
| reader_sub:/left_arm_camera/color/image_raw           | unknown          | unknown          | unknown          | 0          | 0          | 0.000   | 0.000 KB/s   |
| reader_sub:/left_arm_camera/color/camera_info         | unknown          | unknown          | unknown          | 0          | 0          | 0.000   | 0.000 KB/s   |
| reader_sub:/right_arm_camera/color/image_raw          | unknown          | unknown          | unknown          | 0          | 0          | 0.000   | 0.000 KB/s   |
| reader_sub:/embosa_tf_static                          | unknown          | unknown          | unknown          | 0          | 0          | 0.000   | 0.000 KB/s   |
| reader_sub:/galbot/mission_manager/onboard_config     | 1159             | 12464            | 249              | 0          | 36         | 1.000   | 0.044 KB/s   |
| reader_sub:/embosa_tf                                 | unknown          | unknown          | unknown          | 0          | 0          | 0.000   | 0.000 KB/s   |
| reader_sub:/odom/base_link                            | 727              | 3931             | 303              | 0          | 3381       | 100.000 | 11.000 KB/s  |
| reader_sub:/right_arm_camera/color/camera_info        | unknown          | unknown          | unknown          | 0          | 0          | 0.000   | 0.000 KB/s   |
| reader_sub:singorix/wbcs/error                        | 1470             | 194820           | 304              | 0          | 4239       | 124.600 | 1.869 KB/s   |
| reader_sub:bms                                        | 992              | 1498             | 584              | 0          | 34         | 1.000   | 1.073 KB/s   |
| client_sub:singorix/wbcs/controller_server            | unknown          | unknown          | unknown          | 0          | 0          | 0.000   | 0.000 KB/s   |
| client_sub:singorix/wbcs/target_server                | unknown          | unknown          | unknown          | 0          | 0          | 0.000   | 0.000 KB/s   |
+-------------------------------------------------------+------------------+------------------+------------------+------------+------------+---------+--------------+

