[2026-09-29 16:20:24.134 thread:96267 info init.cc:218]:EmbOSA runtime version: V9.1.2
[2026-09-29 16:20:24.134 thread:96267 info init.h:15]:EmbOSA build version: V9.1.2
[2026-09-29 16:20:24.134 thread:96267 info dds_participant.cc:138]:set participant discovery callback.
[2026-09-29 16:20:24.134 thread:96267 info dds_participant.cc:163]:Local Interface IPs:
[2026-09-29 16:20:24.134 thread:96267 info dds_participant.cc:165]:192.168.100.88
[2026-09-29 16:20:24.134 thread:96267 info dds_participant.cc:168]:Peer List IPs:
[2026-09-29 16:20:24.134 thread:96267 info dds_participant.cc:170]:192.168.100.66
[2026-09-29 16:20:24.150 thread:96295 info topology_manager.cc:150]:discovery participant name:galbot-echo+90169_embosa_0
[2026-09-29 16:20:24.152 thread:96295 info topology_manager.cc:150]:discovery participant name:galbot-echo+90166_embosa_0
[2026-09-29 16:20:24.153 thread:96295 info topology_manager.cc:150]:discovery participant name:galbot-echo+90174_embosa_0
[2026-09-29 16:20:24.154 thread:96295 info topology_manager.cc:150]:discovery participant name:galbot-echo+3801_embosa_0
[2026-09-29 16:20:24.156 thread:96295 info topology_manager.cc:150]:discovery participant name:galbot-echo+90165_embosa_0
[2026-09-29 16:20:24.157 thread:96295 info topology_manager.cc:150]:discovery participant name:galbot-echo+89964_embosa_0
[2026-09-29 16:20:24.159 thread:96295 info topology_manager.cc:150]:discovery participant name:galbot-echo+89968_embosa_0
[2026-09-29 16:20:24.163 thread:96296 info topology_manager.cc:150]:discovery participant name:galbot-xcu+3924_embosa_0
[2026-09-29 16:20:24.165 thread:96296 info topology_manager.cc:150]:discovery participant name:galbot-xcu+3951_embosa_0
[2026-09-29 16:20:24.167 thread:96296 info topology_manager.cc:150]:discovery participant name:galbot-xcu+3517_embosa_0
[2026-09-29 16:20:24.169 thread:96295 info topology_manager.cc:150]:discovery participant name:galbot-echo+90175_embosa_0
[2026-09-29 16:20:24.171 thread:96295 info topology_manager.cc:150]:discovery participant name:galbot-echo+90176_embosa_0
[2026-09-29 16:20:24.173 thread:96295 info topology_manager.cc:150]:discovery participant name:galbot-echo+90181_embosa_0
[2026-09-29 16:20:24.174 thread:96267 info dds_node_factory.cpp:344]:Successfully created DataWriter for topic: embosa_node_change_broadcast
[2026-09-29 16:20:24.174 thread:96267 info threadpool.cpp:20]:hardware concurrency count: 12
[2026-09-29 16:20:24.175 thread:96267 info dds_node_factory.cpp:420]:Topic already exists: embosa_node_change_broadcast
[2026-09-29 16:20:24.179 thread:96295 info topology_manager.cc:150]:discovery participant name:galbot-echo+90184_embosa_0
[2026-09-29 16:20:24.181 thread:96295 info topology_manager.cc:150]:discovery participant name:galbot-echo+89901_embosa_0
[2026-09-29 16:20:24.183 thread:96295 info topology_manager.cc:150]:discovery participant name:galbot-echo+90167_embosa_0
[2026-09-29 16:20:24.186 thread:96267 info dds_pub_listener.cc:19]:DDSPubListener matched. topic: embosa_node_change_broadcast, total match count: 1, current match count: 1
[2026-09-29 16:20:24.186 thread:96267 info dds_sub_serialization_listener.h:573]:DDSSubSerializationListener matched. topic: embosa_node_change_broadcast, total match count: 1, current match count: 1
[2026-09-29 16:20:24.186 thread:96267 info dds_node_factory.cpp:526]:Successfully created DataReader for topic: embosa_node_change_broadcast
[2026-09-29 16:20:24.188 thread:96295 info topology_manager.cc:150]:discovery participant name:galbot-echo+89961_embosa_0
[2026-09-29 16:20:24.192 thread:96267 info dds_node_factory.cpp:344]:Successfully created DataWriter for topic: embosa_channel_change_broadcast
[2026-09-29 16:20:24.193 thread:96267 info dds_node_factory.cpp:420]:Topic already exists: embosa_channel_change_broadcast
[2026-09-29 16:20:24.193 thread:96295 info topology_manager.cc:150]:discovery participant name:galbot-echo+90172_embosa_0
[2026-09-29 16:20:24.196 thread:96296 info dds_sub_serialization_listener.h:573]:DDSSubSerializationListener matched. topic: embosa_node_change_broadcast, total match count: 2, current match count: 2
[2026-09-29 16:20:24.196 thread:96296 info topology_manager.cc:150]:discovery participant name:galbot-xcu+3616_embosa_0
[2026-09-29 16:20:24.200 thread:96296 info topology_manager.cc:150]:discovery participant name:galbot-xcu+4492_embosa_0
[2026-09-29 16:20:24.203 thread:96296 info dds_pub_listener.cc:19]:DDSPubListener matched. topic: embosa_node_change_broadcast, total match count: 2, current match count: 2
[2026-09-29 16:20:24.203 thread:96296 info dds_pub_listener.cc:19]:DDSPubListener matched. topic: embosa_channel_change_broadcast, total match count: 1, current match count: 1
[2026-09-29 16:20:24.203 thread:96267 info dds_pub_listener.cc:19]:DDSPubListener matched. topic: embosa_channel_change_broadcast, total match count: 2, current match count: 2
[2026-09-29 16:20:24.203 thread:96267 info dds_sub_serialization_listener.h:573]:DDSSubSerializationListener matched. topic: embosa_channel_change_broadcast, total match count: 1, current match count: 1
[2026-09-29 16:20:24.203 thread:96267 info dds_sub_serialization_listener.h:573]:DDSSubSerializationListener matched. topic: embosa_channel_change_broadcast, total match count: 2, current match count: 2
[2026-09-29 16:20:24.203 thread:96295 info topology_manager.cc:150]:discovery participant name:galbot-echo+90171_embosa_0
[2026-09-29 16:20:24.203 thread:96267 info dds_node_factory.cpp:526]:Successfully created DataReader for topic: embosa_channel_change_broadcast
[2026-09-29 16:20:24.206 thread:96295 info topology_manager.cc:150]:discovery participant name:galbot-echo+90170_embosa_0
[2026-09-29 16:20:24.208 thread:96267 info dds_pub_listener.cc:19]:DDSPubListener matched. topic: embosa_service_change_broadcast, total match count: 1, current match count: 1
[2026-09-29 16:20:24.208 thread:96267 info dds_node_factory.cpp:344]:Successfully created DataWriter for topic: embosa_service_change_broadcast
[2026-09-29 16:20:24.208 thread:96267 info dds_node_factory.cpp:420]:Topic already exists: embosa_service_change_broadcast
[2026-09-29 16:20:24.211 thread:96295 info topology_manager.cc:150]:discovery participant name:galbot-echo+90764_embosa_0
[2026-09-29 16:20:24.213 thread:96267 info dds_pub_listener.cc:19]:DDSPubListener matched. topic: embosa_service_change_broadcast, total match count: 2, current match count: 2
[2026-09-29 16:20:24.213 thread:96267 info dds_sub_serialization_listener.h:573]:DDSSubSerializationListener matched. topic: embosa_service_change_broadcast, total match count: 1, current match count: 1
[2026-09-29 16:20:24.213 thread:96267 info dds_sub_serialization_listener.h:573]:DDSSubSerializationListener matched. topic: embosa_service_change_broadcast, total match count: 2, current match count: 2
[2026-09-29 16:20:24.215 thread:96267 info dds_node_factory.cpp:526]:Successfully created DataReader for topic: embosa_service_change_broadcast
[2026-09-29 16:20:24.215 thread:96267 info dds_participant.cc:99]:transport no support. Use default transport: DEFAULT_UDP_SHM_TRANSPORT.
[2026-09-29 16:20:24.216 thread:96295 info topology_manager.cc:150]:discovery participant name:galbot-echo+90168_embosa_0
[2026-09-29 16:20:24.228 thread:96296 info topology_manager.cc:150]:discovery participant name:galbot-xcu+3614_embosa_0
[2026-09-29 16:20:24.232 thread:96296 info topology_manager.cc:150]:discovery participant name:galbot-xcu+3617_embosa_0
[2026-09-29 16:20:24.234 thread:96296 info topology_manager.cc:150]:discovery participant name:galbot-xcu+3619_embosa_0
[2026-09-29 16:20:24.238 thread:96296 info topology_manager.cc:150]:discovery participant name:galbot-xcu+3622_embosa_0
[2026-09-29 16:20:24.244 thread:96296 info topology_manager.cc:150]:discovery participant name:galbot-xcu+3618_embosa_0
[2026-09-29 16:20:24.247 thread:96296 info topology_manager.cc:150]:discovery participant name:galbot-xcu+3620_embosa_0
[2026-09-29 16:20:24.249 thread:96296 info topology_manager.cc:150]:discovery participant name:galbot-xcu+3615_embosa_0
[2026-09-29 16:20:24.253 thread:96267 info dds_node_factory.cpp:526]:Successfully created DataReader for topic: /left_arm_camera/color/image_raw
[2026-09-29 16:20:24.260 thread:96295 info dds_sub_serialization_listener.h:573]:DDSSubSerializationListener matched. topic: embosa_node_change_broadcast, total match count: 3, current match count: 3
[2026-09-29 16:20:24.260 thread:96295 info dds_sub_serialization_listener.h:573]:DDSSubSerializationListener matched. topic: embosa_node_change_broadcast, total match count: 4, current match count: 4
[2026-09-29 16:20:24.263 thread:96295 info dds_sub_serialization_listener.h:573]:DDSSubSerializationListener matched. topic: embosa_node_change_broadcast, total match count: 5, current match count: 5
[2026-09-29 16:20:24.263 thread:96295 info dds_sub_serialization_listener.h:573]:DDSSubSerializationListener matched. topic: embosa_channel_change_broadcast, total match count: 3, current match count: 3
[2026-09-29 16:20:24.269 thread:96295 info dds_pub_listener.cc:19]:DDSPubListener matched. topic: embosa_node_change_broadcast, total match count: 3, current match count: 3
[2026-09-29 16:20:24.270 thread:96295 info dds_pub_listener.cc:19]:DDSPubListener matched. topic: embosa_channel_change_broadcast, total match count: 3, current match count: 3
[2026-09-29 16:20:24.270 thread:96295 info dds_sub_serialization_listener.h:573]:DDSSubSerializationListener matched. topic: embosa_node_change_broadcast, total match count: 6, current match count: 6
[2026-09-29 16:20:24.270 thread:96295 info dds_pub_listener.cc:19]:DDSPubListener matched. topic: embosa_service_change_broadcast, total match count: 3, current match count: 3
[2026-09-29 16:20:24.270 thread:96295 info dds_sub_serialization_listener.h:573]:DDSSubSerializationListener matched. topic: embosa_channel_change_broadcast, total match count: 4, current match count: 4
[2026-09-29 16:20:24.270 thread:96295 info dds_sub_serialization_listener.h:573]:DDSSubSerializationListener matched. topic: embosa_service_change_broadcast, total match count: 3, current match count: 3
[2026-09-29 16:20:24.270 thread:96295 info dds_sub_serialization_listener.h:573]:DDSSubSerializationListener matched. topic: embosa_node_change_broadcast, total match count: 7, current match count: 7
[2026-09-29 16:20:24.270 thread:96295 info dds_sub_serialization_listener.h:573]:DDSSubSerializationListener matched. topic: embosa_node_change_broadcast, total match count: 8, current match count: 8
[2026-09-29 16:20:24.270 thread:96295 info dds_sub_serialization_listener.h:573]:DDSSubSerializationListener matched. topic: embosa_node_change_broadcast, total match count: 9, current match count: 9
[2026-09-29 16:20:24.270 thread:96295 info dds_sub_serialization_listener.h:573]:DDSSubSerializationListener matched. topic: embosa_channel_change_broadcast, total match count: 5, current match count: 5
[2026-09-29 16:20:24.270 thread:96295 info dds_sub_serialization_listener.h:573]:DDSSubSerializationListener matched. topic: embosa_service_change_broadcast, total match count: 4, current match count: 4
[2026-09-29 16:20:24.270 thread:96295 info dds_sub_serialization_listener.h:573]:DDSSubSerializationListener matched. topic: embosa_channel_change_broadcast, total match count: 6, current match count: 6
[2026-09-29 16:20:24.271 thread:96295 info dds_pub_listener.cc:19]:DDSPubListener matched. topic: embosa_node_change_broadcast, total match count: 4, current match count: 4
[2026-09-29 16:20:24.271 thread:96291 warning RTPS_TRANSPORT_SHM:117]:DDS Buffer is being invalidated, segment_size may be insufficient
[2026-09-29 16:20:24.277 thread:96295 info dds_sub_serialization_listener.h:573]:DDSSubSerializationListener matched. topic: embosa_service_change_broadcast, total match count: 5, current match count: 5
[2026-09-29 16:20:24.281 thread:96295 info dds_pub_listener.cc:19]:DDSPubListener matched. topic: embosa_channel_change_broadcast, total match count: 4, current match count: 4
[2026-09-29 16:20:24.281 thread:96295 info dds_pub_listener.cc:19]:DDSPubListener matched. topic: embosa_service_change_broadcast, total match count: 4, current match count: 4
[2026-09-29 16:20:24.282 thread:96295 info dds_pub_listener.cc:19]:DDSPubListener matched. topic: embosa_node_change_broadcast, total match count: 5, current match count: 5
[2026-09-29 16:20:24.284 thread:96295 info dds_pub_listener.cc:19]:DDSPubListener matched. topic: embosa_channel_change_broadcast, total match count: 5, current match count: 5
[2026-09-29 16:20:24.285 thread:96295 info dds_pub_listener.cc:19]:DDSPubListener matched. topic: embosa_service_change_broadcast, total match count: 5, current match count: 5
[2026-09-29 16:20:24.285 thread:96295 info dds_pub_listener.cc:19]:DDSPubListener matched. topic: embosa_node_change_broadcast, total match count: 6, current match count: 6
[2026-09-29 16:20:24.285 thread:96295 info dds_sub_serialization_listener.h:573]:DDSSubSerializationListener matched. topic: embosa_node_change_broadcast, total match count: 10, current match count: 10
[2026-09-29 16:20:24.286 thread:96295 info dds_pub_listener.cc:19]:DDSPubListener matched. topic: embosa_channel_change_broadcast, total match count: 6, current match count: 6
[2026-09-29 16:20:24.286 thread:96295 info dds_pub_listener.cc:19]:DDSPubListener matched. topic: embosa_node_change_broadcast, total match count: 7, current match count: 7
[2026-09-29 16:20:24.287 thread:96295 info dds_pub_listener.cc:19]:DDSPubListener matched. topic: embosa_channel_change_broadcast, total match count: 7, current match count: 7
[2026-09-29 16:20:24.287 thread:96295 info dds_pub_listener.cc:19]:DDSPubListener matched. topic: embosa_service_change_broadcast, total match count: 6, current match count: 6
[2026-09-29 16:20:24.287 thread:96296 info dds_sub_serialization_listener.h:573]:DDSSubSerializationListener matched. topic: embosa_node_change_broadcast, total match count: 11, current match count: 11
[2026-09-29 16:20:24.288 thread:96296 info dds_sub_serialization_listener.h:573]:DDSSubSerializationListener matched. topic: embosa_channel_change_broadcast, total match count: 7, current match count: 7
[2026-09-29 16:20:24.288 thread:96296 info dds_sub_serialization_listener.h:573]:DDSSubSerializationListener matched. topic: embosa_service_change_broadcast, total match count: 6, current match count: 6
[2026-09-29 16:20:24.290 thread:96295 info dds_pub_listener.cc:19]:DDSPubListener matched. topic: embosa_node_change_broadcast, total match count: 8, current match count: 8
[2026-09-29 16:20:24.296 thread:96295 info dds_pub_listener.cc:19]:DDSPubListener matched. topic: embosa_channel_change_broadcast, total match count: 8, current match count: 8
[2026-09-29 16:20:24.296 thread:96295 info dds_pub_listener.cc:19]:DDSPubListener matched. topic: embosa_service_change_broadcast, total match count: 7, current match count: 7
[2026-09-29 16:20:24.297 thread:96295 info dds_sub_serialization_listener.h:573]:DDSSubSerializationListener matched. topic: embosa_node_change_broadcast, total match count: 12, current match count: 12
[2026-09-29 16:20:24.297 thread:96295 info dds_sub_serialization_listener.h:573]:DDSSubSerializationListener matched. topic: embosa_channel_change_broadcast, total match count: 8, current match count: 8
[2026-09-29 16:20:24.298 thread:96295 info dds_sub_serialization_listener.h:573]:DDSSubSerializationListener matched. topic: embosa_service_change_broadcast, total match count: 7, current match count: 7
[2026-09-29 16:20:24.299 thread:96295 info dds_sub_serialization_listener.h:573]:DDSSubSerializationListener matched. topic: embosa_node_change_broadcast, total match count: 13, current match count: 13
[2026-09-29 16:20:24.299 thread:96267 info dds_node_factory.cpp:526]:Successfully created DataReader for topic: /left_arm_camera/color/camera_info
[2026-09-29 16:20:24.299 thread:96267 info init.h:15]:EmbOSA build version: V9.1.2
[2026-09-29 16:20:24.300 thread:96295 info dds_sub_serialization_listener.h:573]:DDSSubSerializationListener matched. topic: embosa_channel_change_broadcast, total match count: 9, current match count: 9
[2026-09-29 16:20:24.300 thread:96295 info dds_sub_serialization_listener.h:573]:DDSSubSerializationListener matched. topic: embosa_service_change_broadcast, total match count: 8, current match count: 8
[2026-09-29 16:20:24.300 thread:96295 info dds_sub_serialization_listener.h:573]:DDSSubSerializationListener matched. topic: embosa_channel_change_broadcast, total match count: 10, current match count: 10
[2026-09-29 16:20:24.300 thread:96295 info dds_sub_serialization_listener.h:573]:DDSSubSerializationListener matched. topic: embosa_service_change_broadcast, total match count: 9, current match count: 9
[2026-09-29 16:20:24.300 thread:96295 info dds_sub_serialization_listener.h:573]:DDSSubSerializationListener matched. topic: embosa_channel_change_broadcast, total match count: 11, current match count: 11
[2026-09-29 16:20:24.300 thread:96295 info dds_sub_serialization_listener.h:573]:DDSSubSerializationListener matched. topic: embosa_service_change_broadcast, total match count: 10, current match count: 10
[2026-09-29 16:20:24.301 thread:96296 info dds_pub_listener.cc:19]:DDSPubListener matched. topic: embosa_node_change_broadcast, total match count: 9, current match count: 9
[2026-09-29 16:20:24.301 thread:96296 info dds_pub_listener.cc:19]:DDSPubListener matched. topic: embosa_channel_change_broadcast, total match count: 9, current match count: 9
[2026-09-29 16:20:24.301 thread:96296 info dds_pub_listener.cc:19]:DDSPubListener matched. topic: embosa_service_change_broadcast, total match count: 8, current match count: 8
[2026-09-29 16:20:24.307 thread:96291 warning RTPS_READER:237]:DDS Reader 01.0f.5c.69.0b.78.c2.b9.00.00.00.00|0.0.9.4 was configured to have a large history (5000 max samples), but the history size used with writer 01.0f.5c.69.3f.60.25.50.00.00.00.00|0.0.a.3 will be 7 max samples.
[2026-09-29 16:20:24.308 thread:96267 info dds_sub_serialization_listener.h:573]:DDSSubSerializationListener matched. topic: /embosa_tf, total match count: 1, current match count: 1
[2026-09-29 16:20:24.308 thread:96267 info dds_node_factory.cpp:526]:Successfully created DataReader for topic: /embosa_tf
[2026-09-29 16:20:24.318 thread:96267 info dds_sub_serialization_listener.h:573]:DDSSubSerializationListener matched. topic: /embosa_tf_static, total match count: 1, current match count: 1
[2026-09-29 16:20:24.318 thread:96291 warning RTPS_READER:237]:DDS Reader 01.0f.5c.69.0b.78.c2.b9.00.00.00.00|0.0.a.4 was configured to have a large history (5000 max samples), but the history size used with writer 01.0f.5c.69.37.60.c7.6e.00.00.00.00|0.0.7.3 will be 5 max samples.
[2026-09-29 16:20:24.318 thread:96327 warning dds_sub_serialization_listener.h:520]:DDSSubSerializationListener: data used time 89 ms, over sub threshold 50 ms, topic: /embosa_tf_static, index: 64
[2026-09-29 16:20:24.318 thread:96267 info dds_node_factory.cpp:526]:Successfully created DataReader for topic: /embosa_tf_static
[2026-09-29 16:20:24.322 thread:96267 info dds_node_factory.cpp:526]:Successfully created DataReader for topic: /galbot/mission_manager/onboard_config
[2026-09-29 16:20:24.325 thread:96267 info dds_sub_listener.cc:511]:DDSSubListener matched. topic: bms, total match count: 1, current match count: 1
[2026-09-29 16:20:24.327 thread:96295 info dds_sub_serialization_listener.h:573]:DDSSubSerializationListener matched. topic: embosa_node_change_broadcast, total match count: 14, current match count: 14
[2026-09-29 16:20:24.328 thread:96267 info dds_node_factory.cpp:526]:Successfully created DataReader for topic: bms
[2026-09-29 16:20:24.328 thread:96267 info init.h:15]:EmbOSA build version: V9.1.2
[2026-09-29 16:20:24.330 thread:96295 info dds_sub_serialization_listener.h:573]:DDSSubSerializationListener matched. topic: embosa_channel_change_broadcast, total match count: 12, current match count: 12
[2026-09-29 16:20:24.331 thread:96295 info dds_pub_listener.cc:19]:DDSPubListener matched. topic: embosa_node_change_broadcast, total match count: 10, current match count: 10
[2026-09-29 16:20:24.331 thread:96295 info dds_sub_serialization_listener.h:573]:DDSSubSerializationListener matched. topic: embosa_service_change_broadcast, total match count: 11, current match count: 11
[2026-09-29 16:20:24.331 thread:96295 info dds_pub_listener.cc:19]:DDSPubListener matched. topic: embosa_channel_change_broadcast, total match count: 10, current match count: 10
[2026-09-29 16:20:24.331 thread:96295 info dds_pub_listener.cc:19]:DDSPubListener matched. topic: embosa_node_change_broadcast, total match count: 11, current match count: 11
[2026-09-29 16:20:24.331 thread:96295 info dds_pub_listener.cc:19]:DDSPubListener matched. topic: embosa_service_change_broadcast, total match count: 9, current match count: 9
[2026-09-29 16:20:24.331 thread:96295 info dds_pub_listener.cc:19]:DDSPubListener matched. topic: embosa_channel_change_broadcast, total match count: 11, current match count: 11
[2026-09-29 16:20:24.331 thread:96295 info dds_pub_listener.cc:19]:DDSPubListener matched. topic: embosa_service_change_broadcast, total match count: 10, current match count: 10
[2026-09-29 16:20:24.333 thread:96267 info dds_node_factory.cpp:344]:Successfully created DataWriter for topic: singorix/wbcs/target
[2026-09-29 16:20:24.334 thread:96295 info dds_sub_serialization_listener.h:573]:DDSSubSerializationListener matched. topic: embosa_service_change_broadcast, total match count: 12, current match count: 12
[2026-09-29 16:20:24.335 thread:96267 info dds_participant.cc:99]:transport no support. Use default transport: DEFAULT_UDP_SHM_TRANSPORT.
[2026-09-29 16:20:24.338 thread:96295 info dds_sub_serialization_listener.h:573]:DDSSubSerializationListener matched. topic: embosa_channel_change_broadcast, total match count: 13, current match count: 13
[2026-09-29 16:20:24.339 thread:96295 info dds_sub_serialization_listener.h:573]:DDSSubSerializationListener matched. topic: embosa_service_change_broadcast, total match count: 13, current match count: 13
[2026-09-29 16:20:24.340 thread:96295 info dds_sub_serialization_listener.h:573]:DDSSubSerializationListener matched. topic: /embosa_tf, total match count: 2, current match count: 2
[2026-09-29 16:20:24.342 thread:96291 warning RTPS_READER:237]:DDS Reader 01.0f.5c.69.0b.78.c2.b9.00.00.00.00|0.0.9.4 was configured to have a large history (5000 max samples), but the history size used with writer 01.0f.5c.69.38.60.cb.8e.00.00.00.00|0.0.8.3 will be 7 max samples.
[2026-09-29 16:20:24.344 thread:96291 warning RTPS_READER:237]:DDS Reader 01.0f.5c.69.0b.78.c2.b9.00.00.00.00|0.0.a.4 was configured to have a large history (5000 max samples), but the history size used with writer 01.0f.5c.69.38.60.cb.8e.00.00.00.00|0.0.9.3 will be 5 max samples.
[2026-09-29 16:20:24.344 thread:96295 info dds_sub_serialization_listener.h:573]:DDSSubSerializationListener matched. topic: /embosa_tf_static, total match count: 2, current match count: 2
[2026-09-29 16:20:24.355 thread:96267 info dds_node_factory.cpp:344]:Successfully created DataWriter for topic: singorix/wbcs/target_server__RPC__REQUEST
[2026-09-29 16:20:24.355 thread:96267 info dds_participant.cc:99]:transport no support. Use default transport: DEFAULT_UDP_SHM_TRANSPORT.
[2026-09-29 16:20:24.358 thread:96304 error channel_manager.cc:394]:newly added reader(belongs to node[Sensor#0|swallows|90176])'s message type[N6galbot6embosa7MessageE] does not match the exsited reader(belongs to node[sensor_sdk_node|python3.11|96267])'s message type[galbot.sensor_proto.CompressedImage].
[2026-09-29 16:20:24.364 thread:96307 error channel_manager.cc:394]:newly added reader(belongs to node[Sensor#0|swallows|90176])'s message type[N6galbot6embosa7MessageE] does not match the exsited reader(belongs to node[sensor_sdk_node|python3.11|96267])'s message type[galbot.sensor_proto.CameraInfo].
[2026-09-29 16:20:24.373 thread:96295 info dds_pub_listener.cc:19]:DDSPubListener matched. topic: embosa_service_change_broadcast, total match count: 11, current match count: 11
[2026-09-29 16:20:24.374 thread:96302 error channel_manager.cc:394]:newly added writer(belongs to node[service_right_arm_camera_sensor_capture|right_arm_camera_capture|90175])'s message type[galbot.sensor_proto.CompressedImage] does not match the exsited reader(belongs to node[Sensor#0|swallows|90176])'s message type[N6galbot6embosa7MessageE].
[2026-09-29 16:20:24.374 thread:96312 error channel_manager.cc:380]:newly added reader(belongs to node[Sensor#0|swallows|90176])'s message type[N6galbot6embosa7MessageE] does not match the exsited writer(belongs to node[service_right_arm_camera_sensor_capture|right_arm_camera_capture|90175])'s message type[galbot.sensor_proto.CameraInfo].
[2026-09-29 16:20:24.378 thread:96309 error channel_manager.cc:380]:newly added reader(belongs to node[Sensor#0|swallows|90176])'s message type[N6galbot6embosa7MessageE] does not match the exsited writer(belongs to node[service_right_arm_camera_sensor_capture|right_arm_camera_capture|90175])'s message type[galbot.tf2_proto.TF2Message].
[2026-09-29 16:20:24.378 thread:96309 error channel_manager.cc:394]:newly added reader(belongs to node[Sensor#0|swallows|90176])'s message type[N6galbot6embosa7MessageE] does not match the exsited reader(belongs to node[/galbot_perception|Perception_Algorithm_Service|90170])'s message type[galbot.tf2_proto.TF2Message].
[2026-09-29 16:20:24.378 thread:96309 error channel_manager.cc:394]:newly added reader(belongs to node[Sensor#0|swallows|90176])'s message type[N6galbot6embosa7MessageE] does not match the exsited reader(belongs to node[system_sdk_node|python3.11|96267])'s message type[galbot.tf2_proto.TF2Message].
[2026-09-29 16:20:24.378 thread:96309 error channel_manager.cc:380]:newly added reader(belongs to node[Sensor#0|swallows|90176])'s message type[N6galbot6embosa7MessageE] does not match the exsited writer(belongs to node[embosa_eyehand_calib_publish|eyehand_calib_publish|90167])'s message type[galbot.tf2_proto.TF2Message].
[2026-09-29 16:20:24.378 thread:96309 error channel_manager.cc:394]:newly added reader(belongs to node[Sensor#0|swallows|90176])'s message type[N6galbot6embosa7MessageE] does not match the exsited reader(belongs to node[/galbot_perception|Perception_Algorithm_Service|90170])'s message type[galbot.tf2_proto.TF2Message].
[2026-09-29 16:20:24.378 thread:96309 error channel_manager.cc:394]:newly added reader(belongs to node[Sensor#0|swallows|90176])'s message type[N6galbot6embosa7MessageE] does not match the exsited reader(belongs to node[system_sdk_node|python3.11|96267])'s message type[galbot.tf2_proto.TF2Message].
[2026-09-29 16:20:24.378 thread:96311 error channel_manager.cc:380]:newly added reader(belongs to node[Sensor#0|swallows|90176])'s message type[N6galbot6embosa7MessageE] does not match the exsited writer(belongs to node[/data/galbot/bin/service_lidar_capture|service_lidar_capture|90174])'s message type[galbot.sensor_proto.PointCloud2].
[2026-09-29 16:20:24.379 thread:96267 info dds_node_factory.cpp:526]:Successfully created DataReader for topic: singorix/wbcs/target_server__RPC__RESPONSE
[2026-09-29 16:20:24.379 thread:96306 error channel_manager.cc:380]:newly added reader(belongs to node[Sensor#0|swallows|90176])'s message type[N6galbot6embosa7MessageE] does not match the exsited writer(belongs to node[/data/galbot/bin/service_lidar_capture|service_lidar_capture|90174])'s message type[galbot.sensor_proto.ImuSensor].
[2026-09-29 16:20:24.380 thread:96303 error channel_manager.cc:380]:newly added reader(belongs to node[Sensor#0|swallows|90176])'s message type[N6galbot6embosa7MessageE] does not match the exsited writer(belongs to node[/data/galbot/bin/service_lidar_capture|service_lidar_capture|90174])'s message type[galbot.core_proto.StringValue].
[2026-09-29 16:20:24.380 thread:96267 info dds_participant.cc:99]:transport no support. Use default transport: DEFAULT_UDP_SHM_TRANSPORT.
[2026-09-29 16:20:24.381 thread:96312 error channel_manager.cc:380]:newly added reader(belongs to node[Sensor#0|swallows|90176])'s message type[N6galbot6embosa7MessageE] does not match the exsited writer(belongs to node[/galbot_perception|Perception_Algorithm_Service|90170])'s message type[galbot.perception_proto.DetectionResult].
[2026-09-29 16:20:24.385 thread:96306 error channel_manager.cc:380]:newly added reader(belongs to node[Sensor#0|swallows|90176])'s message type[N6galbot6embosa7MessageE] does not match the exsited writer(belongs to node[embosa_test_rpc_client_node|galbot_chassis_service|3924])'s message type[galbot.navigation_proto.Odometry].
[2026-09-29 16:20:24.387 thread:96312 error channel_manager.cc:394]:newly added reader(belongs to node[Sensor#0|swallows|90176])'s message type[N6galbot6embosa7MessageE] does not match the exsited reader(belongs to node[data_backflow|data_backflow_service|89961])'s message type[galbot.system_proto.mission_manager_proto.MissionManagerMessage].
[2026-09-29 16:20:24.387 thread:96305 error channel_manager.cc:394]:newly added reader(belongs to node[Sensor#0|swallows|90176])'s message type[N6galbot6embosa7MessageE] does not match the exsited reader(belongs to node[system_sdk_node|python3.11|96267])'s message type[galbot.system_proto.mission_manager_proto.OnboardConfig].
[2026-09-29 16:20:24.394 thread:96267 info dds_node_factory.cpp:344]:Successfully created DataWriter for topic: singorix/wbcs/controller_server__RPC__REQUEST
[2026-09-29 16:20:24.394 thread:96267 info dds_participant.cc:99]:transport no support. Use default transport: DEFAULT_UDP_SHM_TRANSPORT.
[2026-09-29 16:20:24.397 thread:96295 info dds_sub_serialization_listener.h:573]:DDSSubSerializationListener matched. topic: embosa_node_change_broadcast, total match count: 15, current match count: 15
[2026-09-29 16:20:24.403 thread:96295 info dds_sub_serialization_listener.h:573]:DDSSubSerializationListener matched. topic: embosa_channel_change_broadcast, total match count: 14, current match count: 14
[2026-09-29 16:20:24.406 thread:96295 info dds_sub_serialization_listener.h:573]:DDSSubSerializationListener matched. topic: embosa_service_change_broadcast, total match count: 14, current match count: 14
[2026-09-29 16:20:24.412 thread:96267 info dds_node_factory.cpp:526]:Successfully created DataReader for topic: singorix/wbcs/controller_server__RPC__RESPONSE
[2026-09-29 16:20:24.417 thread:96267 info dds_node_factory.cpp:526]:Successfully created DataReader for topic: singorix/wbcs/error
[2026-09-29 16:20:24.418 thread:96267 error channel_manager.cc:394]:newly added reader(belongs to node[wbc_sdk_node|python3.11|96267])'s message type[galbot.singorix_proto.SingoriXError] does not match the exsited reader(belongs to node[Sensor#0|swallows|90176])'s message type[N6galbot6embosa7MessageE].
[2026-09-29 16:20:24.422 thread:96295 info dds_sub_serialization_listener.h:573]:DDSSubSerializationListener matched. topic: /embosa_tf, total match count: 3, current match count: 3
[2026-09-29 16:20:24.423 thread:96291 warning RTPS_READER:237]:DDS Reader 01.0f.5c.69.0b.78.c2.b9.00.00.00.00|0.0.9.4 was configured to have a large history (5000 max samples), but the history size used with writer 01.0f.5c.69.3b.60.c8.8b.00.00.00.00|0.0.7.3 will be 7 max samples.
[2026-09-29 16:20:24.423 thread:96267 info dds_node_factory.cpp:526]:Successfully created DataReader for topic: singorix/wbcs/wbc_info
[2026-09-29 16:20:24.424 thread:96267 error channel_manager.cc:394]:newly added reader(belongs to node[wbc_sdk_node|python3.11|96267])'s message type[galbot.singorix_proto.WBCInfo] does not match the exsited reader(belongs to node[Sensor#0|swallows|90176])'s message type[N6galbot6embosa7MessageE].
[2026-09-29 16:20:24.430 thread:96267 info dds_node_factory.cpp:526]:Successfully created DataReader for topic: singorix/wbcs/sensor
[2026-09-29 16:20:24.431 thread:96267 error channel_manager.cc:394]:newly added reader(belongs to node[wbc_sdk_node|python3.11|96267])'s message type[galbot.singorix_proto.SingoriXSensor] does not match the exsited reader(belongs to node[Sensor#0|swallows|90176])'s message type[N6galbot6embosa7MessageE].
[2026-09-29 16:20:24.434 thread:96267 info dds_sub_serialization_listener.h:573]:DDSSubSerializationListener matched. topic: /odom/base_link, total match count: 1, current match count: 1
[2026-09-29 16:20:24.435 thread:96267 info dds_node_factory.cpp:526]:Successfully created DataReader for topic: /odom/base_link
[2026-09-29 16:20:24.435 thread:96267 error channel_manager.cc:394]:newly added reader(belongs to node[wbc_sdk_node|python3.11|96267])'s message type[galbot.navigation_proto.Odometry] does not match the exsited reader(belongs to node[Sensor#0|swallows|90176])'s message type[N6galbot6embosa7MessageE].
[2026-09-29 16:20:24.454 thread:96295 info dds_sub_serialization_listener.h:573]:DDSSubSerializationListener matched. topic: embosa_node_change_broadcast, total match count: 16, current match count: 16
[2026-09-29 16:20:24.454 thread:96295 info dds_sub_serialization_listener.h:573]:DDSSubSerializationListener matched. topic: embosa_channel_change_broadcast, total match count: 15, current match count: 15
[2026-09-29 16:20:24.454 thread:96295 info dds_sub_serialization_listener.h:573]:DDSSubSerializationListener matched. topic: embosa_service_change_broadcast, total match count: 15, current match count: 15
[2026-09-29 16:20:24.473 thread:96296 info dds_sub_serialization_listener.h:573]:DDSSubSerializationListener matched. topic: embosa_node_change_broadcast, total match count: 17, current match count: 17
[2026-09-29 16:20:24.473 thread:96296 info dds_sub_serialization_listener.h:573]:DDSSubSerializationListener matched. topic: embosa_channel_change_broadcast, total match count: 16, current match count: 16
[2026-09-29 16:20:24.473 thread:96296 info dds_sub_serialization_listener.h:573]:DDSSubSerializationListener matched. topic: embosa_service_change_broadcast, total match count: 16, current match count: 16
[2026-09-29 16:20:24.492 thread:96296 info dds_pub_listener.cc:19]:DDSPubListener matched. topic: embosa_node_change_broadcast, total match count: 12, current match count: 12
[2026-09-29 16:20:24.493 thread:96296 info dds_pub_listener.cc:19]:DDSPubListener matched. topic: embosa_channel_change_broadcast, total match count: 12, current match count: 12
[2026-09-29 16:20:24.493 thread:96296 info dds_pub_listener.cc:19]:DDSPubListener matched. topic: embosa_service_change_broadcast, total match count: 12, current match count: 12
[2026-09-29 16:20:24.500 thread:96296 info dds_sub_serialization_listener.h:573]:DDSSubSerializationListener matched. topic: embosa_node_change_broadcast, total match count: 18, current match count: 18
[2026-09-29 16:20:24.500 thread:96296 info dds_sub_serialization_listener.h:573]:DDSSubSerializationListener matched. topic: embosa_channel_change_broadcast, total match count: 17, current match count: 17
[2026-09-29 16:20:24.501 thread:96296 info dds_sub_serialization_listener.h:573]:DDSSubSerializationListener matched. topic: embosa_service_change_broadcast, total match count: 17, current match count: 17
[2026-09-29 16:20:24.501 thread:96296 info dds_sub_serialization_listener.h:573]:DDSSubSerializationListener matched. topic: singorix/wbcs/sensor, total match count: 1, current match count: 1
[2026-09-29 16:20:24.501 thread:96296 info dds_sub_serialization_listener.h:573]:DDSSubSerializationListener matched. topic: singorix/wbcs/error, total match count: 1, current match count: 1
[2026-09-29 16:20:24.501 thread:96296 info dds_sub_serialization_listener.h:573]:DDSSubSerializationListener matched. topic: singorix/wbcs/wbc_info, total match count: 1, current match count: 1
[2026-09-29 16:20:24.510 thread:96304 error channel_manager.cc:394]:newly added reader(belongs to node[diagnose_process_node|diagnose|3616])'s message type[galbot.system_proto.mission_manager_proto.MissionManagerMessage] does not match the exsited reader(belongs to node[Sensor#0|swallows|90176])'s message type[N6galbot6embosa7MessageE].
[2026-09-29 16:20:24.518 thread:96296 info dds_sub_serialization_listener.h:573]:DDSSubSerializationListener matched. topic: embosa_node_change_broadcast, total match count: 19, current match count: 19
[2026-09-29 16:20:24.518 thread:96296 info dds_sub_serialization_listener.h:573]:DDSSubSerializationListener matched. topic: embosa_channel_change_broadcast, total match count: 18, current match count: 18
[2026-09-29 16:20:24.518 thread:96296 info dds_sub_serialization_listener.h:573]:DDSSubSerializationListener matched. topic: embosa_service_change_broadcast, total match count: 18, current match count: 18
[2026-09-29 16:20:24.524 thread:96304 error channel_manager.cc:394]:newly added reader(belongs to node[motion_planning_service_node|service_motion_plan|90181])'s message type[galbot.singorix_proto.SingoriXSensor] does not match the exsited reader(belongs to node[Sensor#0|swallows|90176])'s message type[N6galbot6embosa7MessageE].
[2026-09-29 16:20:24.533 thread:96308 error channel_manager.cc:394]:newly added reader(belongs to node[motion_planning_service_node|service_motion_plan|90181])'s message type[galbot.singorix_proto.SingoriXError] does not match the exsited reader(belongs to node[Sensor#0|swallows|90176])'s message type[N6galbot6embosa7MessageE].
[2026-09-29 16:20:24.536 thread:96311 error channel_manager.cc:394]:newly added reader(belongs to node[motion_planning_service_node|service_motion_plan|90181])'s message type[galbot.spatial_proto.PoseMsg] does not match the exsited reader(belongs to node[Sensor#0|swallows|90176])'s message type[N6galbot6embosa7MessageE].
[2026-09-29 16:20:24.592 thread:96296 info dds_client_sub_serialization_listener.h:383]:DDSClientSubSerializationListener matched. topic: singorix/wbcs/controller_server__RPC__RESPONSE, total match count: 1, current match count: 1
[2026-09-29 16:20:24.592 thread:96296 info dds_client_sub_serialization_listener.h:383]:DDSClientSubSerializationListener matched. topic: singorix/wbcs/target_server__RPC__RESPONSE, total match count: 1, current match count: 1
[2026-09-29 16:20:24.604 thread:96322 warning dds_sub_serialization_listener.h:520]:DDSSubSerializationListener: data used time 142 ms, over sub threshold 50 ms, topic: /embosa_tf, index: 119
[2026-09-29 16:20:24.604 thread:96322 warning dds_sub_serialization_listener.h:520]:DDSSubSerializationListener: data used time 142 ms, over sub threshold 50 ms, topic: /embosa_tf, index: 120
[2026-09-29 16:20:24.604 thread:96322 warning dds_sub_serialization_listener.h:520]:DDSSubSerializationListener: data used time 213 ms, over sub threshold 50 ms, topic: /embosa_tf, index: 2062
[2026-09-29 16:20:24.604 thread:96322 warning dds_sub_serialization_listener.h:520]:DDSSubSerializationListener: data used time 211 ms, over sub threshold 50 ms, topic: /embosa_tf, index: 2063
[2026-09-29 16:20:24.604 thread:96322 warning dds_sub_serialization_listener.h:520]:DDSSubSerializationListener: data used time 114 ms, over sub threshold 50 ms, topic: /embosa_tf, index: 2064
[2026-09-29 16:20:24.604 thread:96322 warning dds_sub_serialization_listener.h:520]:DDSSubSerializationListener: data used time 79 ms, over sub threshold 50 ms, topic: /embosa_tf, index: 2065
[2026-09-29 16:20:24.604 thread:96322 warning dds_sub_serialization_listener.h:520]:DDSSubSerializationListener: data used time 102 ms, over sub threshold 50 ms, topic: /embosa_tf, index: 2615
[2026-09-29 16:20:24.604 thread:96291 warning RTPS_READER:274]:DDS Writer 01.0f.5c.69.3b.60.c8.8b.00.00.00.00|0.0.7.3 overtook reader in datasharing pool. Some changes will be missing.
[2026-09-29 16:20:24.604 thread:96322 warning dds_sub_serialization_listener.h:520]:DDSSubSerializationListener: data used time 82 ms, over sub threshold 50 ms, topic: /embosa_tf, index: 2616
[2026-09-29 16:20:24.604 thread:96322 warning dds_sub_serialization_listener.h:520]:DDSSubSerializationListener: data used time 61 ms, over sub threshold 50 ms, topic: /embosa_tf, index: 2617
[2026-09-29 16:20:24.612 thread:96296 info dds_sub_serialization_listener.h:573]:DDSSubSerializationListener matched. topic: /galbot/mission_manager/onboard_config, total match count: 1, current match count: 1
[2026-09-29 16:20:24.615 thread:96310 error channel_manager.cc:394]:newly added reader(belongs to node[aphropm_pns|service_navigation_plan|90172])'s message type[galbot.singorix_proto.SingoriXSensor] does not match the exsited reader(belongs to node[Sensor#0|swallows|90176])'s message type[N6galbot6embosa7MessageE].
[2026-09-29 16:20:24.616 thread:96303 error channel_manager.cc:394]:newly added reader(belongs to node[aphropm_pns|service_navigation_plan|90172])'s message type[galbot.singorix_proto.SingoriXError] does not match the exsited reader(belongs to node[Sensor#0|swallows|90176])'s message type[N6galbot6embosa7MessageE].
[2026-09-29 16:20:24.616 thread:96301 error channel_manager.cc:394]:newly added writer(belongs to node[robot_state_publisher|robot_state_publish|90168])'s message type[galbot.core_proto.StringValue] does not match the exsited reader(belongs to node[Sensor#0|swallows|90176])'s message type[N6galbot6embosa7MessageE].
[2026-09-29 16:20:24.617 thread:96309 error channel_manager.cc:394]:newly added reader(belongs to node[aphropm_pns|service_navigation_plan|90172])'s message type[galbot.singorix_proto.WBCInfo] does not match the exsited reader(belongs to node[Sensor#0|swallows|90176])'s message type[N6galbot6embosa7MessageE].
[2026-09-29 16:20:24.619 thread:96302 error channel_manager.cc:394]:newly added writer(belongs to node[robot_state_publisher|robot_state_publish|90168])'s message type[galbot.tf2_proto.TF2Message] does not match the exsited reader(belongs to node[Sensor#0|swallows|90176])'s message type[N6galbot6embosa7MessageE].
[2026-09-29 16:20:24.620 thread:96306 error channel_manager.cc:394]:newly added writer(belongs to node[embosa_localization_node|localization_server|90171])'s message type[galbot.tf2_proto.TF2Message] does not match the exsited reader(belongs to node[Sensor#0|swallows|90176])'s message type[N6galbot6embosa7MessageE].
[2026-09-29 16:20:24.623 thread:96301 error channel_manager.cc:394]:newly added writer(belongs to node[robot_state_publisher|robot_state_publish|90168])'s message type[galbot.tf2_proto.TF2Message] does not match the exsited reader(belongs to node[Sensor#0|swallows|90176])'s message type[N6galbot6embosa7MessageE].
[2026-09-29 16:20:24.626 thread:96302 error channel_manager.cc:394]:newly added reader(belongs to node[robot_state_publisher|robot_state_publish|90168])'s message type[galbot.singorix_proto.SingoriXSensor] does not match the exsited reader(belongs to node[Sensor#0|swallows|90176])'s message type[N6galbot6embosa7MessageE].
[2026-09-29 16:20:24.628 thread:96306 error channel_manager.cc:394]:newly added reader(belongs to node[aphropm_pns|service_navigation_plan|90172])'s message type[galbot.spatial_proto.PoseMsg] does not match the exsited reader(belongs to node[Sensor#0|swallows|90176])'s message type[N6galbot6embosa7MessageE].
[2026-09-29 16:20:24.633 thread:96301 error channel_manager.cc:394]:newly added reader(belongs to node[embosa_localization_node|localization_server|90171])'s message type[galbot.tf2_proto.TF2Message] does not match the exsited reader(belongs to node[Sensor#0|swallows|90176])'s message type[N6galbot6embosa7MessageE].
[2026-09-29 16:20:24.634 thread:96303 error channel_manager.cc:394]:newly added reader(belongs to node[embosa_localization_node|localization_server|90171])'s message type[galbot.tf2_proto.TF2Message] does not match the exsited reader(belongs to node[Sensor#0|swallows|90176])'s message type[N6galbot6embosa7MessageE].
[2026-09-29 16:20:24.636 thread:96308 error channel_manager.cc:394]:newly added reader(belongs to node[embosa_localization_node|localization_server|90171])'s message type[galbot.sensor_proto.PointCloud2] does not match the exsited reader(belongs to node[Sensor#0|swallows|90176])'s message type[N6galbot6embosa7MessageE].
[2026-09-29 16:20:24.637 thread:96267 info dds_serialization_dataclient.hpp:438]:DDSSerializationDataClient: topic: singorix/wbcs/target_server, current pub/sub match different count, pub match count: 0, sub match count: 1
[2026-09-29 16:20:24.640 thread:96302 error channel_manager.cc:394]:newly added writer(belongs to node[aphropm_pns|service_navigation_plan|90172])'s message type[galbot.navigation_proto.Path] does not match the exsited reader(belongs to node[Sensor#0|swallows|90176])'s message type[N6galbot6embosa7MessageE].
[2026-09-29 16:20:24.649 thread:96312 error channel_manager.cc:394]:newly added reader(belongs to node[embosa_localization_node|localization_server|90171])'s message type[galbot.sensor_proto.ImuSensor] does not match the exsited reader(belongs to node[Sensor#0|swallows|90176])'s message type[N6galbot6embosa7MessageE].
[2026-09-29 16:20:24.654 thread:96308 error channel_manager.cc:394]:newly added reader(belongs to node[embosa_localization_node|localization_server|90171])'s message type[galbot.navigation_proto.Odometry] does not match the exsited reader(belongs to node[Sensor#0|swallows|90176])'s message type[N6galbot6embosa7MessageE].
[2026-09-29 16:20:24.655 thread:96311 error channel_manager.cc:394]:newly added reader(belongs to node[embosa_localization_node|localization_server|90171])'s message type[galbot.spatial_proto.PoseMsg] does not match the exsited reader(belongs to node[Sensor#0|swallows|90176])'s message type[N6galbot6embosa7MessageE].
[2026-09-29 16:20:24.663 thread:96309 error channel_manager.cc:394]:newly added writer(belongs to node[embosa_localization_node|localization_server|90171])'s message type[galbot.spatial_proto.PoseMsg] does not match the exsited reader(belongs to node[Sensor#0|swallows|90176])'s message type[N6galbot6embosa7MessageE].
[2026-09-29 16:20:24.669 thread:96296 info dds_pub_listener.cc:19]:DDSPubListener matched. topic: embosa_node_change_broadcast, total match count: 13, current match count: 13
[2026-09-29 16:20:24.669 thread:96296 info dds_pub_listener.cc:19]:DDSPubListener matched. topic: embosa_channel_change_broadcast, total match count: 13, current match count: 13
[2026-09-29 16:20:24.670 thread:96296 info dds_pub_listener.cc:19]:DDSPubListener matched. topic: embosa_service_change_broadcast, total match count: 13, current match count: 13
[2026-09-29 16:20:24.670 thread:96308 error channel_manager.cc:394]:newly added writer(belongs to node[embosa_localization_node|localization_server|90171])'s message type[galbot.spatial_proto.PoseMsg] does not match the exsited reader(belongs to node[Sensor#0|swallows|90176])'s message type[N6galbot6embosa7MessageE].
[2026-09-29 16:20:24.673 thread:96306 error channel_manager.cc:394]:newly added writer(belongs to node[embosa_localization_node|localization_server|90171])'s message type[galbot.sensor_proto.PointCloud2] does not match the exsited reader(belongs to node[Sensor#0|swallows|90176])'s message type[N6galbot6embosa7MessageE].
[2026-09-29 16:20:24.681 thread:96303 error channel_manager.cc:394]:newly added writer(belongs to node[embosa_localization_node|localization_server|90171])'s message type[galbot.core_proto.FloatValue] does not match the exsited reader(belongs to node[Sensor#0|swallows|90176])'s message type[N6galbot6embosa7MessageE].
[2026-09-29 16:20:24.682 thread:96296 info dds_pub_listener.cc:19]:DDSPubListener matched. topic: embosa_node_change_broadcast, total match count: 14, current match count: 14
[2026-09-29 16:20:24.682 thread:96296 info dds_pub_listener.cc:19]:DDSPubListener matched. topic: embosa_channel_change_broadcast, total match count: 14, current match count: 14
[2026-09-29 16:20:24.682 thread:96296 info dds_pub_listener.cc:19]:DDSPubListener matched. topic: embosa_service_change_broadcast, total match count: 14, current match count: 14
[2026-09-29 16:20:24.737 thread:96267 info dds_serialization_dataclient.hpp:438]:DDSSerializationDataClient: topic: singorix/wbcs/target_server, current pub/sub match different count, pub match count: 0, sub match count: 1
[2026-09-29 16:20:24.755 thread:96310 error channel_manager.cc:394]:newly added writer(belongs to node[context_mission_mode|mission_manager|3517])'s message type[galbot.system_proto.mission_manager_proto.MissionManagerMessage] does not match the exsited reader(belongs to node[Sensor#0|swallows|90176])'s message type[N6galbot6embosa7MessageE].
[2026-09-29 16:20:24.764 thread:96302 error channel_manager.cc:394]:newly added reader(belongs to node[context_mission_mode|mission_manager|3517])'s message type[galbot.spatial_proto.PoseMsg] does not match the exsited reader(belongs to node[Sensor#0|swallows|90176])'s message type[N6galbot6embosa7MessageE].
[2026-09-29 16:20:24.767 thread:96305 error channel_manager.cc:394]:newly added writer(belongs to node[context_mission_mode|mission_manager|3517])'s message type[galbot.system_proto.mission_manager_proto.OnboardConfig] does not match the exsited reader(belongs to node[Sensor#0|swallows|90176])'s message type[N6galbot6embosa7MessageE].
[2026-09-29 16:20:24.771 thread:96296 info dds_pub_listener.cc:19]:DDSPubListener matched. topic: embosa_node_change_broadcast, total match count: 15, current match count: 15
[2026-09-29 16:20:24.772 thread:96296 info dds_pub_listener.cc:19]:DDSPubListener matched. topic: embosa_channel_change_broadcast, total match count: 15, current match count: 15
[2026-09-29 16:20:24.772 thread:96296 info dds_pub_listener.cc:19]:DDSPubListener matched. topic: embosa_service_change_broadcast, total match count: 15, current match count: 15
[2026-09-29 16:20:24.772 thread:96296 info dds_sub_serialization_listener.h:573]:DDSSubSerializationListener matched. topic: embosa_node_change_broadcast, total match count: 20, current match count: 20
[2026-09-29 16:20:24.772 thread:96296 info dds_sub_serialization_listener.h:573]:DDSSubSerializationListener matched. topic: embosa_channel_change_broadcast, total match count: 19, current match count: 19
[2026-09-29 16:20:24.772 thread:96296 info dds_sub_serialization_listener.h:573]:DDSSubSerializationListener matched. topic: embosa_service_change_broadcast, total match count: 19, current match count: 19
[2026-09-29 16:20:24.778 thread:96296 info dds_client_pub_listener.cc:20]:DDSClientPubListener matched. topic: singorix/wbcs/controller_server__RPC__REQUEST, total match count: 1, current match count: 1
[2026-09-29 16:20:24.778 thread:96296 info dds_client_pub_listener.cc:20]:DDSClientPubListener matched. topic: singorix/wbcs/target_server__RPC__REQUEST, total match count: 1, current match count: 1
[2026-09-29 16:20:24.778 thread:96296 info dds_pub_listener.cc:19]:DDSPubListener matched. topic: singorix/wbcs/target, total match count: 1, current match count: 1
[2026-09-29 16:20:24.780 thread:96304 error channel_manager.cc:394]:newly added writer(belongs to node[singorix_wbcs_main|singorix_wbcs_main|4492])'s message type[galbot.singorix_proto.SingoriXSensor] does not match the exsited reader(belongs to node[Sensor#0|swallows|90176])'s message type[N6galbot6embosa7MessageE].
[2026-09-29 16:20:24.780 thread:96308 error channel_manager.cc:394]:newly added writer(belongs to node[singorix_wbcs_main|singorix_wbcs_main|4492])'s message type[galbot.singorix_proto.SingoriXError] does not match the exsited reader(belongs to node[Sensor#0|swallows|90176])'s message type[N6galbot6embosa7MessageE].
[2026-09-29 16:20:24.780 thread:96309 error channel_manager.cc:394]:newly added writer(belongs to node[singorix_wbcs_main|singorix_wbcs_main|4492])'s message type[galbot.singorix_proto.WBCInfo] does not match the exsited reader(belongs to node[Sensor#0|swallows|90176])'s message type[N6galbot6embosa7MessageE].
[2026-09-29 16:20:24.782 thread:96296 info dds_sub_serialization_listener.h:573]:DDSSubSerializationListener matched. topic: embosa_node_change_broadcast, total match count: 21, current match count: 21
[2026-09-29 16:20:24.782 thread:96296 info dds_sub_serialization_listener.h:573]:DDSSubSerializationListener matched. topic: embosa_channel_change_broadcast, total match count: 20, current match count: 20
[2026-09-29 16:20:24.783 thread:96296 info dds_sub_serialization_listener.h:573]:DDSSubSerializationListener matched. topic: embosa_service_change_broadcast, total match count: 20, current match count: 20
[2026-09-29 16:20:24.783 thread:96296 info dds_pub_listener.cc:19]:DDSPubListener matched. topic: embosa_node_change_broadcast, total match count: 16, current match count: 16
[2026-09-29 16:20:24.784 thread:96296 info dds_pub_listener.cc:19]:DDSPubListener matched. topic: embosa_channel_change_broadcast, total match count: 16, current match count: 16
[2026-09-29 16:20:24.784 thread:96296 info dds_pub_listener.cc:19]:DDSPubListener matched. topic: embosa_service_change_broadcast, total match count: 16, current match count: 16
[2026-09-29 16:20:24.795 thread:96296 info dds_sub_serialization_listener.h:573]:DDSSubSerializationListener matched. topic: embosa_node_change_broadcast, total match count: 22, current match count: 22
[2026-09-29 16:20:24.795 thread:96296 info dds_sub_serialization_listener.h:573]:DDSSubSerializationListener matched. topic: embosa_channel_change_broadcast, total match count: 21, current match count: 21
[2026-09-29 16:20:24.795 thread:96296 info dds_sub_serialization_listener.h:573]:DDSSubSerializationListener matched. topic: embosa_service_change_broadcast, total match count: 21, current match count: 21
[2026-09-29 16:20:24.795 thread:96296 info dds_sub_serialization_listener.h:573]:DDSSubSerializationListener matched. topic: /galbot/mission_manager/onboard_config, total match count: 2, current match count: 2
[2026-09-29 16:20:24.802 thread:96296 info dds_pub_listener.cc:19]:DDSPubListener matched. topic: embosa_node_change_broadcast, total match count: 17, current match count: 17
[2026-09-29 16:20:24.802 thread:96296 info dds_pub_listener.cc:19]:DDSPubListener matched. topic: embosa_channel_change_broadcast, total match count: 17, current match count: 17
[2026-09-29 16:20:24.802 thread:96296 info dds_pub_listener.cc:19]:DDSPubListener matched. topic: embosa_service_change_broadcast, total match count: 17, current match count: 17
[2026-09-29 16:20:24.810 thread:96301 error channel_manager.cc:394]:newly added reader(belongs to node[singorix_wbcs_main|singorix_wbcs_main|4492])'s message type[galbot.spatial_proto.PoseMsg] does not match the exsited reader(belongs to node[Sensor#0|swallows|90176])'s message type[N6galbot6embosa7MessageE].
[2026-09-29 16:20:24.837 thread:96267 info dds_serialization_dataclient.hpp:409]:Matched server, count: 1, topic: singorix/wbcs/target_server
[2026-09-29 16:20:24.868 thread:96296 info dds_sub_serialization_listener.h:573]:DDSSubSerializationListener matched. topic: embosa_node_change_broadcast, total match count: 23, current match count: 23
[2026-09-29 16:20:24.868 thread:96296 info dds_sub_serialization_listener.h:573]:DDSSubSerializationListener matched. topic: embosa_channel_change_broadcast, total match count: 22, current match count: 22
[2026-09-29 16:20:24.868 thread:96296 info dds_sub_serialization_listener.h:573]:DDSSubSerializationListener matched. topic: embosa_service_change_broadcast, total match count: 22, current match count: 22
[2026-09-29 16:20:24.868 thread:96296 info dds_pub_listener.cc:19]:DDSPubListener matched. topic: embosa_node_change_broadcast, total match count: 18, current match count: 18
[2026-09-29 16:20:24.868 thread:96296 info dds_pub_listener.cc:19]:DDSPubListener matched. topic: embosa_channel_change_broadcast, total match count: 18, current match count: 18
[2026-09-29 16:20:24.868 thread:96304 error channel_manager.cc:394]:newly added writer(belongs to node[version_node|devinfo_server|3622])'s message type[galbot.system_proto.mission_manager_proto.OnboardConfig] does not match the exsited reader(belongs to node[Sensor#0|swallows|90176])'s message type[N6galbot6embosa7MessageE].
[2026-09-29 16:20:24.868 thread:96296 info dds_pub_listener.cc:19]:DDSPubListener matched. topic: embosa_service_change_broadcast, total match count: 18, current match count: 18
[2026-09-29 16:20:24.885 thread:96296 info dds_pub_listener.cc:19]:DDSPubListener matched. topic: embosa_node_change_broadcast, total match count: 19, current match count: 19
[2026-09-29 16:20:24.885 thread:96296 info dds_pub_listener.cc:19]:DDSPubListener matched. topic: embosa_channel_change_broadcast, total match count: 19, current match count: 19
[2026-09-29 16:20:24.885 thread:96296 info dds_pub_listener.cc:19]:DDSPubListener matched. topic: embosa_service_change_broadcast, total match count: 19, current match count: 19
[2026-09-29 16:20:24.885 thread:96296 info dds_sub_serialization_listener.h:573]:DDSSubSerializationListener matched. topic: embosa_node_change_broadcast, total match count: 24, current match count: 24
[2026-09-29 16:20:24.885 thread:96296 info dds_sub_serialization_listener.h:573]:DDSSubSerializationListener matched. topic: embosa_channel_change_broadcast, total match count: 23, current match count: 23
[2026-09-29 16:20:24.885 thread:96296 info dds_sub_serialization_listener.h:573]:DDSSubSerializationListener matched. topic: embosa_service_change_broadcast, total match count: 23, current match count: 23
[2026-09-29 16:20:24.887 thread:96306 error channel_manager.cc:380]:newly added reader(belongs to node[gateway_server|gateway_service|3619])'s message type[embosa_plain_message_type] does not match the exsited writer(belongs to node[aphropm_pns|service_navigation_plan|90172])'s message type[galbot.gateway_proto.BusinessFrame].
[2026-09-29 16:20:24.887 thread:96306 error channel_manager.cc:380]:newly added reader(belongs to node[gateway_server|gateway_service|3619])'s message type[embosa_plain_message_type] does not match the exsited writer(belongs to node[diagnose_process_node|diagnose|3616])'s message type[galbot.gateway_proto.BusinessFrame].
[2026-09-29 16:20:24.887 thread:96306 error channel_manager.cc:394]:newly added reader(belongs to node[gateway_server|gateway_service|3619])'s message type[embosa_plain_message_type] does not match the exsited reader(belongs to node[diagnose_demo_node|galbot_chassis_service|3924])'s message type[galbot.gateway_proto.BusinessFrame].
[2026-09-29 16:20:24.887 thread:96296 info dds_pub_listener.cc:19]:DDSPubListener matched. topic: embosa_node_change_broadcast, total match count: 20, current match count: 20
[2026-09-29 16:20:24.889 thread:96296 info dds_pub_listener.cc:19]:DDSPubListener matched. topic: embosa_channel_change_broadcast, total match count: 20, current match count: 20
[2026-09-29 16:20:24.889 thread:96296 info dds_pub_listener.cc:19]:DDSPubListener matched. topic: embosa_service_change_broadcast, total match count: 20, current match count: 20
[2026-09-29 16:20:24.894 thread:96296 info dds_sub_serialization_listener.h:573]:DDSSubSerializationListener matched. topic: embosa_node_change_broadcast, total match count: 25, current match count: 25
[2026-09-29 16:20:24.894 thread:96296 info dds_sub_serialization_listener.h:573]:DDSSubSerializationListener matched. topic: embosa_channel_change_broadcast, total match count: 24, current match count: 24
[2026-09-29 16:20:24.894 thread:96296 info dds_sub_serialization_listener.h:573]:DDSSubSerializationListener matched. topic: embosa_service_change_broadcast, total match count: 24, current match count: 24
[2026-09-29 16:20:24.918 thread:96296 info dds_pub_listener.cc:19]:DDSPubListener matched. topic: embosa_node_change_broadcast, total match count: 21, current match count: 21
[2026-09-29 16:20:24.918 thread:96296 info dds_pub_listener.cc:19]:DDSPubListener matched. topic: embosa_channel_change_broadcast, total match count: 21, current match count: 21
[2026-09-29 16:20:24.918 thread:96296 info dds_pub_listener.cc:19]:DDSPubListener matched. topic: embosa_service_change_broadcast, total match count: 21, current match count: 21
[2026-09-29 16:20:24.918 thread:96296 info dds_sub_serialization_listener.h:573]:DDSSubSerializationListener matched. topic: embosa_node_change_broadcast, total match count: 26, current match count: 26
[2026-09-29 16:20:24.918 thread:96296 info dds_sub_serialization_listener.h:573]:DDSSubSerializationListener matched. topic: embosa_channel_change_broadcast, total match count: 25, current match count: 25
[2026-09-29 16:20:24.918 thread:96296 info dds_sub_serialization_listener.h:573]:DDSSubSerializationListener matched. topic: embosa_service_change_broadcast, total match count: 25, current match count: 25
[2026-09-29 16:20:24.938 thread:96267 info dds_serialization_dataclient.hpp:409]:Matched server, count: 1, topic: singorix/wbcs/controller_server
[2026-09-29 16:20:24.948 thread:96298 warning dds_sub_serialization_listener.h:520]:DDSSubSerializationListener: data used time 64 ms, over sub threshold 50 ms, topic: singorix/wbcs/sensor, index: 135990
[2026-09-29 16:20:25.038 thread:96267 info init.h:15]:EmbOSA build version: V9.1.2
[2026-09-29 16:20:25.041 thread:96267 info dds_node_factory.cpp:526]:Successfully created DataReader for topic: /galbot/mic
[2026-09-29 16:20:25.046 thread:96267 info dds_node_factory.cpp:344]:Successfully created DataWriter for topic: /galbot/spk
[2026-09-29 16:20:25.154 thread:96295 info dds_sub_serialization_listener.h:573]:DDSSubSerializationListener matched. topic: embosa_node_change_broadcast, total match count: 27, current match count: 27
[2026-09-29 16:20:25.154 thread:96295 info dds_sub_serialization_listener.h:573]:DDSSubSerializationListener matched. topic: embosa_node_change_broadcast, total match count: 28, current match count: 28
[2026-09-29 16:20:25.155 thread:96295 info dds_pub_listener.cc:19]:DDSPubListener matched. topic: embosa_node_change_broadcast, total match count: 22, current match count: 22
[2026-09-29 16:20:25.156 thread:96295 info dds_pub_listener.cc:19]:DDSPubListener matched. topic: embosa_channel_change_broadcast, total match count: 22, current match count: 22
[2026-09-29 16:20:25.156 thread:96295 info dds_pub_listener.cc:19]:DDSPubListener matched. topic: embosa_service_change_broadcast, total match count: 22, current match count: 22
[2026-09-29 16:20:25.158 thread:96295 info dds_sub_serialization_listener.h:573]:DDSSubSerializationListener matched. topic: embosa_node_change_broadcast, total match count: 29, current match count: 29
[2026-09-29 16:20:25.158 thread:96295 info dds_sub_serialization_listener.h:573]:DDSSubSerializationListener matched. topic: embosa_channel_change_broadcast, total match count: 26, current match count: 26
[2026-09-29 16:20:25.158 thread:96295 info dds_sub_serialization_listener.h:573]:DDSSubSerializationListener matched. topic: embosa_service_change_broadcast, total match count: 26, current match count: 26
[2026-09-29 16:20:25.159 thread:96295 info dds_sub_serialization_listener.h:573]:DDSSubSerializationListener matched. topic: embosa_channel_change_broadcast, total match count: 27, current match count: 27
[2026-09-29 16:20:25.160 thread:96295 info dds_sub_serialization_listener.h:573]:DDSSubSerializationListener matched. topic: embosa_channel_change_broadcast, total match count: 28, current match count: 28
[2026-09-29 16:20:25.161 thread:96295 info dds_pub_listener.cc:19]:DDSPubListener matched. topic: embosa_node_change_broadcast, total match count: 23, current match count: 23
[2026-09-29 16:20:25.161 thread:96295 info dds_pub_listener.cc:19]:DDSPubListener matched. topic: embosa_channel_change_broadcast, total match count: 23, current match count: 23
[2026-09-29 16:20:25.161 thread:96295 info dds_pub_listener.cc:19]:DDSPubListener matched. topic: embosa_service_change_broadcast, total match count: 23, current match count: 23
[2026-09-29 16:20:25.162 thread:96295 info dds_pub_listener.cc:19]:DDSPubListener matched. topic: embosa_node_change_broadcast, total match count: 24, current match count: 24
[2026-09-29 16:20:25.164 thread:96295 info dds_pub_listener.cc:19]:DDSPubListener matched. topic: embosa_channel_change_broadcast, total match count: 24, current match count: 24
[2026-09-29 16:20:25.164 thread:96295 info dds_pub_listener.cc:19]:DDSPubListener matched. topic: embosa_node_change_broadcast, total match count: 25, current match count: 25
[2026-09-29 16:20:25.165 thread:96295 info dds_pub_listener.cc:19]:DDSPubListener matched. topic: embosa_channel_change_broadcast, total match count: 25, current match count: 25
[2026-09-29 16:20:25.166 thread:96295 info dds_pub_listener.cc:19]:DDSPubListener matched. topic: embosa_service_change_broadcast, total match count: 24, current match count: 24
[2026-09-29 16:20:25.167 thread:96295 info dds_pub_listener.cc:19]:DDSPubListener matched. topic: embosa_node_change_broadcast, total match count: 26, current match count: 26
[2026-09-29 16:20:25.168 thread:96295 info dds_pub_listener.cc:19]:DDSPubListener matched. topic: embosa_channel_change_broadcast, total match count: 26, current match count: 26
[2026-09-29 16:20:25.168 thread:96295 info dds_sub_serialization_listener.h:573]:DDSSubSerializationListener matched. topic: embosa_service_change_broadcast, total match count: 27, current match count: 27
[2026-09-29 16:20:25.169 thread:96295 info dds_pub_listener.cc:19]:DDSPubListener matched. topic: embosa_service_change_broadcast, total match count: 25, current match count: 25
[2026-09-29 16:20:25.169 thread:96295 info dds_pub_listener.cc:19]:DDSPubListener matched. topic: embosa_service_change_broadcast, total match count: 26, current match count: 26
[2026-09-29 16:20:25.172 thread:96295 info dds_sub_serialization_listener.h:573]:DDSSubSerializationListener matched. topic: embosa_channel_change_broadcast, total match count: 29, current match count: 29
[2026-09-29 16:20:25.194 thread:96295 info dds_pub_listener.cc:19]:DDSPubListener matched. topic: embosa_node_change_broadcast, total match count: 27, current match count: 27
[2026-09-29 16:20:25.196 thread:96295 info dds_pub_listener.cc:19]:DDSPubListener matched. topic: embosa_channel_change_broadcast, total match count: 27, current match count: 27
[2026-09-29 16:20:25.223 thread:96295 info dds_pub_listener.cc:19]:DDSPubListener matched. topic: embosa_service_change_broadcast, total match count: 27, current match count: 27
[2026-09-29 16:20:25.228 thread:96295 info dds_sub_serialization_listener.h:573]:DDSSubSerializationListener matched. topic: embosa_node_change_broadcast, total match count: 30, current match count: 30
[2026-09-29 16:20:25.239 thread:96295 info dds_sub_serialization_listener.h:573]:DDSSubSerializationListener matched. topic: /galbot/mic, total match count: 1, current match count: 1
[2026-09-29 16:20:25.239 thread:96291 warning RTPS_READER:237]:DDS Reader 01.0f.5c.69.0b.78.c2.b9.00.00.00.00|0.0.16.4 was configured to have a large history (5000 max samples), but the history size used with writer 01.0f.5c.69.70.5f.45.ee.00.00.00.00|0.0.9.3 will be 14 max samples.
[2026-09-29 16:20:25.239 thread:96295 info dds_sub_serialization_listener.h:573]:DDSSubSerializationListener matched. topic: embosa_channel_change_broadcast, total match count: 30, current match count: 30
[2026-09-29 16:20:25.240 thread:96295 info dds_pub_listener.cc:19]:DDSPubListener matched. topic: embosa_node_change_broadcast, total match count: 28, current match count: 28
[2026-09-29 16:20:25.243 thread:96295 info dds_sub_serialization_listener.h:573]:DDSSubSerializationListener matched. topic: embosa_node_change_broadcast, total match count: 31, current match count: 31
[2026-09-29 16:20:25.245 thread:96295 info dds_sub_serialization_listener.h:573]:DDSSubSerializationListener matched. topic: embosa_channel_change_broadcast, total match count: 31, current match count: 31
[2026-09-29 16:20:25.246 thread:96295 info dds_sub_serialization_listener.h:573]:DDSSubSerializationListener matched. topic: embosa_service_change_broadcast, total match count: 28, current match count: 28
[2026-09-29 16:20:25.250 thread:96295 info dds_sub_serialization_listener.h:573]:DDSSubSerializationListener matched. topic: embosa_service_change_broadcast, total match count: 29, current match count: 29
[2026-09-29 16:20:25.254 thread:96309 error channel_manager.cc:394]:newly added reader(belongs to node[hpu_context_node|hpu_launcher|89901])'s message type[galbot.system_proto.mission_manager_proto.MissionManagerMessage] does not match the exsited reader(belongs to node[Sensor#0|swallows|90176])'s message type[N6galbot6embosa7MessageE].
[2026-09-29 16:20:25.258 thread:96295 info dds_sub_serialization_listener.h:573]:DDSSubSerializationListener matched. topic: /embosa_tf, total match count: 4, current match count: 4
[2026-09-29 16:20:25.258 thread:96291 warning RTPS_READER:237]:DDS Reader 01.0f.5c.69.0b.78.c2.b9.00.00.00.00|0.0.9.4 was configured to have a large history (5000 max samples), but the history size used with writer 01.0f.5c.69.39.60.39.87.00.00.00.00|0.0.c.3 will be 7 max samples.
[2026-09-29 16:20:25.262 thread:96295 info dds_pub_listener.cc:19]:DDSPubListener matched. topic: embosa_node_change_broadcast, total match count: 29, current match count: 29
[2026-09-29 16:20:25.266 thread:96295 info dds_pub_listener.cc:19]:DDSPubListener matched. topic: embosa_channel_change_broadcast, total match count: 28, current match count: 28
[2026-09-29 16:20:25.266 thread:96306 error channel_manager.cc:394]:newly added reader(belongs to node[manage_node|hpu_launcher|89901])'s message type[galbot.perception_proto.DetectionResult] does not match the exsited reader(belongs to node[Sensor#0|swallows|90176])'s message type[N6galbot6embosa7MessageE].
[2026-09-29 16:20:25.268 thread:96295 info dds_pub_listener.cc:19]:DDSPubListener matched. topic: embosa_service_change_broadcast, total match count: 28, current match count: 28
[2026-09-29 16:20:25.277 thread:96295 info dds_pub_listener.cc:19]:DDSPubListener matched. topic: embosa_node_change_broadcast, total match count: 30, current match count: 30
[2026-09-29 16:20:25.287 thread:96291 warning RTPS_TRANSPORT_SHM:508]:DDS (ID:281471923237344) fastrtps_port23911No such file or directory
[2026-09-29 16:20:25.288 thread:96295 info dds_pub_listener.cc:19]:DDSPubListener matched. topic: embosa_channel_change_broadcast, total match count: 29, current match count: 29
[2026-09-29 16:20:25.293 thread:96308 error channel_manager.cc:394]:newly added writer(belongs to node[service_front_head_camera_sensor_capture|front_head_camera_capture|90169])'s message type[galbot.tf2_proto.TF2Message] does not match the exsited reader(belongs to node[Sensor#0|swallows|90176])'s message type[N6galbot6embosa7MessageE].
[2026-09-29 16:20:25.297 thread:96291 warning RTPS_TRANSPORT_SHM:508]:DDS (ID:281472605344224) fastrtps_port23911No such file or directory
[2026-09-29 16:20:25.297 thread:96291 warning RTPS_TRANSPORT_SHM:1182]:DDS (ID:281472605344224) Existing Port 23911 (9e8dbb8818ec1744) NOT Healthy.
[2026-09-29 16:20:25.297 thread:96291 warning RTPS_TRANSPORT_SHM:1187]:DDS (ID:281472605344224) Port 23911 (9e8dbb8818ec1744) Removed.
[2026-09-29 16:20:25.299 thread:96295 info dds_pub_listener.cc:19]:DDSPubListener matched. topic: embosa_service_change_broadcast, total match count: 29, current match count: 29
[2026-09-29 16:20:25.306 thread:96295 info dds_pub_listener.cc:19]:DDSPubListener matched. topic: /galbot/spk, total match count: 1, current match count: 1
[2026-09-29 16:20:25.312 thread:96303 error channel_manager.cc:394]:newly added writer(belongs to node[service_front_head_camera_sensor_capture|front_head_camera_capture|90169])'s message type[galbot.sensor_proto.CompressedImage] does not match the exsited reader(belongs to node[Sensor#0|swallows|90176])'s message type[N6galbot6embosa7MessageE].
[2026-09-29 16:20:25.326 thread:96303 error channel_manager.cc:394]:newly added writer(belongs to node[service_front_head_camera_sensor_capture|front_head_camera_capture|90169])'s message type[galbot.sensor_proto.CompressedImage] does not match the exsited reader(belongs to node[Sensor#0|swallows|90176])'s message type[N6galbot6embosa7MessageE].
[2026-09-29 16:20:25.344 thread:96291 warning RTPS_TRANSPORT_SHM:508]:DDS (ID:281471923237344) fastrtps_port23911No such file or directory
[2026-09-29 16:20:25.346 thread:96291 warning RTPS_TRANSPORT_SHM:1182]:DDS (ID:281471923237344) Existing Port 23911 (35e468879a12044b) NOT Healthy.
[2026-09-29 16:20:25.346 thread:96291 warning RTPS_TRANSPORT_SHM:1187]:DDS (ID:281471923237344) Port 23911 (35e468879a12044b) Removed.
[2026-09-29 16:20:25.350 thread:96291 warning RTPS_TRANSPORT_SHM:508]:DDS (ID:281471923237344) fastrtps_port23911No such file or directory
[2026-09-29 16:20:25.350 thread:96310 error channel_manager.cc:380]:newly added reader(belongs to node[vtn_spk_node|galbot_vtn|89968])'s message type[galbot.Audio] does not match the exsited writer(belongs to node[audio_transceiver_node|python3.11|96267])'s message type[galbot.sensor_proto.Audio].
[2026-09-29 16:20:25.351 thread:96291 warning RTPS_TRANSPORT_SHM:1182]:DDS (ID:281471923237344) Existing Port 23911 (292d58573dc4f0d7) NOT Healthy.
[2026-09-29 16:20:25.351 thread:96291 warning RTPS_TRANSPORT_SHM:1187]:DDS (ID:281471923237344) Port 23911 (292d58573dc4f0d7) Removed.
[2026-09-29 16:20:25.361 thread:96305 error channel_manager.cc:394]:newly added writer(belongs to node[vtn_mic_node|galbot_vtn|89968])'s message type[galbot.Audio] does not match the exsited reader(belongs to node[audio_transceiver_node|python3.11|96267])'s message type[galbot.sensor_proto.Audio].
[2026-09-29 16:20:25.371 thread:96306 error channel_manager.cc:380]:newly added reader(belongs to node[relocalization_server|relocalization_server|90764])'s message type[embosa_plain_message_type] does not match the exsited writer(belongs to node[/data/galbot/bin/service_lidar_capture|service_lidar_capture|90174])'s message type[galbot.sensor_proto.PointCloud2].
[2026-09-29 16:20:25.371 thread:96306 error channel_manager.cc:394]:newly added reader(belongs to node[relocalization_server|relocalization_server|90764])'s message type[embosa_plain_message_type] does not match the exsited reader(belongs to node[embosa_localization_node|localization_server|90171])'s message type[galbot.sensor_proto.PointCloud2].
[2026-09-29 16:20:25.371 thread:96306 error channel_manager.cc:394]:newly added reader(belongs to node[relocalization_server|relocalization_server|90764])'s message type[embosa_plain_message_type] does not match the exsited reader(belongs to node[Sensor#0|swallows|90176])'s message type[N6galbot6embosa7MessageE].
[2026-09-29 16:20:25.371 thread:96312 error channel_manager.cc:394]:newly added writer(belongs to node[galbot_fusion|galbot_fusion_main|90166])'s message type[galbot.perception_proto.TsdfGrid] does not match the exsited reader(belongs to node[Sensor#0|swallows|90176])'s message type[N6galbot6embosa7MessageE].
[2026-09-29 16:20:25.374 thread:96308 error channel_manager.cc:394]:newly added reader(belongs to node[relocalization_server|relocalization_server|90764])'s message type[galbot.tf2_proto.TF2Message] does not match the exsited reader(belongs to node[Sensor#0|swallows|90176])'s message type[N6galbot6embosa7MessageE].
[2026-09-29 16:20:25.381 thread:96311 error channel_manager.cc:394]:newly added reader(belongs to node[relocalization_server|relocalization_server|90764])'s message type[galbot.tf2_proto.TF2Message] does not match the exsited reader(belongs to node[Sensor#0|swallows|90176])'s message type[N6galbot6embosa7MessageE].
[2026-09-29 16:20:25.381 thread:96311 error channel_manager.cc:394]:newly added writer(belongs to node[service_front_head_camera_sensor_capture|front_head_camera_capture|90169])'s message type[galbot.sensor_proto.CameraInfo] does not match the exsited reader(belongs to node[Sensor#0|swallows|90176])'s message type[N6galbot6embosa7MessageE].
[2026-09-29 16:20:25.385 thread:96312 error channel_manager.cc:394]:newly added writer(belongs to node[service_front_head_camera_sensor_capture|front_head_camera_capture|90169])'s message type[galbot.sensor_proto.CameraInfo] does not match the exsited reader(belongs to node[Sensor#0|swallows|90176])'s message type[N6galbot6embosa7MessageE].
[2026-09-29 16:20:25.392 thread:96295 info dds_sub_serialization_listener.h:573]:DDSSubSerializationListener matched. topic: embosa_node_change_broadcast, total match count: 32, current match count: 32
[2026-09-29 16:20:25.395 thread:96295 info dds_sub_serialization_listener.h:573]:DDSSubSerializationListener matched. topic: embosa_channel_change_broadcast, total match count: 32, current match count: 32
[2026-09-29 16:20:25.396 thread:96307 error channel_manager.cc:394]:newly added reader(belongs to node[galbot_fusion|galbot_fusion_main|90166])'s message type[galbot.spatial_proto.PoseMsg] does not match the exsited reader(belongs to node[Sensor#0|swallows|90176])'s message type[N6galbot6embosa7MessageE].
[2026-09-29 16:20:25.396 thread:96295 info dds_sub_serialization_listener.h:573]:DDSSubSerializationListener matched. topic: embosa_service_change_broadcast, total match count: 30, current match count: 30
[2026-09-29 16:20:25.397 thread:96311 error channel_manager.cc:394]:newly added reader(belongs to node[galbot_fusion|galbot_fusion_main|90166])'s message type[galbot.sensor_proto.PointCloud2] does not match the exsited reader(belongs to node[relocalization_server|relocalization_server|90764])'s message type[embosa_plain_message_type].
[2026-09-29 16:20:25.397 thread:96311 error channel_manager.cc:394]:newly added reader(belongs to node[galbot_fusion|galbot_fusion_main|90166])'s message type[galbot.sensor_proto.PointCloud2] does not match the exsited reader(belongs to node[Sensor#0|swallows|90176])'s message type[N6galbot6embosa7MessageE].
[2026-09-29 16:20:25.399 thread:96291 warning RTPS_READER:237]:DDS Reader 01.0f.5c.69.0b.78.c2.b9.00.00.00.00|0.0.9.4 was configured to have a large history (5000 max samples), but the history size used with writer 01.0f.5c.69.48.60.54.b8.00.00.00.00|0.0.a.3 will be 7 max samples.
[2026-09-29 16:20:25.399 thread:96295 info dds_sub_serialization_listener.h:573]:DDSSubSerializationListener matched. topic: /embosa_tf, total match count: 5, current match count: 5
[2026-09-29 16:20:25.400 thread:96291 warning RTPS_READER:237]:DDS Reader 01.0f.5c.69.0b.78.c2.b9.00.00.00.00|0.0.7.4 was configured to have a large history (5000 max samples), but the history size used with writer 01.0f.5c.69.48.60.54.b8.00.00.00.00|0.0.c.3 will be 7 max samples.
[2026-09-29 16:20:25.400 thread:96295 info dds_sub_serialization_listener.h:573]:DDSSubSerializationListener matched. topic: /left_arm_camera/color/image_raw, total match count: 1, current match count: 1
[2026-09-29 16:20:25.400 thread:96291 warning RTPS_READER:237]:DDS Reader 01.0f.5c.69.0b.78.c2.b9.00.00.00.00|0.0.8.4 was configured to have a large history (5000 max samples), but the history size used with writer 01.0f.5c.69.48.60.54.b8.00.00.00.00|0.0.10.3 will be 7 max samples.
[2026-09-29 16:20:25.400 thread:96295 info dds_sub_serialization_listener.h:573]:DDSSubSerializationListener matched. topic: /left_arm_camera/color/camera_info, total match count: 1, current match count: 1
[2026-09-29 16:20:25.412 thread:96306 error channel_manager.cc:394]:newly added reader(belongs to node[galbot_fusion|galbot_fusion_main|90166])'s message type[galbot.tf2_proto.TF2Message] does not match the exsited reader(belongs to node[Sensor#0|swallows|90176])'s message type[N6galbot6embosa7MessageE].
[2026-09-29 16:20:25.413 thread:96304 error channel_manager.cc:394]:newly added reader(belongs to node[galbot_fusion|galbot_fusion_main|90166])'s message type[galbot.tf2_proto.TF2Message] does not match the exsited reader(belongs to node[Sensor#0|swallows|90176])'s message type[N6galbot6embosa7MessageE].
[2026-09-29 16:20:25.483 thread:96306 error channel_manager.cc:394]:newly added writer(belongs to node[service_left_arm_camera_sensor_capture|left_arm_camera_capture|90184])'s message type[galbot.tf2_proto.TF2Message] does not match the exsited reader(belongs to node[Sensor#0|swallows|90176])'s message type[N6galbot6embosa7MessageE].
[2026-09-29 16:20:25.485 thread:96312 error channel_manager.cc:394]:newly added writer(belongs to node[service_left_arm_camera_sensor_capture|left_arm_camera_capture|90184])'s message type[galbot.sensor_proto.CompressedImage] does not match the exsited reader(belongs to node[Sensor#0|swallows|90176])'s message type[N6galbot6embosa7MessageE].
[2026-09-29 16:20:25.489 thread:96309 error channel_manager.cc:394]:newly added writer(belongs to node[service_left_arm_camera_sensor_capture|left_arm_camera_capture|90184])'s message type[galbot.sensor_proto.CameraInfo] does not match the exsited reader(belongs to node[Sensor#0|swallows|90176])'s message type[N6galbot6embosa7MessageE].
[2026-09-29 16:20:26.159 thread:96295 info dds_pub_listener.cc:19]:DDSPubListener matched. topic: embosa_node_change_broadcast, total match count: 31, current match count: 31
[2026-09-29 16:20:26.162 thread:96295 info dds_pub_listener.cc:19]:DDSPubListener matched. topic: embosa_channel_change_broadcast, total match count: 30, current match count: 30
[2026-09-29 16:20:26.163 thread:96295 info dds_sub_serialization_listener.h:573]:DDSSubSerializationListener matched. topic: embosa_service_change_broadcast, total match count: 31, current match count: 31
[2026-09-29 16:20:26.164 thread:96295 info dds_pub_listener.cc:19]:DDSPubListener matched. topic: embosa_service_change_broadcast, total match count: 30, current match count: 30
[2026-09-29 16:20:26.170 thread:96295 info dds_sub_serialization_listener.h:573]:DDSSubSerializationListener matched. topic: embosa_service_change_broadcast, total match count: 32, current match count: 32
[2026-09-29 16:20:26.172 thread:96295 info dds_pub_listener.cc:19]:DDSPubListener matched. topic: embosa_node_change_broadcast, total match count: 32, current match count: 32
[2026-09-29 16:20:26.174 thread:96295 info dds_pub_listener.cc:19]:DDSPubListener matched. topic: embosa_channel_change_broadcast, total match count: 31, current match count: 31
[2026-09-29 16:20:26.175 thread:96295 info dds_pub_listener.cc:19]:DDSPubListener matched. topic: embosa_service_change_broadcast, total match count: 31, current match count: 31
[2026-09-29 16:20:26.179 thread:96295 info dds_pub_listener.cc:19]:DDSPubListener matched. topic: embosa_channel_change_broadcast, total match count: 32, current match count: 32
[2026-09-29 16:20:26.180 thread:96295 info dds_pub_listener.cc:19]:DDSPubListener matched. topic: embosa_service_change_broadcast, total match count: 32, current match count: 32
