[2026-09-29 13:28:37.470 thread:1105166 info galbot_robot_g1.cpp:23]:GalbotRobotG1 init 1.8.1
[2026-09-29 13:28:37.530 thread:1105166 info sensor_base.cpp:339]:wbc_node create success
[2026-09-29 13:28:37.575 thread:1105166 info sensor_base.cpp:500]:create robot_sensor_reader /front_head_camera/right_color/image_raw success.
[2026-09-29 13:28:37.579 thread:1105166 info sensor_base.cpp:511]:create robot_sensor_reader /front_head_camera/right_color/camera_info success.
[2026-09-29 13:28:37.598 thread:1105166 info sensor_base.cpp:526]:create robot_sensor_reader /left_arm_camera/color/image_raw success.
[2026-09-29 13:28:37.601 thread:1105166 info sensor_base.cpp:536]:create robot_sensor_reader /left_arm_camera/color/camera_info success.
[2026-09-29 13:28:37.628 thread:1105166 info sensor_base.cpp:576]:create robot_sensor_reader /right_arm_camera/color/image_raw success.
[2026-09-29 13:28:37.634 thread:1105166 info sensor_base.cpp:586]:create robot_sensor_reader /right_arm_camera/color/camera_info success.
[2026-09-29 13:28:37.634 thread:1105166 info sensor_base.cpp:703]:sensor interface init success
[2026-09-29 13:28:37.653 thread:1105166 info system_base.cpp:57]:create onboard_config_reader success
[2026-09-29 13:28:37.657 thread:1105166 info system_base.cpp:66]:create bms_info_reader success
[2026-09-29 13:28:37.657 thread:1105166 info system_base.cpp:68]:SystemBase init success
[2026-09-29 13:28:37.657 thread:1105166 info system_base.cpp:72]:SystemBase::init
[2026-09-29 13:28:37.661 thread:1105166 info wbc_base.cpp:42]:create wbcs_target_writer singorix/wbcs/target success.
[2026-09-29 13:28:37.698 thread:1105166 info wbc_base.cpp:50]:create wbcs_target_client singorix/wbcs/target_server success.
[2026-09-29 13:28:37.730 thread:1105166 info wbc_base.cpp:58]:create wbcs_controller_client singorix/wbcs/controller_server success.
[2026-09-29 13:28:37.738 thread:1105166 info wbc_base.cpp:80]:create robot_error_reader singorix/wbcs/error success.
[2026-09-29 13:28:37.743 thread:1105166 info wbc_base.cpp:87]:create wbc_info_reader singorix/wbcs/wbc_info success.
[2026-09-29 13:28:37.750 thread:1105166 info wbc_base.cpp:94]:create robot_sensor_reader singorix/wbcs/sensor success.
[2026-09-29 13:28:37.756 thread:1105166 info wbc_base.cpp:101]:create odom_reader /odom/base_link success.
[2026-09-29 13:28:37.756 thread:1105166 info wbc_base.cpp:103]:wbc interface init success
[2026-09-29 13:28:38.261 thread:1105166 info audio_base.cpp:117]:create audio reader success.
[2026-09-29 13:28:38.263 thread:1105166 info audio_base.cpp:125]:create audio writer success.
[2026-09-29 13:28:38.263 thread:1105166 info audio_base.cpp:300]:audio_pb->type(): spk_volume_set audio_pb->format(): json audio_pb->data().size(): 15
[2026-09-29 13:28:38.263 thread:1105166 info audio_base.cpp:131]:audio transceiver init success
[2026-09-29 13:28:47.852 thread:1105166 error sensor_base.cpp:811]:get_rgb_data error,data fetch failed
[2026-09-29 13:28:47.852 thread:1105166 info system_base.cpp:99]:SystemBase::request_shutdown
[2026-09-29 13:28:47.852 thread:1105166 info system_base.cpp:82]:SystemBase::wait_for_shutdown
[2026-09-29 13:28:48.352 thread:1105166 info system_base.cpp:87]:SystemBase::destroy
