[2026-09-29 15:43:26.911 thread:41916 info galbot_robot_g1.cpp:23]:GalbotRobotG1 init 1.8.1
[2026-09-29 15:43:27.005 thread:41916 info sensor_base.cpp:339]:wbc_node create success
[2026-09-29 15:43:27.036 thread:41916 info sensor_base.cpp:500]:create robot_sensor_reader /front_head_camera/right_color/image_raw success.
[2026-09-29 15:43:27.062 thread:41916 info sensor_base.cpp:511]:create robot_sensor_reader /front_head_camera/right_color/camera_info success.
[2026-09-29 15:43:27.099 thread:41916 info sensor_base.cpp:526]:create robot_sensor_reader /left_arm_camera/color/image_raw success.
[2026-09-29 15:43:27.125 thread:41916 info sensor_base.cpp:536]:create robot_sensor_reader /left_arm_camera/color/camera_info success.
[2026-09-29 15:43:27.182 thread:41916 info sensor_base.cpp:576]:create robot_sensor_reader /right_arm_camera/color/image_raw success.
[2026-09-29 15:43:27.191 thread:41916 info sensor_base.cpp:586]:create robot_sensor_reader /right_arm_camera/color/camera_info success.
[2026-09-29 15:43:27.191 thread:41916 info sensor_base.cpp:703]:sensor interface init success
[2026-09-29 15:43:27.234 thread:41916 info system_base.cpp:57]:create onboard_config_reader success
[2026-09-29 15:43:27.255 thread:41916 info system_base.cpp:66]:create bms_info_reader success
[2026-09-29 15:43:27.255 thread:41916 info system_base.cpp:68]:SystemBase init success
[2026-09-29 15:43:27.255 thread:41916 info system_base.cpp:72]:SystemBase::init
[2026-09-29 15:43:27.275 thread:41916 info wbc_base.cpp:42]:create wbcs_target_writer singorix/wbcs/target success.
[2026-09-29 15:43:27.324 thread:41916 info wbc_base.cpp:50]:create wbcs_target_client singorix/wbcs/target_server success.
[2026-09-29 15:43:27.377 thread:41916 info wbc_base.cpp:58]:create wbcs_controller_client singorix/wbcs/controller_server success.
[2026-09-29 15:43:27.401 thread:41916 info wbc_base.cpp:80]:create robot_error_reader singorix/wbcs/error success.
[2026-09-29 15:43:27.431 thread:41916 info wbc_base.cpp:87]:create wbc_info_reader singorix/wbcs/wbc_info success.
[2026-09-29 15:43:27.444 thread:41916 info wbc_base.cpp:94]:create robot_sensor_reader singorix/wbcs/sensor success.
[2026-09-29 15:43:27.466 thread:41916 info wbc_base.cpp:101]:create odom_reader /odom/base_link success.
[2026-09-29 15:43:27.466 thread:41916 info wbc_base.cpp:103]:wbc interface init success
[2026-09-29 15:43:27.721 thread:41916 info audio_base.cpp:117]:create audio reader success.
[2026-09-29 15:43:27.726 thread:41916 info audio_base.cpp:125]:create audio writer success.
[2026-09-29 15:43:27.726 thread:41916 info audio_base.cpp:300]:audio_pb->type(): spk_volume_set audio_pb->format(): json audio_pb->data().size(): 15
[2026-09-29 15:43:27.726 thread:41916 info audio_base.cpp:131]:audio transceiver init success
[2026-09-29 15:43:33.895 thread:41916 error sensor_base.cpp:811]:get_rgb_data error,data fetch failed
[2026-09-29 15:43:35.895 thread:41916 error sensor_base.cpp:811]:get_rgb_data error,data fetch failed
[2026-09-29 15:43:37.895 thread:41916 error sensor_base.cpp:811]:get_rgb_data error,data fetch failed
[2026-09-29 15:43:39.895 thread:41916 error sensor_base.cpp:811]:get_rgb_data error,data fetch failed
[2026-09-29 15:43:41.895 thread:41916 error sensor_base.cpp:811]:get_rgb_data error,data fetch failed
[2026-09-29 15:43:43.896 thread:41916 error sensor_base.cpp:811]:get_rgb_data error,data fetch failed
[2026-09-29 15:43:45.896 thread:41916 error sensor_base.cpp:811]:get_rgb_data error,data fetch failed
[2026-09-29 15:43:47.896 thread:41916 error sensor_base.cpp:811]:get_rgb_data error,data fetch failed
[2026-09-29 15:43:49.896 thread:41916 error sensor_base.cpp:811]:get_rgb_data error,data fetch failed
[2026-09-29 15:43:51.896 thread:41916 error sensor_base.cpp:811]:get_rgb_data error,data fetch failed
[2026-09-29 15:43:53.896 thread:41916 error sensor_base.cpp:811]:get_rgb_data error,data fetch failed
[2026-09-29 15:43:55.897 thread:41916 error sensor_base.cpp:811]:get_rgb_data error,data fetch failed
[2026-09-29 15:43:57.897 thread:41916 info system_base.cpp:99]:SystemBase::request_shutdown
[2026-09-29 15:43:57.897 thread:41916 info system_base.cpp:82]:SystemBase::wait_for_shutdown
[2026-09-29 15:43:58.597 thread:41916 info system_base.cpp:87]:SystemBase::destroy
