[2026-09-29 16:19:57.813 thread:93798 info galbot_robot_g1.cpp:23]:GalbotRobotG1 init 1.8.1
[2026-09-29 16:19:57.933 thread:93798 info sensor_base.cpp:339]:wbc_node create success
[2026-09-29 16:19:57.989 thread:93798 info sensor_base.cpp:526]:create robot_sensor_reader /left_arm_camera/color/image_raw success.
[2026-09-29 16:19:58.004 thread:93798 info sensor_base.cpp:536]:create robot_sensor_reader /left_arm_camera/color/camera_info success.
[2026-09-29 16:19:58.005 thread:93798 info sensor_base.cpp:703]:sensor interface init success
[2026-09-29 16:19:58.047 thread:93798 info system_base.cpp:57]:create onboard_config_reader success
[2026-09-29 16:19:58.072 thread:93798 info system_base.cpp:66]:create bms_info_reader success
[2026-09-29 16:19:58.072 thread:93798 info system_base.cpp:68]:SystemBase init success
[2026-09-29 16:19:58.072 thread:93798 info system_base.cpp:72]:SystemBase::init
[2026-09-29 16:19:58.094 thread:93798 info wbc_base.cpp:42]:create wbcs_target_writer singorix/wbcs/target success.
[2026-09-29 16:19:58.153 thread:93798 info wbc_base.cpp:50]:create wbcs_target_client singorix/wbcs/target_server success.
[2026-09-29 16:19:58.220 thread:93798 info wbc_base.cpp:58]:create wbcs_controller_client singorix/wbcs/controller_server success.
[2026-09-29 16:19:58.230 thread:93798 info wbc_base.cpp:80]:create robot_error_reader singorix/wbcs/error success.
[2026-09-29 16:19:58.250 thread:93798 info wbc_base.cpp:87]:create wbc_info_reader singorix/wbcs/wbc_info success.
[2026-09-29 16:19:58.279 thread:93798 info wbc_base.cpp:94]:create robot_sensor_reader singorix/wbcs/sensor success.
[2026-09-29 16:19:58.300 thread:93798 info wbc_base.cpp:101]:create odom_reader /odom/base_link success.
[2026-09-29 16:19:58.300 thread:93798 info wbc_base.cpp:103]:wbc interface init success
[2026-09-29 16:19:58.706 thread:93798 info audio_base.cpp:117]:create audio reader success.
[2026-09-29 16:19:58.711 thread:93798 info audio_base.cpp:125]:create audio writer success.
[2026-09-29 16:19:58.711 thread:93798 info audio_base.cpp:300]:audio_pb->type(): spk_volume_set audio_pb->format(): json audio_pb->data().size(): 15
[2026-09-29 16:19:58.711 thread:93798 info audio_base.cpp:131]:audio transceiver init success
[2026-09-29 16:20:02.909 thread:93798 info sensor_base.cpp:814]:get_rgb_data success
